ARM GAS  /tmp/cc8ZrAno.s 			page 1


   1              		.cpu cortex-m3
   2              		.arch armv7-m
   3              		.fpu softvfp
   4              		.eabi_attribute 20, 1
   5              		.eabi_attribute 21, 1
   6              		.eabi_attribute 23, 3
   7              		.eabi_attribute 24, 1
   8              		.eabi_attribute 25, 1
   9              		.eabi_attribute 26, 1
  10              		.eabi_attribute 30, 1
  11              		.eabi_attribute 34, 1
  12              		.eabi_attribute 18, 4
  13              		.file	"adc.c"
  14              		.text
  15              	.Ltext0:
  16              		.cfi_sections	.debug_frame
  17              		.file 1 "Core/Src/adc.c"
  18              		.section	.text.MX_ADC1_Init,"ax",%progbits
  19              		.align	1
  20              		.global	MX_ADC1_Init
  21              		.syntax unified
  22              		.thumb
  23              		.thumb_func
  25              	MX_ADC1_Init:
  26              	.LFB65:
   1:Core/Src/adc.c **** #include "adc.h"
   2:Core/Src/adc.c **** 
   3:Core/Src/adc.c **** /*
   4:Core/Src/adc.c ****  * ADC1 DMAバッファ
   5:Core/Src/adc.c ****  *   adc_buf[0] = ADC1_IN8 = PB0 = LEFT   (Rank 1)
   6:Core/Src/adc.c ****  *   adc_buf[1] = ADC1_IN9 = PB1 = RIGHT  (Rank 2)
   7:Core/Src/adc.c ****  */
   8:Core/Src/adc.c **** volatile uint16_t adc_buf[ADC_BUF_SIZE];
   9:Core/Src/adc.c **** 
  10:Core/Src/adc.c **** ADC_HandleTypeDef hadc1;
  11:Core/Src/adc.c **** DMA_HandleTypeDef hdma_adc1;
  12:Core/Src/adc.c **** 
  13:Core/Src/adc.c **** /**
  14:Core/Src/adc.c ****   * @brief ADC1 Initialization Function
  15:Core/Src/adc.c ****   *
  16:Core/Src/adc.c ****   * .ioc設定準拠:
  17:Core/Src/adc.c ****   *   CH8(Rank1) -> CH9(Rank2), SamplingTime = 13.5 cycles
  18:Core/Src/adc.c ****   *   ExternalTrigConv = ADC_EXTERNALTRIGCONV_T3_TRGO (TIM3のTRGO)
  19:Core/Src/adc.c ****   *   NbrOfConversion = 2, DMA循環転送
  20:Core/Src/adc.c ****   *
  21:Core/Src/adc.c ****   * ※ .iocにはTIM3のIPが含まれていませんが、ExternalTrigConvが
  22:Core/Src/adc.c ****   *    T3_TRGO を指しているため、tim.c 側でTIM3を追加構成しています。
  23:Core/Src/adc.c ****   * @retval None
  24:Core/Src/adc.c ****   */
  25:Core/Src/adc.c **** void MX_ADC1_Init(void)
  26:Core/Src/adc.c **** {
  27              		.loc 1 26 1 view -0
  28              		.cfi_startproc
  29              		@ args = 0, pretend = 0, frame = 16
  30              		@ frame_needed = 0, uses_anonymous_args = 0
  31 0000 00B5     		push	{lr}
  32              	.LCFI0:
ARM GAS  /tmp/cc8ZrAno.s 			page 2


  33              		.cfi_def_cfa_offset 4
  34              		.cfi_offset 14, -4
  35 0002 85B0     		sub	sp, sp, #20
  36              	.LCFI1:
  37              		.cfi_def_cfa_offset 24
  27:Core/Src/adc.c ****   ADC_ChannelConfTypeDef sConfig = {0};
  38              		.loc 1 27 3 view .LVU1
  39              		.loc 1 27 26 is_stmt 0 view .LVU2
  40 0004 0023     		movs	r3, #0
  41 0006 0193     		str	r3, [sp, #4]
  42 0008 0293     		str	r3, [sp, #8]
  43 000a 0393     		str	r3, [sp, #12]
  28:Core/Src/adc.c **** 
  29:Core/Src/adc.c ****   hadc1.Instance                   = ADC1;
  44              		.loc 1 29 3 is_stmt 1 view .LVU3
  45              		.loc 1 29 36 is_stmt 0 view .LVU4
  46 000c 1848     		ldr	r0, .L9
  47 000e 194A     		ldr	r2, .L9+4
  48 0010 0260     		str	r2, [r0]
  30:Core/Src/adc.c ****   hadc1.Init.ScanConvMode          = ADC_SCAN_ENABLE;
  49              		.loc 1 30 3 is_stmt 1 view .LVU5
  50              		.loc 1 30 36 is_stmt 0 view .LVU6
  51 0012 4FF48072 		mov	r2, #256
  52 0016 8260     		str	r2, [r0, #8]
  31:Core/Src/adc.c ****   hadc1.Init.ContinuousConvMode    = DISABLE;
  53              		.loc 1 31 3 is_stmt 1 view .LVU7
  54              		.loc 1 31 36 is_stmt 0 view .LVU8
  55 0018 0373     		strb	r3, [r0, #12]
  32:Core/Src/adc.c ****   hadc1.Init.DiscontinuousConvMode = DISABLE;
  56              		.loc 1 32 3 is_stmt 1 view .LVU9
  57              		.loc 1 32 36 is_stmt 0 view .LVU10
  58 001a 0375     		strb	r3, [r0, #20]
  33:Core/Src/adc.c ****   hadc1.Init.ExternalTrigConv      = ADC_EXTERNALTRIGCONV_T3_TRGO;
  59              		.loc 1 33 3 is_stmt 1 view .LVU11
  60              		.loc 1 33 36 is_stmt 0 view .LVU12
  61 001c 4FF40022 		mov	r2, #524288
  62 0020 C261     		str	r2, [r0, #28]
  34:Core/Src/adc.c ****   hadc1.Init.DataAlign              = ADC_DATAALIGN_RIGHT;
  63              		.loc 1 34 3 is_stmt 1 view .LVU13
  64              		.loc 1 34 37 is_stmt 0 view .LVU14
  65 0022 4360     		str	r3, [r0, #4]
  35:Core/Src/adc.c ****   hadc1.Init.NbrOfConversion       = 2;
  66              		.loc 1 35 3 is_stmt 1 view .LVU15
  67              		.loc 1 35 36 is_stmt 0 view .LVU16
  68 0024 0223     		movs	r3, #2
  69 0026 0361     		str	r3, [r0, #16]
  36:Core/Src/adc.c ****   if (HAL_ADC_Init(&hadc1) != HAL_OK)
  70              		.loc 1 36 3 is_stmt 1 view .LVU17
  71              		.loc 1 36 7 is_stmt 0 view .LVU18
  72 0028 FFF7FEFF 		bl	HAL_ADC_Init
  73              	.LVL0:
  74              		.loc 1 36 6 discriminator 1 view .LVU19
  75 002c B0B9     		cbnz	r0, .L6
  76              	.L2:
  37:Core/Src/adc.c ****   {
  38:Core/Src/adc.c ****     Error_Handler();
  39:Core/Src/adc.c ****   }
ARM GAS  /tmp/cc8ZrAno.s 			page 3


  40:Core/Src/adc.c **** 
  41:Core/Src/adc.c ****   /* Rank-0 : Channel-0 = ADC_CHANNEL_8 (LEFT) */
  42:Core/Src/adc.c ****   sConfig.Channel      = ADC_CHANNEL_8;
  77              		.loc 1 42 3 is_stmt 1 view .LVU20
  78              		.loc 1 42 24 is_stmt 0 view .LVU21
  79 002e 0823     		movs	r3, #8
  80 0030 0193     		str	r3, [sp, #4]
  43:Core/Src/adc.c ****   sConfig.Rank         = ADC_REGULAR_RANK_1;
  81              		.loc 1 43 3 is_stmt 1 view .LVU22
  82              		.loc 1 43 24 is_stmt 0 view .LVU23
  83 0032 0123     		movs	r3, #1
  84 0034 0293     		str	r3, [sp, #8]
  44:Core/Src/adc.c ****   sConfig.SamplingTime = ADC_SAMPLETIME_13CYCLES_5;
  85              		.loc 1 44 3 is_stmt 1 view .LVU24
  86              		.loc 1 44 24 is_stmt 0 view .LVU25
  87 0036 0223     		movs	r3, #2
  88 0038 0393     		str	r3, [sp, #12]
  45:Core/Src/adc.c ****   if (HAL_ADC_ConfigChannel(&hadc1, &sConfig) != HAL_OK)
  89              		.loc 1 45 3 is_stmt 1 view .LVU26
  90              		.loc 1 45 7 is_stmt 0 view .LVU27
  91 003a 01A9     		add	r1, sp, #4
  92 003c 0C48     		ldr	r0, .L9
  93 003e FFF7FEFF 		bl	HAL_ADC_ConfigChannel
  94              	.LVL1:
  95              		.loc 1 45 6 discriminator 1 view .LVU28
  96 0042 70B9     		cbnz	r0, .L7
  97              	.L3:
  46:Core/Src/adc.c ****   {
  47:Core/Src/adc.c ****     Error_Handler();
  48:Core/Src/adc.c ****   }
  49:Core/Src/adc.c **** 
  50:Core/Src/adc.c ****   /* Rank-1 : Channel-1 = ADC_CHANNEL_9 (RIGHT) */
  51:Core/Src/adc.c ****   sConfig.Channel = ADC_CHANNEL_9;
  98              		.loc 1 51 3 is_stmt 1 view .LVU29
  99              		.loc 1 51 19 is_stmt 0 view .LVU30
 100 0044 0923     		movs	r3, #9
 101 0046 0193     		str	r3, [sp, #4]
  52:Core/Src/adc.c ****   sConfig.Rank    = ADC_REGULAR_RANK_2;
 102              		.loc 1 52 3 is_stmt 1 view .LVU31
 103              		.loc 1 52 19 is_stmt 0 view .LVU32
 104 0048 0223     		movs	r3, #2
 105 004a 0293     		str	r3, [sp, #8]
  53:Core/Src/adc.c ****   if (HAL_ADC_ConfigChannel(&hadc1, &sConfig) != HAL_OK)
 106              		.loc 1 53 3 is_stmt 1 view .LVU33
 107              		.loc 1 53 7 is_stmt 0 view .LVU34
 108 004c 01A9     		add	r1, sp, #4
 109 004e 0848     		ldr	r0, .L9
 110 0050 FFF7FEFF 		bl	HAL_ADC_ConfigChannel
 111              	.LVL2:
 112              		.loc 1 53 6 discriminator 1 view .LVU35
 113 0054 40B9     		cbnz	r0, .L8
 114              	.L1:
  54:Core/Src/adc.c ****   {
  55:Core/Src/adc.c ****     Error_Handler();
  56:Core/Src/adc.c ****   }
  57:Core/Src/adc.c **** }
 115              		.loc 1 57 1 view .LVU36
ARM GAS  /tmp/cc8ZrAno.s 			page 4


 116 0056 05B0     		add	sp, sp, #20
 117              	.LCFI2:
 118              		.cfi_remember_state
 119              		.cfi_def_cfa_offset 4
 120              		@ sp needed
 121 0058 5DF804FB 		ldr	pc, [sp], #4
 122              	.L6:
 123              	.LCFI3:
 124              		.cfi_restore_state
  38:Core/Src/adc.c ****   }
 125              		.loc 1 38 5 is_stmt 1 view .LVU37
 126 005c FFF7FEFF 		bl	Error_Handler
 127              	.LVL3:
 128 0060 E5E7     		b	.L2
 129              	.L7:
  47:Core/Src/adc.c ****   }
 130              		.loc 1 47 5 view .LVU38
 131 0062 FFF7FEFF 		bl	Error_Handler
 132              	.LVL4:
 133 0066 EDE7     		b	.L3
 134              	.L8:
  55:Core/Src/adc.c ****   }
 135              		.loc 1 55 5 view .LVU39
 136 0068 FFF7FEFF 		bl	Error_Handler
 137              	.LVL5:
 138              		.loc 1 57 1 is_stmt 0 view .LVU40
 139 006c F3E7     		b	.L1
 140              	.L10:
 141 006e 00BF     		.align	2
 142              	.L9:
 143 0070 00000000 		.word	hadc1
 144 0074 00240140 		.word	1073816576
 145              		.cfi_endproc
 146              	.LFE65:
 148              		.section	.text.HAL_ADC_MspInit,"ax",%progbits
 149              		.align	1
 150              		.global	HAL_ADC_MspInit
 151              		.syntax unified
 152              		.thumb
 153              		.thumb_func
 155              	HAL_ADC_MspInit:
 156              	.LVL6:
 157              	.LFB66:
  58:Core/Src/adc.c **** 
  59:Core/Src/adc.c **** /**
  60:Core/Src/adc.c ****   * @brief ADC MSP Initialization
  61:Core/Src/adc.c ****   *        (GPIOアナログ入力 / クロック / DMAリンク / NVICは
  62:Core/Src/adc.c ****   *         CubeMX標準どおりここに生成される)
  63:Core/Src/adc.c ****   * @param hadc: ADC handle pointer
  64:Core/Src/adc.c ****   * @retval None
  65:Core/Src/adc.c ****   */
  66:Core/Src/adc.c **** void HAL_ADC_MspInit(ADC_HandleTypeDef *hadc)
  67:Core/Src/adc.c **** {
 158              		.loc 1 67 1 is_stmt 1 view -0
 159              		.cfi_startproc
 160              		@ args = 0, pretend = 0, frame = 40
 161              		@ frame_needed = 0, uses_anonymous_args = 0
ARM GAS  /tmp/cc8ZrAno.s 			page 5


 162              		.loc 1 67 1 is_stmt 0 view .LVU42
 163 0000 10B5     		push	{r4, lr}
 164              	.LCFI4:
 165              		.cfi_def_cfa_offset 8
 166              		.cfi_offset 4, -8
 167              		.cfi_offset 14, -4
 168 0002 8AB0     		sub	sp, sp, #40
 169              	.LCFI5:
 170              		.cfi_def_cfa_offset 48
  68:Core/Src/adc.c ****   GPIO_InitTypeDef GPIO_InitStruct = {0};
 171              		.loc 1 68 3 is_stmt 1 view .LVU43
 172              		.loc 1 68 20 is_stmt 0 view .LVU44
 173 0004 0023     		movs	r3, #0
 174 0006 0693     		str	r3, [sp, #24]
 175 0008 0793     		str	r3, [sp, #28]
 176 000a 0893     		str	r3, [sp, #32]
 177 000c 0993     		str	r3, [sp, #36]
  69:Core/Src/adc.c ****   RCC_PeriphCLKInitTypeDef PeriphClkInit = {0};
 178              		.loc 1 69 3 is_stmt 1 view .LVU45
 179              		.loc 1 69 28 is_stmt 0 view .LVU46
 180 000e 0293     		str	r3, [sp, #8]
 181 0010 0393     		str	r3, [sp, #12]
 182 0012 0493     		str	r3, [sp, #16]
 183 0014 0593     		str	r3, [sp, #20]
  70:Core/Src/adc.c **** 
  71:Core/Src/adc.c ****   if (hadc->Instance == ADC1)
 184              		.loc 1 71 3 is_stmt 1 view .LVU47
 185              		.loc 1 71 11 is_stmt 0 view .LVU48
 186 0016 0268     		ldr	r2, [r0]
 187              		.loc 1 71 6 view .LVU49
 188 0018 244B     		ldr	r3, .L19
 189 001a 9A42     		cmp	r2, r3
 190 001c 01D0     		beq	.L16
 191              	.LVL7:
 192              	.L11:
  72:Core/Src/adc.c ****   {
  73:Core/Src/adc.c ****     /* ADCクロック = APB2/6 = 72MHz/6 = 12MHz (.ioc: RCC.ADCPresc=DIV6) */
  74:Core/Src/adc.c ****     PeriphClkInit.PeriphClockSelection = RCC_PERIPHCLK_ADC;
  75:Core/Src/adc.c ****     PeriphClkInit.AdcClockSelection    = RCC_ADCPCLK2_DIV6;
  76:Core/Src/adc.c ****     if (HAL_RCCEx_PeriphCLKConfig(&PeriphClkInit) != HAL_OK)
  77:Core/Src/adc.c ****     {
  78:Core/Src/adc.c ****       Error_Handler();
  79:Core/Src/adc.c ****     }
  80:Core/Src/adc.c **** 
  81:Core/Src/adc.c ****     /* Peripheral clock enable */
  82:Core/Src/adc.c ****     __HAL_RCC_ADC1_CLK_ENABLE();
  83:Core/Src/adc.c **** 
  84:Core/Src/adc.c ****     __HAL_RCC_GPIOB_CLK_ENABLE();
  85:Core/Src/adc.c ****     /**ADC1 GPIO Configuration
  86:Core/Src/adc.c ****     PB0     ------> ADC1_IN8 (LEFT)
  87:Core/Src/adc.c ****     PB1     ------> ADC1_IN9 (RIGHT)
  88:Core/Src/adc.c ****     */
  89:Core/Src/adc.c ****     GPIO_InitStruct.Pin  = GPIO_PIN_0 | GPIO_PIN_1;
  90:Core/Src/adc.c ****     GPIO_InitStruct.Mode = GPIO_MODE_ANALOG;
  91:Core/Src/adc.c ****     HAL_GPIO_Init(GPIOB, &GPIO_InitStruct);
  92:Core/Src/adc.c **** 
  93:Core/Src/adc.c ****     /* ADC1 DMA Init */
ARM GAS  /tmp/cc8ZrAno.s 			page 6


  94:Core/Src/adc.c ****     /* ADC1 Init */
  95:Core/Src/adc.c ****     hdma_adc1.Instance                 = DMA1_Channel1;
  96:Core/Src/adc.c ****     hdma_adc1.Init.Direction           = DMA_PERIPH_TO_MEMORY;
  97:Core/Src/adc.c ****     hdma_adc1.Init.PeriphInc           = DMA_PINC_DISABLE;
  98:Core/Src/adc.c ****     hdma_adc1.Init.MemInc              = DMA_MINC_ENABLE;
  99:Core/Src/adc.c ****     hdma_adc1.Init.PeriphDataAlignment = DMA_PDATAALIGN_HALFWORD;
 100:Core/Src/adc.c ****     hdma_adc1.Init.MemDataAlignment    = DMA_MDATAALIGN_HALFWORD;
 101:Core/Src/adc.c ****     hdma_adc1.Init.Mode                = DMA_CIRCULAR;
 102:Core/Src/adc.c ****     hdma_adc1.Init.Priority            = DMA_PRIORITY_HIGH;
 103:Core/Src/adc.c ****     if (HAL_DMA_Init(&hdma_adc1) != HAL_OK)
 104:Core/Src/adc.c ****     {
 105:Core/Src/adc.c ****       Error_Handler();
 106:Core/Src/adc.c ****     }
 107:Core/Src/adc.c **** 
 108:Core/Src/adc.c ****     __HAL_LINKDMA(hadc, DMA_Handle, hdma_adc1);
 109:Core/Src/adc.c ****   }
 110:Core/Src/adc.c **** }
 193              		.loc 1 110 1 view .LVU50
 194 001e 0AB0     		add	sp, sp, #40
 195              	.LCFI6:
 196              		.cfi_remember_state
 197              		.cfi_def_cfa_offset 8
 198              		@ sp needed
 199 0020 10BD     		pop	{r4, pc}
 200              	.LVL8:
 201              	.L16:
 202              	.LCFI7:
 203              		.cfi_restore_state
 204              		.loc 1 110 1 view .LVU51
 205 0022 0446     		mov	r4, r0
  74:Core/Src/adc.c ****     PeriphClkInit.AdcClockSelection    = RCC_ADCPCLK2_DIV6;
 206              		.loc 1 74 5 is_stmt 1 view .LVU52
  74:Core/Src/adc.c ****     PeriphClkInit.AdcClockSelection    = RCC_ADCPCLK2_DIV6;
 207              		.loc 1 74 40 is_stmt 0 view .LVU53
 208 0024 0223     		movs	r3, #2
 209 0026 0293     		str	r3, [sp, #8]
  75:Core/Src/adc.c ****     if (HAL_RCCEx_PeriphCLKConfig(&PeriphClkInit) != HAL_OK)
 210              		.loc 1 75 5 is_stmt 1 view .LVU54
  75:Core/Src/adc.c ****     if (HAL_RCCEx_PeriphCLKConfig(&PeriphClkInit) != HAL_OK)
 211              		.loc 1 75 40 is_stmt 0 view .LVU55
 212 0028 4FF40043 		mov	r3, #32768
 213 002c 0493     		str	r3, [sp, #16]
  76:Core/Src/adc.c ****     {
 214              		.loc 1 76 5 is_stmt 1 view .LVU56
  76:Core/Src/adc.c ****     {
 215              		.loc 1 76 9 is_stmt 0 view .LVU57
 216 002e 02A8     		add	r0, sp, #8
 217              	.LVL9:
  76:Core/Src/adc.c ****     {
 218              		.loc 1 76 9 view .LVU58
 219 0030 FFF7FEFF 		bl	HAL_RCCEx_PeriphCLKConfig
 220              	.LVL10:
  76:Core/Src/adc.c ****     {
 221              		.loc 1 76 8 discriminator 1 view .LVU59
 222 0034 0028     		cmp	r0, #0
 223 0036 33D1     		bne	.L17
 224              	.L13:
ARM GAS  /tmp/cc8ZrAno.s 			page 7


  82:Core/Src/adc.c **** 
 225              		.loc 1 82 5 is_stmt 1 view .LVU60
 226              	.LBB2:
  82:Core/Src/adc.c **** 
 227              		.loc 1 82 5 view .LVU61
  82:Core/Src/adc.c **** 
 228              		.loc 1 82 5 view .LVU62
 229 0038 1D4B     		ldr	r3, .L19+4
 230 003a 9A69     		ldr	r2, [r3, #24]
 231 003c 42F40072 		orr	r2, r2, #512
 232 0040 9A61     		str	r2, [r3, #24]
  82:Core/Src/adc.c **** 
 233              		.loc 1 82 5 view .LVU63
 234 0042 9A69     		ldr	r2, [r3, #24]
 235 0044 02F40072 		and	r2, r2, #512
 236 0048 0092     		str	r2, [sp]
  82:Core/Src/adc.c **** 
 237              		.loc 1 82 5 view .LVU64
 238 004a 009A     		ldr	r2, [sp]
 239              	.LBE2:
  82:Core/Src/adc.c **** 
 240              		.loc 1 82 5 view .LVU65
  84:Core/Src/adc.c ****     /**ADC1 GPIO Configuration
 241              		.loc 1 84 5 view .LVU66
 242              	.LBB3:
  84:Core/Src/adc.c ****     /**ADC1 GPIO Configuration
 243              		.loc 1 84 5 view .LVU67
  84:Core/Src/adc.c ****     /**ADC1 GPIO Configuration
 244              		.loc 1 84 5 view .LVU68
 245 004c 9A69     		ldr	r2, [r3, #24]
 246 004e 42F00802 		orr	r2, r2, #8
 247 0052 9A61     		str	r2, [r3, #24]
  84:Core/Src/adc.c ****     /**ADC1 GPIO Configuration
 248              		.loc 1 84 5 view .LVU69
 249 0054 9B69     		ldr	r3, [r3, #24]
 250 0056 03F00803 		and	r3, r3, #8
 251 005a 0193     		str	r3, [sp, #4]
  84:Core/Src/adc.c ****     /**ADC1 GPIO Configuration
 252              		.loc 1 84 5 view .LVU70
 253 005c 019B     		ldr	r3, [sp, #4]
 254              	.LBE3:
  84:Core/Src/adc.c ****     /**ADC1 GPIO Configuration
 255              		.loc 1 84 5 view .LVU71
  89:Core/Src/adc.c ****     GPIO_InitStruct.Mode = GPIO_MODE_ANALOG;
 256              		.loc 1 89 5 view .LVU72
  89:Core/Src/adc.c ****     GPIO_InitStruct.Mode = GPIO_MODE_ANALOG;
 257              		.loc 1 89 26 is_stmt 0 view .LVU73
 258 005e 0323     		movs	r3, #3
 259 0060 0693     		str	r3, [sp, #24]
  90:Core/Src/adc.c ****     HAL_GPIO_Init(GPIOB, &GPIO_InitStruct);
 260              		.loc 1 90 5 is_stmt 1 view .LVU74
  90:Core/Src/adc.c ****     HAL_GPIO_Init(GPIOB, &GPIO_InitStruct);
 261              		.loc 1 90 26 is_stmt 0 view .LVU75
 262 0062 0793     		str	r3, [sp, #28]
  91:Core/Src/adc.c **** 
 263              		.loc 1 91 5 is_stmt 1 view .LVU76
 264 0064 06A9     		add	r1, sp, #24
ARM GAS  /tmp/cc8ZrAno.s 			page 8


 265 0066 1348     		ldr	r0, .L19+8
 266 0068 FFF7FEFF 		bl	HAL_GPIO_Init
 267              	.LVL11:
  95:Core/Src/adc.c ****     hdma_adc1.Init.Direction           = DMA_PERIPH_TO_MEMORY;
 268              		.loc 1 95 5 view .LVU77
  95:Core/Src/adc.c ****     hdma_adc1.Init.Direction           = DMA_PERIPH_TO_MEMORY;
 269              		.loc 1 95 40 is_stmt 0 view .LVU78
 270 006c 1248     		ldr	r0, .L19+12
 271 006e 134B     		ldr	r3, .L19+16
 272 0070 0360     		str	r3, [r0]
  96:Core/Src/adc.c ****     hdma_adc1.Init.PeriphInc           = DMA_PINC_DISABLE;
 273              		.loc 1 96 5 is_stmt 1 view .LVU79
  96:Core/Src/adc.c ****     hdma_adc1.Init.PeriphInc           = DMA_PINC_DISABLE;
 274              		.loc 1 96 40 is_stmt 0 view .LVU80
 275 0072 0023     		movs	r3, #0
 276 0074 4360     		str	r3, [r0, #4]
  97:Core/Src/adc.c ****     hdma_adc1.Init.MemInc              = DMA_MINC_ENABLE;
 277              		.loc 1 97 5 is_stmt 1 view .LVU81
  97:Core/Src/adc.c ****     hdma_adc1.Init.MemInc              = DMA_MINC_ENABLE;
 278              		.loc 1 97 40 is_stmt 0 view .LVU82
 279 0076 8360     		str	r3, [r0, #8]
  98:Core/Src/adc.c ****     hdma_adc1.Init.PeriphDataAlignment = DMA_PDATAALIGN_HALFWORD;
 280              		.loc 1 98 5 is_stmt 1 view .LVU83
  98:Core/Src/adc.c ****     hdma_adc1.Init.PeriphDataAlignment = DMA_PDATAALIGN_HALFWORD;
 281              		.loc 1 98 40 is_stmt 0 view .LVU84
 282 0078 8023     		movs	r3, #128
 283 007a C360     		str	r3, [r0, #12]
  99:Core/Src/adc.c ****     hdma_adc1.Init.MemDataAlignment    = DMA_MDATAALIGN_HALFWORD;
 284              		.loc 1 99 5 is_stmt 1 view .LVU85
  99:Core/Src/adc.c ****     hdma_adc1.Init.MemDataAlignment    = DMA_MDATAALIGN_HALFWORD;
 285              		.loc 1 99 40 is_stmt 0 view .LVU86
 286 007c 4FF48073 		mov	r3, #256
 287 0080 0361     		str	r3, [r0, #16]
 100:Core/Src/adc.c ****     hdma_adc1.Init.Mode                = DMA_CIRCULAR;
 288              		.loc 1 100 5 is_stmt 1 view .LVU87
 100:Core/Src/adc.c ****     hdma_adc1.Init.Mode                = DMA_CIRCULAR;
 289              		.loc 1 100 40 is_stmt 0 view .LVU88
 290 0082 4FF48063 		mov	r3, #1024
 291 0086 4361     		str	r3, [r0, #20]
 101:Core/Src/adc.c ****     hdma_adc1.Init.Priority            = DMA_PRIORITY_HIGH;
 292              		.loc 1 101 5 is_stmt 1 view .LVU89
 101:Core/Src/adc.c ****     hdma_adc1.Init.Priority            = DMA_PRIORITY_HIGH;
 293              		.loc 1 101 40 is_stmt 0 view .LVU90
 294 0088 2023     		movs	r3, #32
 295 008a 8361     		str	r3, [r0, #24]
 102:Core/Src/adc.c ****     if (HAL_DMA_Init(&hdma_adc1) != HAL_OK)
 296              		.loc 1 102 5 is_stmt 1 view .LVU91
 102:Core/Src/adc.c ****     if (HAL_DMA_Init(&hdma_adc1) != HAL_OK)
 297              		.loc 1 102 40 is_stmt 0 view .LVU92
 298 008c 4FF40053 		mov	r3, #8192
 299 0090 C361     		str	r3, [r0, #28]
 103:Core/Src/adc.c ****     {
 300              		.loc 1 103 5 is_stmt 1 view .LVU93
 103:Core/Src/adc.c ****     {
 301              		.loc 1 103 9 is_stmt 0 view .LVU94
 302 0092 FFF7FEFF 		bl	HAL_DMA_Init
 303              	.LVL12:
ARM GAS  /tmp/cc8ZrAno.s 			page 9


 103:Core/Src/adc.c ****     {
 304              		.loc 1 103 8 discriminator 1 view .LVU95
 305 0096 30B9     		cbnz	r0, .L18
 306              	.L14:
 108:Core/Src/adc.c ****   }
 307              		.loc 1 108 5 is_stmt 1 view .LVU96
 108:Core/Src/adc.c ****   }
 308              		.loc 1 108 5 view .LVU97
 309 0098 074B     		ldr	r3, .L19+12
 310 009a 2362     		str	r3, [r4, #32]
 108:Core/Src/adc.c ****   }
 311              		.loc 1 108 5 view .LVU98
 312 009c 5C62     		str	r4, [r3, #36]
 108:Core/Src/adc.c ****   }
 313              		.loc 1 108 5 discriminator 1 view .LVU99
 314              		.loc 1 110 1 is_stmt 0 view .LVU100
 315 009e BEE7     		b	.L11
 316              	.L17:
  78:Core/Src/adc.c ****     }
 317              		.loc 1 78 7 is_stmt 1 view .LVU101
 318 00a0 FFF7FEFF 		bl	Error_Handler
 319              	.LVL13:
 320 00a4 C8E7     		b	.L13
 321              	.L18:
 105:Core/Src/adc.c ****     }
 322              		.loc 1 105 7 view .LVU102
 323 00a6 FFF7FEFF 		bl	Error_Handler
 324              	.LVL14:
 325 00aa F5E7     		b	.L14
 326              	.L20:
 327              		.align	2
 328              	.L19:
 329 00ac 00240140 		.word	1073816576
 330 00b0 00100240 		.word	1073876992
 331 00b4 000C0140 		.word	1073810432
 332 00b8 00000000 		.word	hdma_adc1
 333 00bc 08000240 		.word	1073872904
 334              		.cfi_endproc
 335              	.LFE66:
 337              		.section	.text.HAL_ADC_MspDeInit,"ax",%progbits
 338              		.align	1
 339              		.global	HAL_ADC_MspDeInit
 340              		.syntax unified
 341              		.thumb
 342              		.thumb_func
 344              	HAL_ADC_MspDeInit:
 345              	.LVL15:
 346              	.LFB67:
 111:Core/Src/adc.c **** 
 112:Core/Src/adc.c **** /**
 113:Core/Src/adc.c ****   * @brief ADC MSP De-Initialization
 114:Core/Src/adc.c ****   * @param hadc: ADC handle pointer
 115:Core/Src/adc.c ****   * @retval None
 116:Core/Src/adc.c ****   */
 117:Core/Src/adc.c **** void HAL_ADC_MspDeInit(ADC_HandleTypeDef *hadc)
 118:Core/Src/adc.c **** {
 347              		.loc 1 118 1 view -0
ARM GAS  /tmp/cc8ZrAno.s 			page 10


 348              		.cfi_startproc
 349              		@ args = 0, pretend = 0, frame = 0
 350              		@ frame_needed = 0, uses_anonymous_args = 0
 119:Core/Src/adc.c ****   if (hadc->Instance == ADC1)
 351              		.loc 1 119 3 view .LVU104
 352              		.loc 1 119 11 is_stmt 0 view .LVU105
 353 0000 0268     		ldr	r2, [r0]
 354              		.loc 1 119 6 view .LVU106
 355 0002 094B     		ldr	r3, .L28
 356 0004 9A42     		cmp	r2, r3
 357 0006 00D0     		beq	.L27
 358 0008 7047     		bx	lr
 359              	.L27:
 118:Core/Src/adc.c ****   if (hadc->Instance == ADC1)
 360              		.loc 1 118 1 view .LVU107
 361 000a 10B5     		push	{r4, lr}
 362              	.LCFI8:
 363              		.cfi_def_cfa_offset 8
 364              		.cfi_offset 4, -8
 365              		.cfi_offset 14, -4
 366 000c 0446     		mov	r4, r0
 120:Core/Src/adc.c ****   {
 121:Core/Src/adc.c ****     __HAL_RCC_ADC1_CLK_DISABLE();
 367              		.loc 1 121 5 is_stmt 1 view .LVU108
 368 000e 074A     		ldr	r2, .L28+4
 369 0010 9369     		ldr	r3, [r2, #24]
 370 0012 23F40073 		bic	r3, r3, #512
 371 0016 9361     		str	r3, [r2, #24]
 122:Core/Src/adc.c ****     HAL_GPIO_DeInit(GPIOB, GPIO_PIN_0 | GPIO_PIN_1);
 372              		.loc 1 122 5 view .LVU109
 373 0018 0321     		movs	r1, #3
 374 001a 0548     		ldr	r0, .L28+8
 375              	.LVL16:
 376              		.loc 1 122 5 is_stmt 0 view .LVU110
 377 001c FFF7FEFF 		bl	HAL_GPIO_DeInit
 378              	.LVL17:
 123:Core/Src/adc.c ****     HAL_DMA_DeInit(hadc->DMA_Handle);
 379              		.loc 1 123 5 is_stmt 1 view .LVU111
 380 0020 206A     		ldr	r0, [r4, #32]
 381 0022 FFF7FEFF 		bl	HAL_DMA_DeInit
 382              	.LVL18:
 124:Core/Src/adc.c ****   }
 125:Core/Src/adc.c **** }
 383              		.loc 1 125 1 is_stmt 0 view .LVU112
 384 0026 10BD     		pop	{r4, pc}
 385              	.LVL19:
 386              	.L29:
 387              		.loc 1 125 1 view .LVU113
 388              		.align	2
 389              	.L28:
 390 0028 00240140 		.word	1073816576
 391 002c 00100240 		.word	1073876992
 392 0030 000C0140 		.word	1073810432
 393              		.cfi_endproc
 394              	.LFE67:
 396              		.global	hdma_adc1
 397              		.section	.bss.hdma_adc1,"aw",%nobits
ARM GAS  /tmp/cc8ZrAno.s 			page 11


 398              		.align	2
 401              	hdma_adc1:
 402 0000 00000000 		.space	68
 402      00000000 
 402      00000000 
 402      00000000 
 402      00000000 
 403              		.global	hadc1
 404              		.section	.bss.hadc1,"aw",%nobits
 405              		.align	2
 408              	hadc1:
 409 0000 00000000 		.space	48
 409      00000000 
 409      00000000 
 409      00000000 
 409      00000000 
 410              		.global	adc_buf
 411              		.section	.bss.adc_buf,"aw",%nobits
 412              		.align	2
 415              	adc_buf:
 416 0000 00000000 		.space	4
 417              		.text
 418              	.Letext0:
 419              		.file 2 "/usr/lib/gcc/arm-none-eabi/13.2.1/include/stdint.h"
 420              		.file 3 "Drivers/CMSIS/Device/ST/STM32F1xx/Include/stm32f103xb.h"
 421              		.file 4 "Drivers/CMSIS/Device/ST/STM32F1xx/Include/stm32f1xx.h"
 422              		.file 5 "Drivers/STM32F1xx_HAL_Driver/Inc/stm32f1xx_hal_def.h"
 423              		.file 6 "Drivers/STM32F1xx_HAL_Driver/Inc/stm32f1xx_hal_rcc_ex.h"
 424              		.file 7 "Drivers/STM32F1xx_HAL_Driver/Inc/stm32f1xx_hal_gpio.h"
 425              		.file 8 "Drivers/STM32F1xx_HAL_Driver/Inc/stm32f1xx_hal_dma.h"
 426              		.file 9 "Drivers/STM32F1xx_HAL_Driver/Inc/stm32f1xx_hal_adc.h"
 427              		.file 10 "Core/Inc/adc.h"
 428              		.file 11 "Core/Inc/main.h"
ARM GAS  /tmp/cc8ZrAno.s 			page 12


DEFINED SYMBOLS
                            *ABS*:00000000 adc.c
     /tmp/cc8ZrAno.s:19     .text.MX_ADC1_Init:00000000 $t
     /tmp/cc8ZrAno.s:25     .text.MX_ADC1_Init:00000000 MX_ADC1_Init
     /tmp/cc8ZrAno.s:143    .text.MX_ADC1_Init:00000070 $d
     /tmp/cc8ZrAno.s:408    .bss.hadc1:00000000 hadc1
     /tmp/cc8ZrAno.s:149    .text.HAL_ADC_MspInit:00000000 $t
     /tmp/cc8ZrAno.s:155    .text.HAL_ADC_MspInit:00000000 HAL_ADC_MspInit
     /tmp/cc8ZrAno.s:329    .text.HAL_ADC_MspInit:000000ac $d
     /tmp/cc8ZrAno.s:401    .bss.hdma_adc1:00000000 hdma_adc1
     /tmp/cc8ZrAno.s:338    .text.HAL_ADC_MspDeInit:00000000 $t
     /tmp/cc8ZrAno.s:344    .text.HAL_ADC_MspDeInit:00000000 HAL_ADC_MspDeInit
     /tmp/cc8ZrAno.s:390    .text.HAL_ADC_MspDeInit:00000028 $d
     /tmp/cc8ZrAno.s:398    .bss.hdma_adc1:00000000 $d
     /tmp/cc8ZrAno.s:405    .bss.hadc1:00000000 $d
     /tmp/cc8ZrAno.s:415    .bss.adc_buf:00000000 adc_buf
     /tmp/cc8ZrAno.s:412    .bss.adc_buf:00000000 $d

UNDEFINED SYMBOLS
HAL_ADC_Init
HAL_ADC_ConfigChannel
Error_Handler
HAL_RCCEx_PeriphCLKConfig
HAL_GPIO_Init
HAL_DMA_Init
HAL_GPIO_DeInit
HAL_DMA_DeInit
