ARM GAS  /tmp/cc65CqnH.s 			page 1


   1              		.cpu cortex-m3
   2              		.arch armv7-m
   3              		.fpu softvfp
   4              		.eabi_attribute 20, 1
   5              		.eabi_attribute 21, 1
   6              		.eabi_attribute 23, 3
   7              		.eabi_attribute 24, 1
   8              		.eabi_attribute 25, 1
   9              		.eabi_attribute 26, 1
  10              		.eabi_attribute 30, 1
  11              		.eabi_attribute 34, 1
  12              		.eabi_attribute 18, 4
  13              		.file	"main.c"
  14              		.text
  15              	.Ltext0:
  16              		.cfi_sections	.debug_frame
  17              		.file 1 "Core/Src/main.c"
  18              		.section	.text.TIM1_UpdatePWMFromADC,"ax",%progbits
  19              		.align	1
  20              		.syntax unified
  21              		.thumb
  22              		.thumb_func
  24              	TIM1_UpdatePWMFromADC:
  25              	.LVL0:
  26              	.LFB68:
   1:Core/Src/main.c **** /* USER CODE BEGIN Header */
   2:Core/Src/main.c **** /**
   3:Core/Src/main.c ****   ******************************************************************************
   4:Core/Src/main.c ****   * @file           : main.c
   5:Core/Src/main.c ****   * @brief          : Main program body
   6:Core/Src/main.c ****   *
   7:Core/Src/main.c ****   * STM32F103C8T6 USB Audio -> Stereo BTL Class-D DAC (CubeMX HAL, Cベアメタル)
   8:Core/Src/main.c ****   *
   9:Core/Src/main.c ****   *   TIM1  : 120kHz 相補PWM (CH1/CH1N, CH2/CH2N), DeadTime = 7
  10:Core/Src/main.c ****   *   TIM3  : 120kHz Update -> TRGO -> ADC1 外部トリガー
  11:Core/Src/main.c ****   *   TIM4  : USBオーディオ サンプルレート(16kHz)割り込みタイマー
  12:Core/Src/main.c ****   *   ADC1  : CH8(PB0=LEFT), CH9(PB1=RIGHT) -> DMA1 Channel1 循環転送
  13:Core/Src/main.c ****   *           (USBオーディオ再生中はCCR書き込みを一時停止、非再生時は有効
  14:Core/Src/main.c ****   *   USART2: 115200bps (PA2=TX, PA3=RX)
  15:Core/Src/main.c ****   *   USB   : USB Audio Class 1.0 (16bit/16kHz/stereo) スピーカーとしてPCに認識
  16:Core/Src/main.c ****   ******************************************************************************
  17:Core/Src/main.c ****   */
  18:Core/Src/main.c **** /* USER CODE END Header */
  19:Core/Src/main.c **** 
  20:Core/Src/main.c **** #include "main.h"
  21:Core/Src/main.c **** #include "adc.h"
  22:Core/Src/main.c **** #include "dma.h"
  23:Core/Src/main.c **** #include "tim.h"
  24:Core/Src/main.c **** #include "usart.h"
  25:Core/Src/main.c **** #include "gpio.h"
  26:Core/Src/main.c **** #include "usb_device.h"
  27:Core/Src/main.c **** #include "usbd_audio_if.h"
  28:Core/Src/main.c **** #include <string.h>
  29:Core/Src/main.c **** 
  30:Core/Src/main.c **** /* Private function prototypes -----------------------------------------------*/
  31:Core/Src/main.c **** void SystemClock_Config(void);
  32:Core/Src/main.c **** static void TIM1_UpdatePWMFromADC(uint16_t left, uint16_t right);
ARM GAS  /tmp/cc65CqnH.s 			page 2


  33:Core/Src/main.c **** static void UART2_Print(const char *s);
  34:Core/Src/main.c **** 
  35:Core/Src/main.c **** /**
  36:Core/Src/main.c ****   * @brief  The application entry point.
  37:Core/Src/main.c ****   * @retval int
  38:Core/Src/main.c ****   */
  39:Core/Src/main.c **** int main(void)
  40:Core/Src/main.c **** {
  41:Core/Src/main.c ****   /* MCU Configuration--------------------------------------------------------*/
  42:Core/Src/main.c ****   HAL_Init();
  43:Core/Src/main.c **** 
  44:Core/Src/main.c ****   /* Configure the system clock : HSE 8MHz -> PLLx9 -> 72MHz */
  45:Core/Src/main.c ****   SystemClock_Config();
  46:Core/Src/main.c **** 
  47:Core/Src/main.c ****   /* Initialize all configured peripherals */
  48:Core/Src/main.c ****   MX_GPIO_Init();
  49:Core/Src/main.c ****   MX_DMA_Init();
  50:Core/Src/main.c ****   MX_ADC1_Init();
  51:Core/Src/main.c ****   MX_TIM1_Init();
  52:Core/Src/main.c ****   MX_TIM3_Init();
  53:Core/Src/main.c ****   MX_TIM4_Init();     /* USBオーディオ サンプルレート(16kHz)タイマー */
  54:Core/Src/main.c ****   MX_USART2_UART_Init();
  55:Core/Src/main.c **** 
  56:Core/Src/main.c ****   /* USER CODE BEGIN 2 */
  57:Core/Src/main.c **** 
  58:Core/Src/main.c ****   /* ADC1 キャリブレーション (F1では起動直後に必須) */
  59:Core/Src/main.c ****   if (HAL_ADCEx_Calibration_Start(&hadc1) != HAL_OK)
  60:Core/Src/main.c ****   {
  61:Core/Src/main.c ****     Error_Handler();
  62:Core/Src/main.c ****   }
  63:Core/Src/main.c **** 
  64:Core/Src/main.c ****   /* TIM1 相補PWM開始 (CH1/CH1N=LEFT, CH2/CH2N=RIGHT) */
  65:Core/Src/main.c ****   if (HAL_TIM_PWM_Start(&htim1, TIM_CHANNEL_1) != HAL_OK)
  66:Core/Src/main.c ****   {
  67:Core/Src/main.c ****     Error_Handler();
  68:Core/Src/main.c ****   }
  69:Core/Src/main.c ****   if (HAL_TIMEx_PWMN_Start(&htim1, TIM_CHANNEL_1) != HAL_OK)
  70:Core/Src/main.c ****   {
  71:Core/Src/main.c ****     Error_Handler();
  72:Core/Src/main.c ****   }
  73:Core/Src/main.c ****   if (HAL_TIM_PWM_Start(&htim1, TIM_CHANNEL_2) != HAL_OK)
  74:Core/Src/main.c ****   {
  75:Core/Src/main.c ****     Error_Handler();
  76:Core/Src/main.c ****   }
  77:Core/Src/main.c ****   if (HAL_TIMEx_PWMN_Start(&htim1, TIM_CHANNEL_2) != HAL_OK)
  78:Core/Src/main.c ****   {
  79:Core/Src/main.c ****     Error_Handler();
  80:Core/Src/main.c ****   }
  81:Core/Src/main.c **** 
  82:Core/Src/main.c ****   /* ADC1 + DMA開始 (TIM3 TRGOトリガー待ち) */
  83:Core/Src/main.c ****   if (HAL_ADC_Start_DMA(&hadc1, (uint32_t *)adc_buf, ADC_BUF_SIZE) != HAL_OK)
  84:Core/Src/main.c ****   {
  85:Core/Src/main.c ****     Error_Handler();
  86:Core/Src/main.c ****   }
  87:Core/Src/main.c **** 
  88:Core/Src/main.c ****   /* TIM3開始 (Update -> TRGO -> ADC1トリガー) */
  89:Core/Src/main.c ****   if (HAL_TIM_Base_Start(&htim3) != HAL_OK)
ARM GAS  /tmp/cc65CqnH.s 			page 3


  90:Core/Src/main.c ****   {
  91:Core/Src/main.c ****     Error_Handler();
  92:Core/Src/main.c ****   }
  93:Core/Src/main.c **** 
  94:Core/Src/main.c ****   /* USART2 起動メッセージ */
  95:Core/Src/main.c ****   UART2_Print("STM32 USB Audio DAC v1 (bare-metal HAL) START\r\n");
  96:Core/Src/main.c **** 
  97:Core/Src/main.c ****   /* USB Audio Class デバイス初期化 (16bit / 16kHz / stereo) */
  98:Core/Src/main.c ****   MX_USB_DEVICE_Init();
  99:Core/Src/main.c ****   UART2_Print("USB Audio Class device started\r\n");
 100:Core/Src/main.c **** 
 101:Core/Src/main.c ****   /* USER CODE END 2 */
 102:Core/Src/main.c **** 
 103:Core/Src/main.c ****   /* Infinite loop */
 104:Core/Src/main.c ****   /* USER CODE BEGIN WHILE */
 105:Core/Src/main.c ****   uint32_t led_last_tick = HAL_GetTick();
 106:Core/Src/main.c ****   while (1)
 107:Core/Src/main.c ****   {
 108:Core/Src/main.c ****     if ((HAL_GetTick() - led_last_tick) >= 500U)
 109:Core/Src/main.c ****     {
 110:Core/Src/main.c ****       led_last_tick = HAL_GetTick();
 111:Core/Src/main.c ****       HAL_GPIO_TogglePin(LED_GPIO_Port, LED_Pin);
 112:Core/Src/main.c **** 
 113:Core/Src/main.c ****       if (g_usb_audio_playing)
 114:Core/Src/main.c ****       {
 115:Core/Src/main.c ****         UART2_Print("[status] USB audio playing -> PWM\r\n");
 116:Core/Src/main.c ****       }
 117:Core/Src/main.c ****       else
 118:Core/Src/main.c ****       {
 119:Core/Src/main.c ****         UART2_Print("[status] ADC analog input -> PWM\r\n");
 120:Core/Src/main.c ****       }
 121:Core/Src/main.c ****     }
 122:Core/Src/main.c ****   }
 123:Core/Src/main.c ****   /* USER CODE END WHILE */
 124:Core/Src/main.c **** }
 125:Core/Src/main.c **** 
 126:Core/Src/main.c **** /* USER CODE BEGIN 4 */
 127:Core/Src/main.c **** 
 128:Core/Src/main.c **** /**
 129:Core/Src/main.c ****   * @brief ADC 変換完了コールバック
 130:Core/Src/main.c ****   *
 131:Core/Src/main.c ****   *   DMA1_Channel1_IRQHandler()
 132:Core/Src/main.c ****   *       -> HAL_DMA_IRQHandler()
 133:Core/Src/main.c ****   *       -> HAL_ADC_ConvCpltCallback()
 134:Core/Src/main.c ****   *
 135:Core/Src/main.c ****   * USBオーディオ再生中(g_usb_audio_playing==1)は、TIM1のCCRを
 136:Core/Src/main.c ****   * usbd_audio_if.c 側(TIM4割り込み)が書き込んでいるため、ここでの
 137:Core/Src/main.c ****   * 上書きをスキップして衝突を避ける。
 138:Core/Src/main.c ****   * @retval None
 139:Core/Src/main.c ****   */
 140:Core/Src/main.c **** void HAL_ADC_ConvCpltCallback(ADC_HandleTypeDef *hadc)
 141:Core/Src/main.c **** {
 142:Core/Src/main.c ****   if (hadc->Instance != ADC1)
 143:Core/Src/main.c ****   {
 144:Core/Src/main.c ****     return;
 145:Core/Src/main.c ****   }
 146:Core/Src/main.c **** 
ARM GAS  /tmp/cc65CqnH.s 			page 4


 147:Core/Src/main.c ****   if (g_usb_audio_playing)
 148:Core/Src/main.c ****   {
 149:Core/Src/main.c ****     /* USBオーディオがCCRを制御中なのでADC側は何もしない */
 150:Core/Src/main.c ****     return;
 151:Core/Src/main.c ****   }
 152:Core/Src/main.c **** 
 153:Core/Src/main.c ****   /* adc_buf[0]=LEFT(PB0/CH8), adc_buf[1]=RIGHT(PB1/CH9) */
 154:Core/Src/main.c ****   TIM1_UpdatePWMFromADC(adc_buf[0], adc_buf[1]);
 155:Core/Src/main.c **** }
 156:Core/Src/main.c **** 
 157:Core/Src/main.c **** /**
 158:Core/Src/main.c ****   * @brief ADC(0..4095) -> PWM CCR(PWM_CCR_MIN..PWM_CCR_MAX) 変換して反映
 159:Core/Src/main.c ****   * @retval None
 160:Core/Src/main.c ****   */
 161:Core/Src/main.c **** static void TIM1_UpdatePWMFromADC(uint16_t left, uint16_t right)
 162:Core/Src/main.c **** {
  27              		.loc 1 162 1 view -0
  28              		.cfi_startproc
  29              		@ args = 0, pretend = 0, frame = 0
  30              		@ frame_needed = 0, uses_anonymous_args = 0
  31              		.loc 1 162 1 is_stmt 0 view .LVU1
  32 0000 00B5     		push	{lr}
  33              	.LCFI0:
  34              		.cfi_def_cfa_offset 4
  35              		.cfi_offset 14, -4
 163:Core/Src/main.c ****   uint32_t ccr1 = PWM_CCR_MIN + ((uint32_t)left  * (PWM_CCR_MAX - PWM_CCR_MIN)) / 4095U;
  36              		.loc 1 163 3 is_stmt 1 view .LVU2
  37              		.loc 1 163 50 is_stmt 0 view .LVU3
  38 0002 4FF4077C 		mov	ip, #540
  39 0006 0CFB00F0 		mul	r0, ip, r0
  40              	.LVL1:
  41              		.loc 1 163 81 view .LVU4
  42 000a 0B4B     		ldr	r3, .L3
  43 000c A3FB00E2 		umull	lr, r2, r3, r0
  44 0010 801A     		subs	r0, r0, r2
  45 0012 02EB5002 		add	r2, r2, r0, lsr #1
  46 0016 D20A     		lsrs	r2, r2, #11
  47              		.loc 1 163 12 view .LVU5
  48 0018 1E32     		adds	r2, r2, #30
  49              	.LVL2:
 164:Core/Src/main.c ****   uint32_t ccr2 = PWM_CCR_MIN + ((uint32_t)right * (PWM_CCR_MAX - PWM_CCR_MIN)) / 4095U;
  50              		.loc 1 164 3 is_stmt 1 view .LVU6
  51              		.loc 1 164 50 is_stmt 0 view .LVU7
  52 001a 0CFB01F1 		mul	r1, ip, r1
  53              	.LVL3:
  54              		.loc 1 164 81 view .LVU8
  55 001e A3FB0103 		umull	r0, r3, r3, r1
  56 0022 C91A     		subs	r1, r1, r3
  57 0024 03EB5103 		add	r3, r3, r1, lsr #1
  58 0028 DB0A     		lsrs	r3, r3, #11
  59              		.loc 1 164 12 view .LVU9
  60 002a 1E33     		adds	r3, r3, #30
  61              	.LVL4:
 165:Core/Src/main.c **** 
 166:Core/Src/main.c ****   __HAL_TIM_SET_COMPARE(&htim1, TIM_CHANNEL_1, ccr1);
  62              		.loc 1 166 3 is_stmt 1 view .LVU10
  63 002c 0349     		ldr	r1, .L3+4
ARM GAS  /tmp/cc65CqnH.s 			page 5


  64 002e 0968     		ldr	r1, [r1]
  65 0030 4A63     		str	r2, [r1, #52]
 167:Core/Src/main.c ****   __HAL_TIM_SET_COMPARE(&htim1, TIM_CHANNEL_2, ccr2);
  66              		.loc 1 167 3 view .LVU11
  67 0032 8B63     		str	r3, [r1, #56]
 168:Core/Src/main.c **** }
  68              		.loc 1 168 1 is_stmt 0 view .LVU12
  69 0034 5DF804FB 		ldr	pc, [sp], #4
  70              	.L4:
  71              		.align	2
  72              	.L3:
  73 0038 01011000 		.word	1048833
  74 003c 00000000 		.word	htim1
  75              		.cfi_endproc
  76              	.LFE68:
  78              		.section	.text.UART2_Print,"ax",%progbits
  79              		.align	1
  80              		.syntax unified
  81              		.thumb
  82              		.thumb_func
  84              	UART2_Print:
  85              	.LVL5:
  86              	.LFB69:
 169:Core/Src/main.c **** 
 170:Core/Src/main.c **** /**
 171:Core/Src/main.c ****   * @brief USART2 文字列送信ヘルパ
 172:Core/Src/main.c ****   * @retval None
 173:Core/Src/main.c ****   */
 174:Core/Src/main.c **** static void UART2_Print(const char *s)
 175:Core/Src/main.c **** {
  87              		.loc 1 175 1 is_stmt 1 view -0
  88              		.cfi_startproc
  89              		@ args = 0, pretend = 0, frame = 0
  90              		@ frame_needed = 0, uses_anonymous_args = 0
  91              		.loc 1 175 1 is_stmt 0 view .LVU14
  92 0000 10B5     		push	{r4, lr}
  93              	.LCFI1:
  94              		.cfi_def_cfa_offset 8
  95              		.cfi_offset 4, -8
  96              		.cfi_offset 14, -4
  97 0002 0446     		mov	r4, r0
 176:Core/Src/main.c ****   HAL_UART_Transmit(&huart2, (uint8_t *)s, (uint16_t)strlen(s), HAL_MAX_DELAY);
  98              		.loc 1 176 3 is_stmt 1 view .LVU15
  99              		.loc 1 176 54 is_stmt 0 view .LVU16
 100 0004 FFF7FEFF 		bl	strlen
 101              	.LVL6:
 102              		.loc 1 176 3 discriminator 1 view .LVU17
 103 0008 4FF0FF33 		mov	r3, #-1
 104 000c 82B2     		uxth	r2, r0
 105 000e 2146     		mov	r1, r4
 106 0010 0148     		ldr	r0, .L7
 107 0012 FFF7FEFF 		bl	HAL_UART_Transmit
 108              	.LVL7:
 177:Core/Src/main.c **** }
 109              		.loc 1 177 1 view .LVU18
 110 0016 10BD     		pop	{r4, pc}
 111              	.LVL8:
ARM GAS  /tmp/cc65CqnH.s 			page 6


 112              	.L8:
 113              		.loc 1 177 1 view .LVU19
 114              		.align	2
 115              	.L7:
 116 0018 00000000 		.word	huart2
 117              		.cfi_endproc
 118              	.LFE69:
 120              		.section	.text.HAL_ADC_ConvCpltCallback,"ax",%progbits
 121              		.align	1
 122              		.global	HAL_ADC_ConvCpltCallback
 123              		.syntax unified
 124              		.thumb
 125              		.thumb_func
 127              	HAL_ADC_ConvCpltCallback:
 128              	.LVL9:
 129              	.LFB67:
 141:Core/Src/main.c ****   if (hadc->Instance != ADC1)
 130              		.loc 1 141 1 is_stmt 1 view -0
 131              		.cfi_startproc
 132              		@ args = 0, pretend = 0, frame = 0
 133              		@ frame_needed = 0, uses_anonymous_args = 0
 141:Core/Src/main.c ****   if (hadc->Instance != ADC1)
 134              		.loc 1 141 1 is_stmt 0 view .LVU21
 135 0000 08B5     		push	{r3, lr}
 136              	.LCFI2:
 137              		.cfi_def_cfa_offset 8
 138              		.cfi_offset 3, -8
 139              		.cfi_offset 14, -4
 142:Core/Src/main.c ****   {
 140              		.loc 1 142 3 is_stmt 1 view .LVU22
 142:Core/Src/main.c ****   {
 141              		.loc 1 142 11 is_stmt 0 view .LVU23
 142 0002 0268     		ldr	r2, [r0]
 142:Core/Src/main.c ****   {
 143              		.loc 1 142 6 view .LVU24
 144 0004 074B     		ldr	r3, .L13
 145 0006 9A42     		cmp	r2, r3
 146 0008 00D0     		beq	.L12
 147              	.LVL10:
 148              	.L9:
 155:Core/Src/main.c **** 
 149              		.loc 1 155 1 view .LVU25
 150 000a 08BD     		pop	{r3, pc}
 151              	.LVL11:
 152              	.L12:
 147:Core/Src/main.c ****   {
 153              		.loc 1 147 3 is_stmt 1 view .LVU26
 147:Core/Src/main.c ****   {
 154              		.loc 1 147 7 is_stmt 0 view .LVU27
 155 000c 064B     		ldr	r3, .L13+4
 156 000e 1B78     		ldrb	r3, [r3]	@ zero_extendqisi2
 147:Core/Src/main.c ****   {
 157              		.loc 1 147 6 view .LVU28
 158 0010 002B     		cmp	r3, #0
 159 0012 FAD1     		bne	.L9
 154:Core/Src/main.c **** }
 160              		.loc 1 154 3 is_stmt 1 view .LVU29
ARM GAS  /tmp/cc65CqnH.s 			page 7


 154:Core/Src/main.c **** }
 161              		.loc 1 154 32 is_stmt 0 view .LVU30
 162 0014 054B     		ldr	r3, .L13+8
 163 0016 1888     		ldrh	r0, [r3]
 164              	.LVL12:
 154:Core/Src/main.c **** }
 165              		.loc 1 154 44 view .LVU31
 166 0018 5988     		ldrh	r1, [r3, #2]
 154:Core/Src/main.c **** }
 167              		.loc 1 154 3 view .LVU32
 168 001a 89B2     		uxth	r1, r1
 169 001c 80B2     		uxth	r0, r0
 170 001e FFF7FEFF 		bl	TIM1_UpdatePWMFromADC
 171              	.LVL13:
 172 0022 F2E7     		b	.L9
 173              	.L14:
 174              		.align	2
 175              	.L13:
 176 0024 00240140 		.word	1073816576
 177 0028 00000000 		.word	g_usb_audio_playing
 178 002c 00000000 		.word	adc_buf
 179              		.cfi_endproc
 180              	.LFE67:
 182              		.section	.text.Error_Handler,"ax",%progbits
 183              		.align	1
 184              		.global	Error_Handler
 185              		.syntax unified
 186              		.thumb
 187              		.thumb_func
 189              	Error_Handler:
 190              	.LFB71:
 178:Core/Src/main.c **** 
 179:Core/Src/main.c **** /* USER CODE END 4 */
 180:Core/Src/main.c **** 
 181:Core/Src/main.c **** /**
 182:Core/Src/main.c ****   * @brief System Clock Configuration
 183:Core/Src/main.c ****   *        HSE(8MHz) -> PLLx9 -> SYSCLK=72MHz
 184:Core/Src/main.c ****   *        AHB=72MHz, APB1=36MHz(TIM3clk=72MHz), APB2=72MHz(TIM1clk=72MHz)
 185:Core/Src/main.c ****   *        ADCクロック = APB2/6 = 12MHz (adc.c の MspInit側で設定)
 186:Core/Src/main.c ****   * @retval None
 187:Core/Src/main.c ****   */
 188:Core/Src/main.c **** void SystemClock_Config(void)
 189:Core/Src/main.c **** {
 190:Core/Src/main.c ****   RCC_OscInitTypeDef RCC_OscInitStruct = {0};
 191:Core/Src/main.c ****   RCC_ClkInitTypeDef RCC_ClkInitStruct = {0};
 192:Core/Src/main.c **** 
 193:Core/Src/main.c ****   /** Initializes the RCC Oscillators according to the specified parameters
 194:Core/Src/main.c ****   * in the RCC_OscInitTypeDef structure.
 195:Core/Src/main.c ****   */
 196:Core/Src/main.c ****   RCC_OscInitStruct.OscillatorType = RCC_OSCILLATORTYPE_HSE;
 197:Core/Src/main.c ****   RCC_OscInitStruct.HSEState       = RCC_HSE_ON;
 198:Core/Src/main.c ****   RCC_OscInitStruct.HSEPredivValue = RCC_HSE_PREDIV_DIV1;
 199:Core/Src/main.c ****   RCC_OscInitStruct.HSIState       = RCC_HSI_ON;
 200:Core/Src/main.c ****   RCC_OscInitStruct.PLL.PLLState   = RCC_PLL_ON;
 201:Core/Src/main.c ****   RCC_OscInitStruct.PLL.PLLSource  = RCC_PLLSOURCE_HSE;
 202:Core/Src/main.c ****   RCC_OscInitStruct.PLL.PLLMUL     = RCC_PLL_MUL9;
 203:Core/Src/main.c ****   if (HAL_RCC_OscConfig(&RCC_OscInitStruct) != HAL_OK)
ARM GAS  /tmp/cc65CqnH.s 			page 8


 204:Core/Src/main.c ****   {
 205:Core/Src/main.c ****     Error_Handler();
 206:Core/Src/main.c ****   }
 207:Core/Src/main.c **** 
 208:Core/Src/main.c ****   /** Initializes the CPU, AHB and APB buses clocks
 209:Core/Src/main.c ****   */
 210:Core/Src/main.c ****   RCC_ClkInitStruct.ClockType = RCC_CLOCKTYPE_HCLK | RCC_CLOCKTYPE_SYSCLK
 211:Core/Src/main.c ****                               | RCC_CLOCKTYPE_PCLK1 | RCC_CLOCKTYPE_PCLK2;
 212:Core/Src/main.c ****   RCC_ClkInitStruct.SYSCLKSource   = RCC_SYSCLKSOURCE_PLLCLK;
 213:Core/Src/main.c ****   RCC_ClkInitStruct.AHBCLKDivider  = RCC_SYSCLK_DIV1;
 214:Core/Src/main.c ****   RCC_ClkInitStruct.APB1CLKDivider = RCC_HCLK_DIV2;  /* APB1=36MHz, TIM3clk=x2=72MHz */
 215:Core/Src/main.c ****   RCC_ClkInitStruct.APB2CLKDivider = RCC_HCLK_DIV1;  /* APB2=72MHz */
 216:Core/Src/main.c **** 
 217:Core/Src/main.c ****   if (HAL_RCC_ClockConfig(&RCC_ClkInitStruct, FLASH_LATENCY_2) != HAL_OK)
 218:Core/Src/main.c ****   {
 219:Core/Src/main.c ****     Error_Handler();
 220:Core/Src/main.c ****   }
 221:Core/Src/main.c **** }
 222:Core/Src/main.c **** 
 223:Core/Src/main.c **** /**
 224:Core/Src/main.c ****   * @brief  This function is executed in case of error occurrence.
 225:Core/Src/main.c ****   * @retval None
 226:Core/Src/main.c ****   */
 227:Core/Src/main.c **** void Error_Handler(void)
 228:Core/Src/main.c **** {
 191              		.loc 1 228 1 is_stmt 1 view -0
 192              		.cfi_startproc
 193              		@ Volatile: function does not return.
 194              		@ args = 0, pretend = 0, frame = 0
 195              		@ frame_needed = 0, uses_anonymous_args = 0
 196              		@ link register save eliminated.
 229:Core/Src/main.c ****   __disable_irq();
 197              		.loc 1 229 3 view .LVU34
 198              	.LBB4:
 199              	.LBI4:
 200              		.file 2 "Drivers/CMSIS/Include/cmsis_gcc.h"
   1:Drivers/CMSIS/Include/cmsis_gcc.h **** /**************************************************************************//**
   2:Drivers/CMSIS/Include/cmsis_gcc.h ****  * @file     cmsis_gcc.h
   3:Drivers/CMSIS/Include/cmsis_gcc.h ****  * @brief    CMSIS compiler GCC header file
   4:Drivers/CMSIS/Include/cmsis_gcc.h ****  * @version  V5.0.4
   5:Drivers/CMSIS/Include/cmsis_gcc.h ****  * @date     09. April 2018
   6:Drivers/CMSIS/Include/cmsis_gcc.h ****  ******************************************************************************/
   7:Drivers/CMSIS/Include/cmsis_gcc.h **** /*
   8:Drivers/CMSIS/Include/cmsis_gcc.h ****  * Copyright (c) 2009-2018 Arm Limited. All rights reserved.
   9:Drivers/CMSIS/Include/cmsis_gcc.h ****  *
  10:Drivers/CMSIS/Include/cmsis_gcc.h ****  * SPDX-License-Identifier: Apache-2.0
  11:Drivers/CMSIS/Include/cmsis_gcc.h ****  *
  12:Drivers/CMSIS/Include/cmsis_gcc.h ****  * Licensed under the Apache License, Version 2.0 (the License); you may
  13:Drivers/CMSIS/Include/cmsis_gcc.h ****  * not use this file except in compliance with the License.
  14:Drivers/CMSIS/Include/cmsis_gcc.h ****  * You may obtain a copy of the License at
  15:Drivers/CMSIS/Include/cmsis_gcc.h ****  *
  16:Drivers/CMSIS/Include/cmsis_gcc.h ****  * www.apache.org/licenses/LICENSE-2.0
  17:Drivers/CMSIS/Include/cmsis_gcc.h ****  *
  18:Drivers/CMSIS/Include/cmsis_gcc.h ****  * Unless required by applicable law or agreed to in writing, software
  19:Drivers/CMSIS/Include/cmsis_gcc.h ****  * distributed under the License is distributed on an AS IS BASIS, WITHOUT
  20:Drivers/CMSIS/Include/cmsis_gcc.h ****  * WARRANTIES OR CONDITIONS OF ANY KIND, either express or implied.
  21:Drivers/CMSIS/Include/cmsis_gcc.h ****  * See the License for the specific language governing permissions and
ARM GAS  /tmp/cc65CqnH.s 			page 9


  22:Drivers/CMSIS/Include/cmsis_gcc.h ****  * limitations under the License.
  23:Drivers/CMSIS/Include/cmsis_gcc.h ****  */
  24:Drivers/CMSIS/Include/cmsis_gcc.h **** 
  25:Drivers/CMSIS/Include/cmsis_gcc.h **** #ifndef __CMSIS_GCC_H
  26:Drivers/CMSIS/Include/cmsis_gcc.h **** #define __CMSIS_GCC_H
  27:Drivers/CMSIS/Include/cmsis_gcc.h **** 
  28:Drivers/CMSIS/Include/cmsis_gcc.h **** /* ignore some GCC warnings */
  29:Drivers/CMSIS/Include/cmsis_gcc.h **** #pragma GCC diagnostic push
  30:Drivers/CMSIS/Include/cmsis_gcc.h **** #pragma GCC diagnostic ignored "-Wsign-conversion"
  31:Drivers/CMSIS/Include/cmsis_gcc.h **** #pragma GCC diagnostic ignored "-Wconversion"
  32:Drivers/CMSIS/Include/cmsis_gcc.h **** #pragma GCC diagnostic ignored "-Wunused-parameter"
  33:Drivers/CMSIS/Include/cmsis_gcc.h **** 
  34:Drivers/CMSIS/Include/cmsis_gcc.h **** /* Fallback for __has_builtin */
  35:Drivers/CMSIS/Include/cmsis_gcc.h **** #ifndef __has_builtin
  36:Drivers/CMSIS/Include/cmsis_gcc.h ****   #define __has_builtin(x) (0)
  37:Drivers/CMSIS/Include/cmsis_gcc.h **** #endif
  38:Drivers/CMSIS/Include/cmsis_gcc.h **** 
  39:Drivers/CMSIS/Include/cmsis_gcc.h **** /* CMSIS compiler specific defines */
  40:Drivers/CMSIS/Include/cmsis_gcc.h **** #ifndef   __ASM
  41:Drivers/CMSIS/Include/cmsis_gcc.h ****   #define __ASM                                  __asm
  42:Drivers/CMSIS/Include/cmsis_gcc.h **** #endif
  43:Drivers/CMSIS/Include/cmsis_gcc.h **** #ifndef   __INLINE
  44:Drivers/CMSIS/Include/cmsis_gcc.h ****   #define __INLINE                               inline
  45:Drivers/CMSIS/Include/cmsis_gcc.h **** #endif
  46:Drivers/CMSIS/Include/cmsis_gcc.h **** #ifndef   __STATIC_INLINE
  47:Drivers/CMSIS/Include/cmsis_gcc.h ****   #define __STATIC_INLINE                        static inline
  48:Drivers/CMSIS/Include/cmsis_gcc.h **** #endif
  49:Drivers/CMSIS/Include/cmsis_gcc.h **** #ifndef   __STATIC_FORCEINLINE                 
  50:Drivers/CMSIS/Include/cmsis_gcc.h ****   #define __STATIC_FORCEINLINE                   __attribute__((always_inline)) static inline
  51:Drivers/CMSIS/Include/cmsis_gcc.h **** #endif                                           
  52:Drivers/CMSIS/Include/cmsis_gcc.h **** #ifndef   __NO_RETURN
  53:Drivers/CMSIS/Include/cmsis_gcc.h ****   #define __NO_RETURN                            __attribute__((__noreturn__))
  54:Drivers/CMSIS/Include/cmsis_gcc.h **** #endif
  55:Drivers/CMSIS/Include/cmsis_gcc.h **** #ifndef   __USED
  56:Drivers/CMSIS/Include/cmsis_gcc.h ****   #define __USED                                 __attribute__((used))
  57:Drivers/CMSIS/Include/cmsis_gcc.h **** #endif
  58:Drivers/CMSIS/Include/cmsis_gcc.h **** #ifndef   __WEAK
  59:Drivers/CMSIS/Include/cmsis_gcc.h ****   #define __WEAK                                 __attribute__((weak))
  60:Drivers/CMSIS/Include/cmsis_gcc.h **** #endif
  61:Drivers/CMSIS/Include/cmsis_gcc.h **** #ifndef   __PACKED
  62:Drivers/CMSIS/Include/cmsis_gcc.h ****   #define __PACKED                               __attribute__((packed, aligned(1)))
  63:Drivers/CMSIS/Include/cmsis_gcc.h **** #endif
  64:Drivers/CMSIS/Include/cmsis_gcc.h **** #ifndef   __PACKED_STRUCT
  65:Drivers/CMSIS/Include/cmsis_gcc.h ****   #define __PACKED_STRUCT                        struct __attribute__((packed, aligned(1)))
  66:Drivers/CMSIS/Include/cmsis_gcc.h **** #endif
  67:Drivers/CMSIS/Include/cmsis_gcc.h **** #ifndef   __PACKED_UNION
  68:Drivers/CMSIS/Include/cmsis_gcc.h ****   #define __PACKED_UNION                         union __attribute__((packed, aligned(1)))
  69:Drivers/CMSIS/Include/cmsis_gcc.h **** #endif
  70:Drivers/CMSIS/Include/cmsis_gcc.h **** #ifndef   __UNALIGNED_UINT32        /* deprecated */
  71:Drivers/CMSIS/Include/cmsis_gcc.h ****   #pragma GCC diagnostic push
  72:Drivers/CMSIS/Include/cmsis_gcc.h ****   #pragma GCC diagnostic ignored "-Wpacked"
  73:Drivers/CMSIS/Include/cmsis_gcc.h ****   #pragma GCC diagnostic ignored "-Wattributes"
  74:Drivers/CMSIS/Include/cmsis_gcc.h ****   struct __attribute__((packed)) T_UINT32 { uint32_t v; };
  75:Drivers/CMSIS/Include/cmsis_gcc.h ****   #pragma GCC diagnostic pop
  76:Drivers/CMSIS/Include/cmsis_gcc.h ****   #define __UNALIGNED_UINT32(x)                  (((struct T_UINT32 *)(x))->v)
  77:Drivers/CMSIS/Include/cmsis_gcc.h **** #endif
  78:Drivers/CMSIS/Include/cmsis_gcc.h **** #ifndef   __UNALIGNED_UINT16_WRITE
ARM GAS  /tmp/cc65CqnH.s 			page 10


  79:Drivers/CMSIS/Include/cmsis_gcc.h ****   #pragma GCC diagnostic push
  80:Drivers/CMSIS/Include/cmsis_gcc.h ****   #pragma GCC diagnostic ignored "-Wpacked"
  81:Drivers/CMSIS/Include/cmsis_gcc.h ****   #pragma GCC diagnostic ignored "-Wattributes"
  82:Drivers/CMSIS/Include/cmsis_gcc.h ****   __PACKED_STRUCT T_UINT16_WRITE { uint16_t v; };
  83:Drivers/CMSIS/Include/cmsis_gcc.h ****   #pragma GCC diagnostic pop
  84:Drivers/CMSIS/Include/cmsis_gcc.h ****   #define __UNALIGNED_UINT16_WRITE(addr, val)    (void)((((struct T_UINT16_WRITE *)(void *)(addr))-
  85:Drivers/CMSIS/Include/cmsis_gcc.h **** #endif
  86:Drivers/CMSIS/Include/cmsis_gcc.h **** #ifndef   __UNALIGNED_UINT16_READ
  87:Drivers/CMSIS/Include/cmsis_gcc.h ****   #pragma GCC diagnostic push
  88:Drivers/CMSIS/Include/cmsis_gcc.h ****   #pragma GCC diagnostic ignored "-Wpacked"
  89:Drivers/CMSIS/Include/cmsis_gcc.h ****   #pragma GCC diagnostic ignored "-Wattributes"
  90:Drivers/CMSIS/Include/cmsis_gcc.h ****   __PACKED_STRUCT T_UINT16_READ { uint16_t v; };
  91:Drivers/CMSIS/Include/cmsis_gcc.h ****   #pragma GCC diagnostic pop
  92:Drivers/CMSIS/Include/cmsis_gcc.h ****   #define __UNALIGNED_UINT16_READ(addr)          (((const struct T_UINT16_READ *)(const void *)(add
  93:Drivers/CMSIS/Include/cmsis_gcc.h **** #endif
  94:Drivers/CMSIS/Include/cmsis_gcc.h **** #ifndef   __UNALIGNED_UINT32_WRITE
  95:Drivers/CMSIS/Include/cmsis_gcc.h ****   #pragma GCC diagnostic push
  96:Drivers/CMSIS/Include/cmsis_gcc.h ****   #pragma GCC diagnostic ignored "-Wpacked"
  97:Drivers/CMSIS/Include/cmsis_gcc.h ****   #pragma GCC diagnostic ignored "-Wattributes"
  98:Drivers/CMSIS/Include/cmsis_gcc.h ****   __PACKED_STRUCT T_UINT32_WRITE { uint32_t v; };
  99:Drivers/CMSIS/Include/cmsis_gcc.h ****   #pragma GCC diagnostic pop
 100:Drivers/CMSIS/Include/cmsis_gcc.h ****   #define __UNALIGNED_UINT32_WRITE(addr, val)    (void)((((struct T_UINT32_WRITE *)(void *)(addr))-
 101:Drivers/CMSIS/Include/cmsis_gcc.h **** #endif
 102:Drivers/CMSIS/Include/cmsis_gcc.h **** #ifndef   __UNALIGNED_UINT32_READ
 103:Drivers/CMSIS/Include/cmsis_gcc.h ****   #pragma GCC diagnostic push
 104:Drivers/CMSIS/Include/cmsis_gcc.h ****   #pragma GCC diagnostic ignored "-Wpacked"
 105:Drivers/CMSIS/Include/cmsis_gcc.h ****   #pragma GCC diagnostic ignored "-Wattributes"
 106:Drivers/CMSIS/Include/cmsis_gcc.h ****   __PACKED_STRUCT T_UINT32_READ { uint32_t v; };
 107:Drivers/CMSIS/Include/cmsis_gcc.h ****   #pragma GCC diagnostic pop
 108:Drivers/CMSIS/Include/cmsis_gcc.h ****   #define __UNALIGNED_UINT32_READ(addr)          (((const struct T_UINT32_READ *)(const void *)(add
 109:Drivers/CMSIS/Include/cmsis_gcc.h **** #endif
 110:Drivers/CMSIS/Include/cmsis_gcc.h **** #ifndef   __ALIGNED
 111:Drivers/CMSIS/Include/cmsis_gcc.h ****   #define __ALIGNED(x)                           __attribute__((aligned(x)))
 112:Drivers/CMSIS/Include/cmsis_gcc.h **** #endif
 113:Drivers/CMSIS/Include/cmsis_gcc.h **** #ifndef   __RESTRICT
 114:Drivers/CMSIS/Include/cmsis_gcc.h ****   #define __RESTRICT                             __restrict
 115:Drivers/CMSIS/Include/cmsis_gcc.h **** #endif
 116:Drivers/CMSIS/Include/cmsis_gcc.h **** 
 117:Drivers/CMSIS/Include/cmsis_gcc.h **** 
 118:Drivers/CMSIS/Include/cmsis_gcc.h **** /* ###########################  Core Function Access  ########################### */
 119:Drivers/CMSIS/Include/cmsis_gcc.h **** /** \ingroup  CMSIS_Core_FunctionInterface
 120:Drivers/CMSIS/Include/cmsis_gcc.h ****     \defgroup CMSIS_Core_RegAccFunctions CMSIS Core Register Access Functions
 121:Drivers/CMSIS/Include/cmsis_gcc.h ****   @{
 122:Drivers/CMSIS/Include/cmsis_gcc.h ****  */
 123:Drivers/CMSIS/Include/cmsis_gcc.h **** 
 124:Drivers/CMSIS/Include/cmsis_gcc.h **** /**
 125:Drivers/CMSIS/Include/cmsis_gcc.h ****   \brief   Enable IRQ Interrupts
 126:Drivers/CMSIS/Include/cmsis_gcc.h ****   \details Enables IRQ interrupts by clearing the I-bit in the CPSR.
 127:Drivers/CMSIS/Include/cmsis_gcc.h ****            Can only be executed in Privileged modes.
 128:Drivers/CMSIS/Include/cmsis_gcc.h ****  */
 129:Drivers/CMSIS/Include/cmsis_gcc.h **** __STATIC_FORCEINLINE void __enable_irq(void)
 130:Drivers/CMSIS/Include/cmsis_gcc.h **** {
 131:Drivers/CMSIS/Include/cmsis_gcc.h ****   __ASM volatile ("cpsie i" : : : "memory");
 132:Drivers/CMSIS/Include/cmsis_gcc.h **** }
 133:Drivers/CMSIS/Include/cmsis_gcc.h **** 
 134:Drivers/CMSIS/Include/cmsis_gcc.h **** 
 135:Drivers/CMSIS/Include/cmsis_gcc.h **** /**
ARM GAS  /tmp/cc65CqnH.s 			page 11


 136:Drivers/CMSIS/Include/cmsis_gcc.h ****   \brief   Disable IRQ Interrupts
 137:Drivers/CMSIS/Include/cmsis_gcc.h ****   \details Disables IRQ interrupts by setting the I-bit in the CPSR.
 138:Drivers/CMSIS/Include/cmsis_gcc.h ****            Can only be executed in Privileged modes.
 139:Drivers/CMSIS/Include/cmsis_gcc.h ****  */
 140:Drivers/CMSIS/Include/cmsis_gcc.h **** __STATIC_FORCEINLINE void __disable_irq(void)
 201              		.loc 2 140 27 view .LVU35
 202              	.LBB5:
 141:Drivers/CMSIS/Include/cmsis_gcc.h **** {
 142:Drivers/CMSIS/Include/cmsis_gcc.h ****   __ASM volatile ("cpsid i" : : : "memory");
 203              		.loc 2 142 3 view .LVU36
 204              		.syntax unified
 205              	@ 142 "Drivers/CMSIS/Include/cmsis_gcc.h" 1
 206 0000 72B6     		cpsid i
 207              	@ 0 "" 2
 208              		.thumb
 209              		.syntax unified
 210              	.L16:
 211              	.LBE5:
 212              	.LBE4:
 230:Core/Src/main.c ****   while (1)
 213              		.loc 1 230 3 view .LVU37
 231:Core/Src/main.c ****   {
 232:Core/Src/main.c ****   }
 214              		.loc 1 232 3 view .LVU38
 230:Core/Src/main.c ****   while (1)
 215              		.loc 1 230 9 view .LVU39
 216 0002 FEE7     		b	.L16
 217              		.cfi_endproc
 218              	.LFE71:
 220              		.section	.text.SystemClock_Config,"ax",%progbits
 221              		.align	1
 222              		.global	SystemClock_Config
 223              		.syntax unified
 224              		.thumb
 225              		.thumb_func
 227              	SystemClock_Config:
 228              	.LFB70:
 189:Core/Src/main.c ****   RCC_OscInitTypeDef RCC_OscInitStruct = {0};
 229              		.loc 1 189 1 view -0
 230              		.cfi_startproc
 231              		@ args = 0, pretend = 0, frame = 64
 232              		@ frame_needed = 0, uses_anonymous_args = 0
 233 0000 00B5     		push	{lr}
 234              	.LCFI3:
 235              		.cfi_def_cfa_offset 4
 236              		.cfi_offset 14, -4
 237 0002 91B0     		sub	sp, sp, #68
 238              	.LCFI4:
 239              		.cfi_def_cfa_offset 72
 190:Core/Src/main.c ****   RCC_ClkInitTypeDef RCC_ClkInitStruct = {0};
 240              		.loc 1 190 3 view .LVU41
 190:Core/Src/main.c ****   RCC_ClkInitTypeDef RCC_ClkInitStruct = {0};
 241              		.loc 1 190 22 is_stmt 0 view .LVU42
 242 0004 2822     		movs	r2, #40
 243 0006 0021     		movs	r1, #0
 244 0008 06A8     		add	r0, sp, #24
 245 000a FFF7FEFF 		bl	memset
ARM GAS  /tmp/cc65CqnH.s 			page 12


 246              	.LVL14:
 191:Core/Src/main.c **** 
 247              		.loc 1 191 3 is_stmt 1 view .LVU43
 191:Core/Src/main.c **** 
 248              		.loc 1 191 22 is_stmt 0 view .LVU44
 249 000e 0023     		movs	r3, #0
 250 0010 0193     		str	r3, [sp, #4]
 251 0012 0293     		str	r3, [sp, #8]
 252 0014 0393     		str	r3, [sp, #12]
 253 0016 0493     		str	r3, [sp, #16]
 254 0018 0593     		str	r3, [sp, #20]
 196:Core/Src/main.c ****   RCC_OscInitStruct.HSEState       = RCC_HSE_ON;
 255              		.loc 1 196 3 is_stmt 1 view .LVU45
 196:Core/Src/main.c ****   RCC_OscInitStruct.HSEState       = RCC_HSE_ON;
 256              		.loc 1 196 36 is_stmt 0 view .LVU46
 257 001a 0122     		movs	r2, #1
 258 001c 0692     		str	r2, [sp, #24]
 197:Core/Src/main.c ****   RCC_OscInitStruct.HSEPredivValue = RCC_HSE_PREDIV_DIV1;
 259              		.loc 1 197 3 is_stmt 1 view .LVU47
 197:Core/Src/main.c ****   RCC_OscInitStruct.HSEPredivValue = RCC_HSE_PREDIV_DIV1;
 260              		.loc 1 197 36 is_stmt 0 view .LVU48
 261 001e 4FF48033 		mov	r3, #65536
 262 0022 0793     		str	r3, [sp, #28]
 198:Core/Src/main.c ****   RCC_OscInitStruct.HSIState       = RCC_HSI_ON;
 263              		.loc 1 198 3 is_stmt 1 view .LVU49
 199:Core/Src/main.c ****   RCC_OscInitStruct.PLL.PLLState   = RCC_PLL_ON;
 264              		.loc 1 199 3 view .LVU50
 199:Core/Src/main.c ****   RCC_OscInitStruct.PLL.PLLState   = RCC_PLL_ON;
 265              		.loc 1 199 36 is_stmt 0 view .LVU51
 266 0024 0A92     		str	r2, [sp, #40]
 200:Core/Src/main.c ****   RCC_OscInitStruct.PLL.PLLSource  = RCC_PLLSOURCE_HSE;
 267              		.loc 1 200 3 is_stmt 1 view .LVU52
 200:Core/Src/main.c ****   RCC_OscInitStruct.PLL.PLLSource  = RCC_PLLSOURCE_HSE;
 268              		.loc 1 200 36 is_stmt 0 view .LVU53
 269 0026 0222     		movs	r2, #2
 270 0028 0D92     		str	r2, [sp, #52]
 201:Core/Src/main.c ****   RCC_OscInitStruct.PLL.PLLMUL     = RCC_PLL_MUL9;
 271              		.loc 1 201 3 is_stmt 1 view .LVU54
 201:Core/Src/main.c ****   RCC_OscInitStruct.PLL.PLLMUL     = RCC_PLL_MUL9;
 272              		.loc 1 201 36 is_stmt 0 view .LVU55
 273 002a 0E93     		str	r3, [sp, #56]
 202:Core/Src/main.c ****   if (HAL_RCC_OscConfig(&RCC_OscInitStruct) != HAL_OK)
 274              		.loc 1 202 3 is_stmt 1 view .LVU56
 202:Core/Src/main.c ****   if (HAL_RCC_OscConfig(&RCC_OscInitStruct) != HAL_OK)
 275              		.loc 1 202 36 is_stmt 0 view .LVU57
 276 002c 4FF4E013 		mov	r3, #1835008
 277 0030 0F93     		str	r3, [sp, #60]
 203:Core/Src/main.c ****   {
 278              		.loc 1 203 3 is_stmt 1 view .LVU58
 203:Core/Src/main.c ****   {
 279              		.loc 1 203 7 is_stmt 0 view .LVU59
 280 0032 06A8     		add	r0, sp, #24
 281 0034 FFF7FEFF 		bl	HAL_RCC_OscConfig
 282              	.LVL15:
 203:Core/Src/main.c ****   {
 283              		.loc 1 203 6 discriminator 1 view .LVU60
 284 0038 80B9     		cbnz	r0, .L21
ARM GAS  /tmp/cc65CqnH.s 			page 13


 210:Core/Src/main.c ****                               | RCC_CLOCKTYPE_PCLK1 | RCC_CLOCKTYPE_PCLK2;
 285              		.loc 1 210 3 is_stmt 1 view .LVU61
 210:Core/Src/main.c ****                               | RCC_CLOCKTYPE_PCLK1 | RCC_CLOCKTYPE_PCLK2;
 286              		.loc 1 210 31 is_stmt 0 view .LVU62
 287 003a 0F23     		movs	r3, #15
 288 003c 0193     		str	r3, [sp, #4]
 212:Core/Src/main.c ****   RCC_ClkInitStruct.AHBCLKDivider  = RCC_SYSCLK_DIV1;
 289              		.loc 1 212 3 is_stmt 1 view .LVU63
 212:Core/Src/main.c ****   RCC_ClkInitStruct.AHBCLKDivider  = RCC_SYSCLK_DIV1;
 290              		.loc 1 212 36 is_stmt 0 view .LVU64
 291 003e 0221     		movs	r1, #2
 292 0040 0291     		str	r1, [sp, #8]
 213:Core/Src/main.c ****   RCC_ClkInitStruct.APB1CLKDivider = RCC_HCLK_DIV2;  /* APB1=36MHz, TIM3clk=x2=72MHz */
 293              		.loc 1 213 3 is_stmt 1 view .LVU65
 213:Core/Src/main.c ****   RCC_ClkInitStruct.APB1CLKDivider = RCC_HCLK_DIV2;  /* APB1=36MHz, TIM3clk=x2=72MHz */
 294              		.loc 1 213 36 is_stmt 0 view .LVU66
 295 0042 0023     		movs	r3, #0
 296 0044 0393     		str	r3, [sp, #12]
 214:Core/Src/main.c ****   RCC_ClkInitStruct.APB2CLKDivider = RCC_HCLK_DIV1;  /* APB2=72MHz */
 297              		.loc 1 214 3 is_stmt 1 view .LVU67
 214:Core/Src/main.c ****   RCC_ClkInitStruct.APB2CLKDivider = RCC_HCLK_DIV1;  /* APB2=72MHz */
 298              		.loc 1 214 36 is_stmt 0 view .LVU68
 299 0046 4FF48062 		mov	r2, #1024
 300 004a 0492     		str	r2, [sp, #16]
 215:Core/Src/main.c **** 
 301              		.loc 1 215 3 is_stmt 1 view .LVU69
 215:Core/Src/main.c **** 
 302              		.loc 1 215 36 is_stmt 0 view .LVU70
 303 004c 0593     		str	r3, [sp, #20]
 217:Core/Src/main.c ****   {
 304              		.loc 1 217 3 is_stmt 1 view .LVU71
 217:Core/Src/main.c ****   {
 305              		.loc 1 217 7 is_stmt 0 view .LVU72
 306 004e 01A8     		add	r0, sp, #4
 307 0050 FFF7FEFF 		bl	HAL_RCC_ClockConfig
 308              	.LVL16:
 217:Core/Src/main.c ****   {
 309              		.loc 1 217 6 discriminator 1 view .LVU73
 310 0054 20B9     		cbnz	r0, .L22
 221:Core/Src/main.c **** 
 311              		.loc 1 221 1 view .LVU74
 312 0056 11B0     		add	sp, sp, #68
 313              	.LCFI5:
 314              		.cfi_remember_state
 315              		.cfi_def_cfa_offset 4
 316              		@ sp needed
 317 0058 5DF804FB 		ldr	pc, [sp], #4
 318              	.L21:
 319              	.LCFI6:
 320              		.cfi_restore_state
 205:Core/Src/main.c ****   }
 321              		.loc 1 205 5 is_stmt 1 view .LVU75
 322 005c FFF7FEFF 		bl	Error_Handler
 323              	.LVL17:
 324              	.L22:
 219:Core/Src/main.c ****   }
 325              		.loc 1 219 5 view .LVU76
ARM GAS  /tmp/cc65CqnH.s 			page 14


 326 0060 FFF7FEFF 		bl	Error_Handler
 327              	.LVL18:
 328              		.cfi_endproc
 329              	.LFE70:
 331              		.section	.rodata.main.str1.4,"aMS",%progbits,1
 332              		.align	2
 333              	.LC0:
 334 0000 53544D33 		.ascii	"STM32 USB Audio DAC v1 (bare-metal HAL) START\015\012"
 334      32205553 
 334      42204175 
 334      64696F20 
 334      44414320 
 335 002f 00       		.ascii	"\000"
 336              		.align	2
 337              	.LC1:
 338 0030 55534220 		.ascii	"USB Audio Class device started\015\012\000"
 338      41756469 
 338      6F20436C 
 338      61737320 
 338      64657669 
 339 0051 000000   		.align	2
 340              	.LC2:
 341 0054 5B737461 		.ascii	"[status] USB audio playing -> PWM\015\012\000"
 341      7475735D 
 341      20555342 
 341      20617564 
 341      696F2070 
 342              		.align	2
 343              	.LC3:
 344 0078 5B737461 		.ascii	"[status] ADC analog input -> PWM\015\012\000"
 344      7475735D 
 344      20414443 
 344      20616E61 
 344      6C6F6720 
 345              		.section	.text.main,"ax",%progbits
 346              		.align	1
 347              		.global	main
 348              		.syntax unified
 349              		.thumb
 350              		.thumb_func
 352              	main:
 353              	.LFB66:
  40:Core/Src/main.c ****   /* MCU Configuration--------------------------------------------------------*/
 354              		.loc 1 40 1 view -0
 355              		.cfi_startproc
 356              		@ args = 0, pretend = 0, frame = 0
 357              		@ frame_needed = 0, uses_anonymous_args = 0
 358 0000 10B5     		push	{r4, lr}
 359              	.LCFI7:
 360              		.cfi_def_cfa_offset 8
 361              		.cfi_offset 4, -8
 362              		.cfi_offset 14, -4
  42:Core/Src/main.c **** 
 363              		.loc 1 42 3 view .LVU78
 364 0002 FFF7FEFF 		bl	HAL_Init
 365              	.LVL19:
  45:Core/Src/main.c **** 
ARM GAS  /tmp/cc65CqnH.s 			page 15


 366              		.loc 1 45 3 view .LVU79
 367 0006 FFF7FEFF 		bl	SystemClock_Config
 368              	.LVL20:
  48:Core/Src/main.c ****   MX_DMA_Init();
 369              		.loc 1 48 3 view .LVU80
 370 000a FFF7FEFF 		bl	MX_GPIO_Init
 371              	.LVL21:
  49:Core/Src/main.c ****   MX_ADC1_Init();
 372              		.loc 1 49 3 view .LVU81
 373 000e FFF7FEFF 		bl	MX_DMA_Init
 374              	.LVL22:
  50:Core/Src/main.c ****   MX_TIM1_Init();
 375              		.loc 1 50 3 view .LVU82
 376 0012 FFF7FEFF 		bl	MX_ADC1_Init
 377              	.LVL23:
  51:Core/Src/main.c ****   MX_TIM3_Init();
 378              		.loc 1 51 3 view .LVU83
 379 0016 FFF7FEFF 		bl	MX_TIM1_Init
 380              	.LVL24:
  52:Core/Src/main.c ****   MX_TIM4_Init();     /* USBオーディオ サンプルレート(16kHz)タイマー */
 381              		.loc 1 52 3 view .LVU84
 382 001a FFF7FEFF 		bl	MX_TIM3_Init
 383              	.LVL25:
  53:Core/Src/main.c ****   MX_USART2_UART_Init();
 384              		.loc 1 53 3 view .LVU85
 385 001e FFF7FEFF 		bl	MX_TIM4_Init
 386              	.LVL26:
  54:Core/Src/main.c **** 
 387              		.loc 1 54 3 view .LVU86
 388 0022 FFF7FEFF 		bl	MX_USART2_UART_Init
 389              	.LVL27:
  59:Core/Src/main.c ****   {
 390              		.loc 1 59 3 view .LVU87
  59:Core/Src/main.c ****   {
 391              		.loc 1 59 7 is_stmt 0 view .LVU88
 392 0026 2A48     		ldr	r0, .L36
 393 0028 FFF7FEFF 		bl	HAL_ADCEx_Calibration_Start
 394              	.LVL28:
  59:Core/Src/main.c ****   {
 395              		.loc 1 59 6 discriminator 1 view .LVU89
 396 002c 08B1     		cbz	r0, .L24
  61:Core/Src/main.c ****   }
 397              		.loc 1 61 5 is_stmt 1 view .LVU90
 398 002e FFF7FEFF 		bl	Error_Handler
 399              	.LVL29:
 400              	.L24:
  65:Core/Src/main.c ****   {
 401              		.loc 1 65 3 view .LVU91
  65:Core/Src/main.c ****   {
 402              		.loc 1 65 7 is_stmt 0 view .LVU92
 403 0032 0021     		movs	r1, #0
 404 0034 2748     		ldr	r0, .L36+4
 405 0036 FFF7FEFF 		bl	HAL_TIM_PWM_Start
 406              	.LVL30:
  65:Core/Src/main.c ****   {
 407              		.loc 1 65 6 discriminator 1 view .LVU93
 408 003a 08B1     		cbz	r0, .L25
ARM GAS  /tmp/cc65CqnH.s 			page 16


  67:Core/Src/main.c ****   }
 409              		.loc 1 67 5 is_stmt 1 view .LVU94
 410 003c FFF7FEFF 		bl	Error_Handler
 411              	.LVL31:
 412              	.L25:
  69:Core/Src/main.c ****   {
 413              		.loc 1 69 3 view .LVU95
  69:Core/Src/main.c ****   {
 414              		.loc 1 69 7 is_stmt 0 view .LVU96
 415 0040 0021     		movs	r1, #0
 416 0042 2448     		ldr	r0, .L36+4
 417 0044 FFF7FEFF 		bl	HAL_TIMEx_PWMN_Start
 418              	.LVL32:
  69:Core/Src/main.c ****   {
 419              		.loc 1 69 6 discriminator 1 view .LVU97
 420 0048 08B1     		cbz	r0, .L26
  71:Core/Src/main.c ****   }
 421              		.loc 1 71 5 is_stmt 1 view .LVU98
 422 004a FFF7FEFF 		bl	Error_Handler
 423              	.LVL33:
 424              	.L26:
  73:Core/Src/main.c ****   {
 425              		.loc 1 73 3 view .LVU99
  73:Core/Src/main.c ****   {
 426              		.loc 1 73 7 is_stmt 0 view .LVU100
 427 004e 0421     		movs	r1, #4
 428 0050 2048     		ldr	r0, .L36+4
 429 0052 FFF7FEFF 		bl	HAL_TIM_PWM_Start
 430              	.LVL34:
  73:Core/Src/main.c ****   {
 431              		.loc 1 73 6 discriminator 1 view .LVU101
 432 0056 08B1     		cbz	r0, .L27
  75:Core/Src/main.c ****   }
 433              		.loc 1 75 5 is_stmt 1 view .LVU102
 434 0058 FFF7FEFF 		bl	Error_Handler
 435              	.LVL35:
 436              	.L27:
  77:Core/Src/main.c ****   {
 437              		.loc 1 77 3 view .LVU103
  77:Core/Src/main.c ****   {
 438              		.loc 1 77 7 is_stmt 0 view .LVU104
 439 005c 0421     		movs	r1, #4
 440 005e 1D48     		ldr	r0, .L36+4
 441 0060 FFF7FEFF 		bl	HAL_TIMEx_PWMN_Start
 442              	.LVL36:
  77:Core/Src/main.c ****   {
 443              		.loc 1 77 6 discriminator 1 view .LVU105
 444 0064 08B1     		cbz	r0, .L28
  79:Core/Src/main.c ****   }
 445              		.loc 1 79 5 is_stmt 1 view .LVU106
 446 0066 FFF7FEFF 		bl	Error_Handler
 447              	.LVL37:
 448              	.L28:
  83:Core/Src/main.c ****   {
 449              		.loc 1 83 3 view .LVU107
  83:Core/Src/main.c ****   {
 450              		.loc 1 83 7 is_stmt 0 view .LVU108
ARM GAS  /tmp/cc65CqnH.s 			page 17


 451 006a 0222     		movs	r2, #2
 452 006c 1A49     		ldr	r1, .L36+8
 453 006e 1848     		ldr	r0, .L36
 454 0070 FFF7FEFF 		bl	HAL_ADC_Start_DMA
 455              	.LVL38:
  83:Core/Src/main.c ****   {
 456              		.loc 1 83 6 discriminator 1 view .LVU109
 457 0074 08B1     		cbz	r0, .L29
  85:Core/Src/main.c ****   }
 458              		.loc 1 85 5 is_stmt 1 view .LVU110
 459 0076 FFF7FEFF 		bl	Error_Handler
 460              	.LVL39:
 461              	.L29:
  89:Core/Src/main.c ****   {
 462              		.loc 1 89 3 view .LVU111
  89:Core/Src/main.c ****   {
 463              		.loc 1 89 7 is_stmt 0 view .LVU112
 464 007a 1848     		ldr	r0, .L36+12
 465 007c FFF7FEFF 		bl	HAL_TIM_Base_Start
 466              	.LVL40:
  89:Core/Src/main.c ****   {
 467              		.loc 1 89 6 discriminator 1 view .LVU113
 468 0080 08B1     		cbz	r0, .L30
  91:Core/Src/main.c ****   }
 469              		.loc 1 91 5 is_stmt 1 view .LVU114
 470 0082 FFF7FEFF 		bl	Error_Handler
 471              	.LVL41:
 472              	.L30:
  95:Core/Src/main.c **** 
 473              		.loc 1 95 3 view .LVU115
 474 0086 1648     		ldr	r0, .L36+16
 475 0088 FFF7FEFF 		bl	UART2_Print
 476              	.LVL42:
  98:Core/Src/main.c ****   UART2_Print("USB Audio Class device started\r\n");
 477              		.loc 1 98 3 view .LVU116
 478 008c FFF7FEFF 		bl	MX_USB_DEVICE_Init
 479              	.LVL43:
  99:Core/Src/main.c **** 
 480              		.loc 1 99 3 view .LVU117
 481 0090 1448     		ldr	r0, .L36+20
 482 0092 FFF7FEFF 		bl	UART2_Print
 483              	.LVL44:
 105:Core/Src/main.c ****   while (1)
 484              		.loc 1 105 3 view .LVU118
 105:Core/Src/main.c ****   while (1)
 485              		.loc 1 105 28 is_stmt 0 view .LVU119
 486 0096 FFF7FEFF 		bl	HAL_GetTick
 487              	.LVL45:
 488 009a 0446     		mov	r4, r0
 489              	.LVL46:
 105:Core/Src/main.c ****   while (1)
 490              		.loc 1 105 28 view .LVU120
 491 009c 02E0     		b	.L32
 492              	.LVL47:
 493              	.L33:
 119:Core/Src/main.c ****       }
 494              		.loc 1 119 9 is_stmt 1 view .LVU121
ARM GAS  /tmp/cc65CqnH.s 			page 18


 495 009e 1248     		ldr	r0, .L36+24
 496 00a0 FFF7FEFF 		bl	UART2_Print
 497              	.LVL48:
 498              	.L32:
 106:Core/Src/main.c ****   {
 499              		.loc 1 106 3 view .LVU122
 108:Core/Src/main.c ****     {
 500              		.loc 1 108 5 view .LVU123
 108:Core/Src/main.c ****     {
 501              		.loc 1 108 10 is_stmt 0 view .LVU124
 502 00a4 FFF7FEFF 		bl	HAL_GetTick
 503              	.LVL49:
 108:Core/Src/main.c ****     {
 504              		.loc 1 108 24 discriminator 1 view .LVU125
 505 00a8 001B     		subs	r0, r0, r4
 108:Core/Src/main.c ****     {
 506              		.loc 1 108 8 discriminator 1 view .LVU126
 507 00aa B0F5FA7F 		cmp	r0, #500
 508 00ae F9D3     		bcc	.L32
 110:Core/Src/main.c ****       HAL_GPIO_TogglePin(LED_GPIO_Port, LED_Pin);
 509              		.loc 1 110 7 is_stmt 1 view .LVU127
 110:Core/Src/main.c ****       HAL_GPIO_TogglePin(LED_GPIO_Port, LED_Pin);
 510              		.loc 1 110 23 is_stmt 0 view .LVU128
 511 00b0 FFF7FEFF 		bl	HAL_GetTick
 512              	.LVL50:
 513 00b4 0446     		mov	r4, r0
 514              	.LVL51:
 111:Core/Src/main.c **** 
 515              		.loc 1 111 7 is_stmt 1 view .LVU129
 516 00b6 4FF40051 		mov	r1, #8192
 517 00ba 0C48     		ldr	r0, .L36+28
 518              	.LVL52:
 111:Core/Src/main.c **** 
 519              		.loc 1 111 7 is_stmt 0 view .LVU130
 520 00bc FFF7FEFF 		bl	HAL_GPIO_TogglePin
 521              	.LVL53:
 113:Core/Src/main.c ****       {
 522              		.loc 1 113 7 is_stmt 1 view .LVU131
 113:Core/Src/main.c ****       {
 523              		.loc 1 113 11 is_stmt 0 view .LVU132
 524 00c0 0B4B     		ldr	r3, .L36+32
 525 00c2 1B78     		ldrb	r3, [r3]	@ zero_extendqisi2
 113:Core/Src/main.c ****       {
 526              		.loc 1 113 10 view .LVU133
 527 00c4 002B     		cmp	r3, #0
 528 00c6 EAD0     		beq	.L33
 115:Core/Src/main.c ****       }
 529              		.loc 1 115 9 is_stmt 1 view .LVU134
 530 00c8 0A48     		ldr	r0, .L36+36
 531 00ca FFF7FEFF 		bl	UART2_Print
 532              	.LVL54:
 533 00ce E9E7     		b	.L32
 534              	.L37:
 535              		.align	2
 536              	.L36:
 537 00d0 00000000 		.word	hadc1
 538 00d4 00000000 		.word	htim1
ARM GAS  /tmp/cc65CqnH.s 			page 19


 539 00d8 00000000 		.word	adc_buf
 540 00dc 00000000 		.word	htim3
 541 00e0 00000000 		.word	.LC0
 542 00e4 30000000 		.word	.LC1
 543 00e8 78000000 		.word	.LC3
 544 00ec 00100140 		.word	1073811456
 545 00f0 00000000 		.word	g_usb_audio_playing
 546 00f4 54000000 		.word	.LC2
 547              		.cfi_endproc
 548              	.LFE66:
 550              		.text
 551              	.Letext0:
 552              		.file 3 "/usr/lib/gcc/arm-none-eabi/13.2.1/include/stdint.h"
 553              		.file 4 "Drivers/CMSIS/Device/ST/STM32F1xx/Include/stm32f103xb.h"
 554              		.file 5 "Drivers/CMSIS/Device/ST/STM32F1xx/Include/stm32f1xx.h"
 555              		.file 6 "/usr/lib/gcc/arm-none-eabi/13.2.1/include/stddef.h"
 556              		.file 7 "Drivers/STM32F1xx_HAL_Driver/Inc/stm32f1xx_hal_def.h"
 557              		.file 8 "Drivers/STM32F1xx_HAL_Driver/Inc/stm32f1xx_hal_rcc.h"
 558              		.file 9 "Drivers/STM32F1xx_HAL_Driver/Inc/stm32f1xx_hal_rcc_ex.h"
 559              		.file 10 "Drivers/STM32F1xx_HAL_Driver/Inc/stm32f1xx_hal_dma.h"
 560              		.file 11 "Drivers/STM32F1xx_HAL_Driver/Inc/stm32f1xx_hal_adc.h"
 561              		.file 12 "Drivers/STM32F1xx_HAL_Driver/Inc/stm32f1xx_hal_tim.h"
 562              		.file 13 "Drivers/STM32F1xx_HAL_Driver/Inc/stm32f1xx_hal_uart.h"
 563              		.file 14 "Core/Inc/adc.h"
 564              		.file 15 "Core/Inc/tim.h"
 565              		.file 16 "Core/Inc/usart.h"
 566              		.file 17 "USB_DEVICE/App/usbd_audio_if.h"
 567              		.file 18 "/usr/include/newlib/string.h"
 568              		.file 19 "Drivers/STM32F1xx_HAL_Driver/Inc/stm32f1xx_hal_tim_ex.h"
 569              		.file 20 "Drivers/STM32F1xx_HAL_Driver/Inc/stm32f1xx_hal_adc_ex.h"
 570              		.file 21 "USB_DEVICE/App/usb_device.h"
 571              		.file 22 "Core/Inc/dma.h"
 572              		.file 23 "Core/Inc/gpio.h"
 573              		.file 24 "Drivers/STM32F1xx_HAL_Driver/Inc/stm32f1xx_hal.h"
 574              		.file 25 "Drivers/STM32F1xx_HAL_Driver/Inc/stm32f1xx_hal_gpio.h"
 575              		.file 26 "<built-in>"
ARM GAS  /tmp/cc65CqnH.s 			page 20


DEFINED SYMBOLS
                            *ABS*:00000000 main.c
     /tmp/cc65CqnH.s:19     .text.TIM1_UpdatePWMFromADC:00000000 $t
     /tmp/cc65CqnH.s:24     .text.TIM1_UpdatePWMFromADC:00000000 TIM1_UpdatePWMFromADC
     /tmp/cc65CqnH.s:73     .text.TIM1_UpdatePWMFromADC:00000038 $d
     /tmp/cc65CqnH.s:79     .text.UART2_Print:00000000 $t
     /tmp/cc65CqnH.s:84     .text.UART2_Print:00000000 UART2_Print
     /tmp/cc65CqnH.s:116    .text.UART2_Print:00000018 $d
     /tmp/cc65CqnH.s:121    .text.HAL_ADC_ConvCpltCallback:00000000 $t
     /tmp/cc65CqnH.s:127    .text.HAL_ADC_ConvCpltCallback:00000000 HAL_ADC_ConvCpltCallback
     /tmp/cc65CqnH.s:176    .text.HAL_ADC_ConvCpltCallback:00000024 $d
     /tmp/cc65CqnH.s:183    .text.Error_Handler:00000000 $t
     /tmp/cc65CqnH.s:189    .text.Error_Handler:00000000 Error_Handler
     /tmp/cc65CqnH.s:221    .text.SystemClock_Config:00000000 $t
     /tmp/cc65CqnH.s:227    .text.SystemClock_Config:00000000 SystemClock_Config
     /tmp/cc65CqnH.s:332    .rodata.main.str1.4:00000000 $d
     /tmp/cc65CqnH.s:346    .text.main:00000000 $t
     /tmp/cc65CqnH.s:352    .text.main:00000000 main
     /tmp/cc65CqnH.s:537    .text.main:000000d0 $d

UNDEFINED SYMBOLS
htim1
strlen
HAL_UART_Transmit
huart2
g_usb_audio_playing
adc_buf
memset
HAL_RCC_OscConfig
HAL_RCC_ClockConfig
HAL_Init
MX_GPIO_Init
MX_DMA_Init
MX_ADC1_Init
MX_TIM1_Init
MX_TIM3_Init
MX_TIM4_Init
MX_USART2_UART_Init
HAL_ADCEx_Calibration_Start
HAL_TIM_PWM_Start
HAL_TIMEx_PWMN_Start
HAL_ADC_Start_DMA
HAL_TIM_Base_Start
MX_USB_DEVICE_Init
HAL_GetTick
HAL_GPIO_TogglePin
hadc1
htim3
