Archive member included to satisfy reference by file (symbol)

/usr/lib/gcc/arm-none-eabi/13.2.1/../../../arm-none-eabi/lib/thumb/v7-m/nofp/libc_nano.a(libc_a-strlen-stub.o)
                              build/main.o (strlen)
/usr/lib/gcc/arm-none-eabi/13.2.1/../../../arm-none-eabi/lib/thumb/v7-m/nofp/libc_nano.a(libc_a-init.o)
                              /usr/lib/gcc/arm-none-eabi/13.2.1/../../../arm-none-eabi/lib/thumb/v7-m/nofp/crt0.o (__libc_init_array)
/usr/lib/gcc/arm-none-eabi/13.2.1/../../../arm-none-eabi/lib/thumb/v7-m/nofp/libc_nano.a(libc_a-memset.o)
                              /usr/lib/gcc/arm-none-eabi/13.2.1/../../../arm-none-eabi/lib/thumb/v7-m/nofp/crt0.o (memset)
/usr/lib/gcc/arm-none-eabi/13.2.1/../../../arm-none-eabi/lib/thumb/v7-m/nofp/libc_nano.a(libc_a-errno.o)
                              build/sysmem.o (__errno)
/usr/lib/gcc/arm-none-eabi/13.2.1/../../../arm-none-eabi/lib/thumb/v7-m/nofp/libc_nano.a(libc_a-exit.o)
                              /usr/lib/gcc/arm-none-eabi/13.2.1/../../../arm-none-eabi/lib/thumb/v7-m/nofp/crt0.o (exit)
/usr/lib/gcc/arm-none-eabi/13.2.1/../../../arm-none-eabi/lib/thumb/v7-m/nofp/libc_nano.a(libc_a-atexit.o)
                              /usr/lib/gcc/arm-none-eabi/13.2.1/../../../arm-none-eabi/lib/thumb/v7-m/nofp/crt0.o (atexit)
/usr/lib/gcc/arm-none-eabi/13.2.1/../../../arm-none-eabi/lib/thumb/v7-m/nofp/libc_nano.a(libc_a-fini.o)
                              /usr/lib/gcc/arm-none-eabi/13.2.1/../../../arm-none-eabi/lib/thumb/v7-m/nofp/crt0.o (__libc_fini_array)
/usr/lib/gcc/arm-none-eabi/13.2.1/../../../arm-none-eabi/lib/thumb/v7-m/nofp/libc_nano.a(libc_a-impure.o)
                              /usr/lib/gcc/arm-none-eabi/13.2.1/../../../arm-none-eabi/lib/thumb/v7-m/nofp/libc_nano.a(libc_a-errno.o) (_impure_ptr)
/usr/lib/gcc/arm-none-eabi/13.2.1/../../../arm-none-eabi/lib/thumb/v7-m/nofp/libc_nano.a(libc_a-findfp.o)
                              /usr/lib/gcc/arm-none-eabi/13.2.1/../../../arm-none-eabi/lib/thumb/v7-m/nofp/libc_nano.a(libc_a-exit.o) (__stdio_exit_handler)
/usr/lib/gcc/arm-none-eabi/13.2.1/../../../arm-none-eabi/lib/thumb/v7-m/nofp/libc_nano.a(libc_a-fflush.o)
                              /usr/lib/gcc/arm-none-eabi/13.2.1/../../../arm-none-eabi/lib/thumb/v7-m/nofp/libc_nano.a(libc_a-findfp.o) (_fflush_r)
/usr/lib/gcc/arm-none-eabi/13.2.1/../../../arm-none-eabi/lib/thumb/v7-m/nofp/libc_nano.a(libc_a-mallocr.o)
                              /usr/lib/gcc/arm-none-eabi/13.2.1/../../../arm-none-eabi/lib/thumb/v7-m/nofp/libc_nano.a(libc_a-findfp.o) (_malloc_r)
/usr/lib/gcc/arm-none-eabi/13.2.1/../../../arm-none-eabi/lib/thumb/v7-m/nofp/libc_nano.a(libc_a-freer.o)
                              /usr/lib/gcc/arm-none-eabi/13.2.1/../../../arm-none-eabi/lib/thumb/v7-m/nofp/libc_nano.a(libc_a-fflush.o) (_free_r)
/usr/lib/gcc/arm-none-eabi/13.2.1/../../../arm-none-eabi/lib/thumb/v7-m/nofp/libc_nano.a(libc_a-fwalk.o)
                              /usr/lib/gcc/arm-none-eabi/13.2.1/../../../arm-none-eabi/lib/thumb/v7-m/nofp/libc_nano.a(libc_a-findfp.o) (_fwalk_sglue)
/usr/lib/gcc/arm-none-eabi/13.2.1/../../../arm-none-eabi/lib/thumb/v7-m/nofp/libc_nano.a(libc_a-__atexit.o)
                              /usr/lib/gcc/arm-none-eabi/13.2.1/../../../arm-none-eabi/lib/thumb/v7-m/nofp/libc_nano.a(libc_a-atexit.o) (__register_exitproc)
/usr/lib/gcc/arm-none-eabi/13.2.1/../../../arm-none-eabi/lib/thumb/v7-m/nofp/libc_nano.a(libc_a-mlock.o)
                              /usr/lib/gcc/arm-none-eabi/13.2.1/../../../arm-none-eabi/lib/thumb/v7-m/nofp/libc_nano.a(libc_a-mallocr.o) (__malloc_lock)
/usr/lib/gcc/arm-none-eabi/13.2.1/../../../arm-none-eabi/lib/thumb/v7-m/nofp/libc_nano.a(libc_a-sbrkr.o)
                              /usr/lib/gcc/arm-none-eabi/13.2.1/../../../arm-none-eabi/lib/thumb/v7-m/nofp/libc_nano.a(libc_a-mallocr.o) (_sbrk_r)
/usr/lib/gcc/arm-none-eabi/13.2.1/../../../arm-none-eabi/lib/thumb/v7-m/nofp/libc_nano.a(libc_a-stdio.o)
                              /usr/lib/gcc/arm-none-eabi/13.2.1/../../../arm-none-eabi/lib/thumb/v7-m/nofp/libc_nano.a(libc_a-findfp.o) (__sread)
/usr/lib/gcc/arm-none-eabi/13.2.1/../../../arm-none-eabi/lib/thumb/v7-m/nofp/libc_nano.a(libc_a-closer.o)
                              /usr/lib/gcc/arm-none-eabi/13.2.1/../../../arm-none-eabi/lib/thumb/v7-m/nofp/libc_nano.a(libc_a-stdio.o) (_close_r)
/usr/lib/gcc/arm-none-eabi/13.2.1/../../../arm-none-eabi/lib/thumb/v7-m/nofp/libc_nano.a(libc_a-__call_atexit.o)
                              /usr/lib/gcc/arm-none-eabi/13.2.1/../../../arm-none-eabi/lib/thumb/v7-m/nofp/libc_nano.a(libc_a-__atexit.o) (__call_exitprocs)
/usr/lib/gcc/arm-none-eabi/13.2.1/../../../arm-none-eabi/lib/thumb/v7-m/nofp/libc_nano.a(libc_a-readr.o)
                              /usr/lib/gcc/arm-none-eabi/13.2.1/../../../arm-none-eabi/lib/thumb/v7-m/nofp/libc_nano.a(libc_a-stdio.o) (_read_r)
/usr/lib/gcc/arm-none-eabi/13.2.1/../../../arm-none-eabi/lib/thumb/v7-m/nofp/libc_nano.a(libc_a-reent.o)
[...]
Memory Configuration

Name             Origin             Length             Attributes
RAM              0x20000000         0x00005000         xrw
FLASH            0x08000000         0x00010000         xr
*default*        0x00000000         0xffffffff

Linker script and memory map

LOAD /usr/lib/gcc/arm-none-eabi/13.2.1/thumb/v7-m/nofp/crti.o
LOAD /usr/lib/gcc/arm-none-eabi/13.2.1/thumb/v7-m/nofp/crtbegin.o
LOAD /usr/lib/gcc/arm-none-eabi/13.2.1/../../../arm-none-eabi/lib/thumb/v7-m/nofp/crt0.o
LOAD build/main.o
LOAD build/gpio.o
LOAD build/adc.o
LOAD build/dma.o
LOAD build/tim.o
LOAD build/usart.o
LOAD build/stm32f1xx_it.o
LOAD build/stm32f1xx_hal_msp.o
LOAD build/stm32f1xx_hal_gpio_ex.o
LOAD build/stm32f1xx_hal_adc.o
LOAD build/stm32f1xx_hal_adc_ex.o
LOAD build/stm32f1xx_hal.o
LOAD build/stm32f1xx_hal_rcc.o
LOAD build/stm32f1xx_hal_rcc_ex.o
LOAD build/stm32f1xx_hal_gpio.o
LOAD build/stm32f1xx_hal_dma.o
LOAD build/stm32f1xx_hal_cortex.o
LOAD build/stm32f1xx_hal_pwr.o
LOAD build/stm32f1xx_hal_flash.o
LOAD build/stm32f1xx_hal_flash_ex.o
LOAD build/stm32f1xx_hal_exti.o
LOAD build/stm32f1xx_hal_tim.o
LOAD build/stm32f1xx_hal_tim_ex.o
LOAD build/stm32f1xx_hal_uart.o
LOAD build/stm32f1xx_hal_pcd.o
LOAD build/stm32f1xx_hal_pcd_ex.o
LOAD build/stm32f1xx_ll_usb.o
LOAD build/system_stm32f1xx.o
LOAD build/sysmem.o
LOAD build/syscalls.o
LOAD build/usb_device.o
LOAD build/usbd_desc.o
LOAD build/usbd_audio_if.o
LOAD build/usbd_conf.o
LOAD build/usbd_core.o
LOAD build/usbd_ctlreq.o
LOAD build/usbd_ioreq.o
LOAD build/usbd_audio.o
LOAD build/startup_stm32f103xb.o
LOAD /usr/lib/gcc/arm-none-eabi/13.2.1/../../../arm-none-eabi/lib/thumb/v7-m/nofp/libc_nano.a
LOAD /usr/lib/gcc/arm-none-eabi/13.2.1/../../../arm-none-eabi/lib/thumb/v7-m/nofp/libm.a
LOAD /usr/lib/gcc/arm-none-eabi/13.2.1/../../../arm-none-eabi/lib/thumb/v7-m/nofp/libnosys.a
START GROUP
LOAD /usr/lib/gcc/arm-none-eabi/13.2.1/thumb/v7-m/nofp/libgcc.a
LOAD /usr/lib/gcc/arm-none-eabi/13.2.1/../../../arm-none-eabi/lib/thumb/v7-m/nofp/libc_nano.a
END GROUP
START GROUP
LOAD /usr/lib/gcc/arm-none-eabi/13.2.1/thumb/v7-m/nofp/libgcc.a
LOAD /usr/lib/gcc/arm-none-eabi/13.2.1/../../../arm-none-eabi/lib/thumb/v7-m/nofp/libc_nano.a
END GROUP
LOAD /usr/lib/gcc/arm-none-eabi/13.2.1/thumb/v7-m/nofp/crtend.o
LOAD /usr/lib/gcc/arm-none-eabi/13.2.1/thumb/v7-m/nofp/crtn.o
                0x20005000                        _estack = (ORIGIN (RAM) + LENGTH (RAM))
                0x20004c00                        _sstack = (_estack - _Min_Stack_Size)
                0x00000200                        _Min_Heap_Size = 0x200
                0x00000400                        _Min_Stack_Size = 0x400

.isr_vector     0x08000000      0x10c
                0x08000000                        . = ALIGN (0x4)
 *(.isr_vector)
 .isr_vector    0x08000000      0x10c build/startup_stm32f103xb.o
                0x08000000                g_pfnVectors
                0x0800010c                        . = ALIGN (0x4)

.text           0x0800010c     0x5ec8
                0x0800010c                        . = ALIGN (0x4)
 *(.text)
 .text          0x0800010c       0x88 /usr/lib/gcc/arm-none-eabi/13.2.1/thumb/v7-m/nofp/crtbegin.o
 .text          0x08000194       0x5c /usr/lib/gcc/arm-none-eabi/13.2.1/../../../arm-none-eabi/lib/thumb/v7-m/nofp/libc_nano.a(libc_a-strlen-stub.o)
                0x08000194                strlen
 .text          0x080001f0       0x50 /usr/lib/gcc/arm-none-eabi/13.2.1/../../../arm-none-eabi/lib/thumb/v7-m/nofp/libc_nano.a(libc_a-init.o)
                0x080001f0                __libc_init_array
 .text          0x08000240       0xa0 /usr/lib/gcc/arm-none-eabi/13.2.1/../../../arm-none-eabi/lib/thumb/v7-m/nofp/libc_nano.a(libc_a-memset.o)
                0x08000240                memset
 *(.text*)
 .text.TIM1_UpdatePWMFromADC
                0x080002e0       0x40 build/main.o
 .text.UART2_Print
                0x08000320       0x1c build/main.o
 .text.HAL_ADC_ConvCpltCallback
                0x0800033c       0x30 build/main.o
                0x0800033c                HAL_ADC_ConvCpltCallback
 .text.Error_Handler
                0x0800036c        0x4 build/main.o
                0x0800036c                Error_Handler
 .text.SystemClock_Config
                0x08000370       0x64 build/main.o
                0x08000370                SystemClock_Config
 .text.main     0x080003d4       0xf8 build/main.o
                0x080003d4                main
 .text.MX_GPIO_Init
                0x080004cc       0x9c build/gpio.o
                0x080004cc                MX_GPIO_Init
 .text.MX_ADC1_Init
                0x08000568       0x78 build/adc.o
                0x08000568                MX_ADC1_Init
 .text.HAL_ADC_MspInit
                0x080005e0       0xc0 build/adc.o
                0x080005e0                HAL_ADC_MspInit
 .text.MX_DMA_Init
                0x080006a0       0x34 build/dma.o
                0x080006a0                MX_DMA_Init
 .text.MX_TIM1_Init
                0x080006d4       0xec build/tim.o
                0x080006d4                MX_TIM1_Init
 .text.MX_TIM3_Init
                0x080007c0       0x6c build/tim.o
                0x080007c0                MX_TIM3_Init
 .text.HAL_TIM_PWM_MspInit
                0x0800082c       0x8c build/tim.o
                0x0800082c                HAL_TIM_PWM_MspInit
 .text.HAL_TIM_Base_MspInit
                0x080008b8       0x2c build/tim.o
                0x080008b8                HAL_TIM_Base_MspInit
 .text.MX_USART2_UART_Init
                0x080008e4       0x34 build/usart.o
                0x080008e4                MX_USART2_UART_Init
 .text.HAL_UART_MspInit
                0x08000918       0x74 build/usart.o
                0x08000918                HAL_UART_MspInit
 .text.NMI_Handler
                0x0800098c        0x2 build/stm32f1xx_it.o
                0x0800098c                NMI_Handler
 .text.HardFault_Handler
                0x0800098e        0x2 build/stm32f1xx_it.o
                0x0800098e                HardFault_Handler
 .text.MemManage_Handler
                0x08000990        0x2 build/stm32f1xx_it.o
                0x08000990                MemManage_Handler
 .text.BusFault_Handler
                0x08000992        0x2 build/stm32f1xx_it.o
                0x08000992                BusFault_Handler
 .text.UsageFault_Handler
                0x08000994        0x2 build/stm32f1xx_it.o
                0x08000994                UsageFault_Handler
 .text.SVC_Handler
                0x08000996        0x2 build/stm32f1xx_it.o
                0x08000996                SVC_Handler
 .text.DebugMon_Handler
                0x08000998        0x2 build/stm32f1xx_it.o
                0x08000998                DebugMon_Handler
 .text.PendSV_Handler
                0x0800099a        0x2 build/stm32f1xx_it.o
                0x0800099a                PendSV_Handler
 .text.SysTick_Handler
                0x0800099c        0x8 build/stm32f1xx_it.o
                0x0800099c                SysTick_Handler
 .text.DMA1_Channel1_IRQHandler
                0x080009a4       0x10 build/stm32f1xx_it.o
                0x080009a4                DMA1_Channel1_IRQHandler
 .text.TIM4_IRQHandler
                0x080009b4       0x10 build/stm32f1xx_it.o
                0x080009b4                TIM4_IRQHandler
 .text.USB_LP_CAN1_RX0_IRQHandler
                0x080009c4       0x10 build/stm32f1xx_it.o
                0x080009c4                USB_LP_CAN1_RX0_IRQHandler
 .text.HAL_MspInit
                0x080009d4       0x44 build/stm32f1xx_hal_msp.o
                0x080009d4                HAL_MspInit
 .text.ADC_DMAConvCplt
                0x08000a18       0x52 build/stm32f1xx_hal_adc.o
                0x08000a18                ADC_DMAConvCplt
 .text.HAL_ADC_ConvHalfCpltCallback
                0x08000a6a        0x2 build/stm32f1xx_hal_adc.o
                0x08000a6a                HAL_ADC_ConvHalfCpltCallback
 .text.ADC_DMAHalfConvCplt
                0x08000a6c        0xa build/stm32f1xx_hal_adc.o
                0x08000a6c                ADC_DMAHalfConvCplt
 .text.HAL_ADC_ErrorCallback
                0x08000a76        0x2 build/stm32f1xx_hal_adc.o
                0x08000a76                HAL_ADC_ErrorCallback
 .text.ADC_DMAError
                0x08000a78       0x1a build/stm32f1xx_hal_adc.o
                0x08000a78                ADC_DMAError
 *fill*         0x08000a92        0x2 
 .text.HAL_ADC_ConfigChannel
                0x08000a94      0x140 build/stm32f1xx_hal_adc.o
                0x08000a94                HAL_ADC_ConfigChannel
 .text.ADC_Enable
                0x08000bd4       0x88 build/stm32f1xx_hal_adc.o
                0x08000bd4                ADC_Enable
 .text.HAL_ADC_Start_DMA
                0x08000c5c      0x130 build/stm32f1xx_hal_adc.o
                0x08000c5c                HAL_ADC_Start_DMA
 .text.ADC_ConversionStop_Disable
                0x08000d8c       0x56 build/stm32f1xx_hal_adc.o
                0x08000d8c                ADC_ConversionStop_Disable
 *fill*         0x08000de2        0x2 
 .text.HAL_ADC_Init
                0x08000de4      0x108 build/stm32f1xx_hal_adc.o
                0x08000de4                HAL_ADC_Init
 .text.HAL_ADCEx_Calibration_Start
                0x08000eec      0x100 build/stm32f1xx_hal_adc_ex.o
                0x08000eec                HAL_ADCEx_Calibration_Start
 .text.HAL_InitTick
                0x08000fec       0x4c build/stm32f1xx_hal.o
                0x08000fec                HAL_InitTick
 .text.HAL_Init
                0x08001038       0x24 build/stm32f1xx_hal.o
                0x08001038                HAL_Init
 .text.HAL_IncTick
                0x0800105c       0x18 build/stm32f1xx_hal.o
                0x0800105c                HAL_IncTick
 .text.HAL_GetTick
                0x08001074        0xc build/stm32f1xx_hal.o
                0x08001074                HAL_GetTick
 .text.RCC_Delay
                0x08001080       0x2c build/stm32f1xx_hal_rcc.o
 .text.HAL_RCC_OscConfig
                0x080010ac      0x410 build/stm32f1xx_hal_rcc.o
                0x080010ac                HAL_RCC_OscConfig
 .text.HAL_RCC_GetSysClockFreq
                0x080014bc       0x54 build/stm32f1xx_hal_rcc.o
                0x080014bc                HAL_RCC_GetSysClockFreq
 .text.HAL_RCC_ClockConfig
                0x08001510      0x16c build/stm32f1xx_hal_rcc.o
                0x08001510                HAL_RCC_ClockConfig
 .text.HAL_RCC_GetHCLKFreq
                0x0800167c        0xc build/stm32f1xx_hal_rcc.o
                0x0800167c                HAL_RCC_GetHCLKFreq
 .text.HAL_RCC_GetPCLK1Freq
                0x08001688       0x20 build/stm32f1xx_hal_rcc.o
                0x08001688                HAL_RCC_GetPCLK1Freq
 .text.HAL_RCC_GetPCLK2Freq
                0x080016a8       0x20 build/stm32f1xx_hal_rcc.o
                0x080016a8                HAL_RCC_GetPCLK2Freq
 .text.HAL_RCCEx_PeriphCLKConfig
                0x080016c8      0x118 build/stm32f1xx_hal_rcc_ex.o
                0x080016c8                HAL_RCCEx_PeriphCLKConfig
 .text.HAL_RCCEx_GetPeriphCLKFreq
                0x080017e0       0xd8 build/stm32f1xx_hal_rcc_ex.o
                0x080017e0                HAL_RCCEx_GetPeriphCLKFreq
 .text.HAL_GPIO_Init
                0x080018b8      0x21c build/stm32f1xx_hal_gpio.o
                0x080018b8                HAL_GPIO_Init
 .text.HAL_GPIO_WritePin
                0x08001ad4        0xc build/stm32f1xx_hal_gpio.o
                0x08001ad4                HAL_GPIO_WritePin
 .text.HAL_GPIO_TogglePin
                0x08001ae0       0x12 build/stm32f1xx_hal_gpio.o
                0x08001ae0                HAL_GPIO_TogglePin
 .text.DMA_SetConfig
                0x08001af2       0x2c build/stm32f1xx_hal_dma.o
 *fill*         0x08001b1e        0x2 
 .text.HAL_DMA_Init
                0x08001b20       0x68 build/stm32f1xx_hal_dma.o
                0x08001b20                HAL_DMA_Init
 .text.HAL_DMA_Start_IT
                0x08001b88       0x76 build/stm32f1xx_hal_dma.o
                0x08001b88                HAL_DMA_Start_IT
 *fill*         0x08001bfe        0x2 
 .text.HAL_DMA_IRQHandler
                0x08001c00      0x144 build/stm32f1xx_hal_dma.o
                0x08001c00                HAL_DMA_IRQHandler
 .text.__NVIC_SetPriority
                0x08001d44       0x28 build/stm32f1xx_hal_cortex.o
 .text.NVIC_EncodePriority
                0x08001d6c       0x3e build/stm32f1xx_hal_cortex.o
 *fill*         0x08001daa        0x2 
 .text.HAL_NVIC_SetPriorityGrouping
                0x08001dac       0x24 build/stm32f1xx_hal_cortex.o
                0x08001dac                HAL_NVIC_SetPriorityGrouping
 .text.HAL_NVIC_SetPriority
                0x08001dd0       0x20 build/stm32f1xx_hal_cortex.o
                0x08001dd0                HAL_NVIC_SetPriority
 .text.HAL_NVIC_EnableIRQ
                0x08001df0       0x1c build/stm32f1xx_hal_cortex.o
                0x08001df0                HAL_NVIC_EnableIRQ
 .text.HAL_SYSTICK_Config
                0x08001e0c       0x28 build/stm32f1xx_hal_cortex.o
                0x08001e0c                HAL_SYSTICK_Config
 .text.TIM_OC1_SetConfig
                0x08001e34       0x54 build/stm32f1xx_hal_tim.o
 .text.TIM_OC3_SetConfig
                0x08001e88       0x5c build/stm32f1xx_hal_tim.o
 .text.TIM_OC4_SetConfig
                0x08001ee4       0x48 build/stm32f1xx_hal_tim.o
 .text.TIM_TI1_ConfigInputStage
                0x08001f2c       0x24 build/stm32f1xx_hal_tim.o
 .text.TIM_TI2_ConfigInputStage
                0x08001f50       0x26 build/stm32f1xx_hal_tim.o
 .text.TIM_ITRx_SetConfig
                0x08001f76       0x10 build/stm32f1xx_hal_tim.o
 *fill*         0x08001f86        0x2 
 .text.HAL_TIM_Base_Start
                0x08001f88       0x5c build/stm32f1xx_hal_tim.o
                0x08001f88                HAL_TIM_Base_Start
 .text.HAL_TIM_Base_Start_IT
                0x08001fe4       0x68 build/stm32f1xx_hal_tim.o
                0x08001fe4                HAL_TIM_Base_Start_IT
 .text.HAL_TIM_Base_Stop_IT
                0x0800204c       0x32 build/stm32f1xx_hal_tim.o
                0x0800204c                HAL_TIM_Base_Stop_IT
 .text.HAL_TIM_OC_DelayElapsedCallback
                0x0800207e        0x2 build/stm32f1xx_hal_tim.o
                0x0800207e                HAL_TIM_OC_DelayElapsedCallback
 .text.HAL_TIM_IC_CaptureCallback
                0x08002080        0x2 build/stm32f1xx_hal_tim.o
                0x08002080                HAL_TIM_IC_CaptureCallback
 .text.HAL_TIM_PWM_PulseFinishedCallback
                0x08002082        0x2 build/stm32f1xx_hal_tim.o
                0x08002082                HAL_TIM_PWM_PulseFinishedCallback
 .text.HAL_TIM_TriggerCallback
                0x08002084        0x2 build/stm32f1xx_hal_tim.o
                0x08002084                HAL_TIM_TriggerCallback
 .text.HAL_TIM_IRQHandler
                0x08002086      0x15e build/stm32f1xx_hal_tim.o
                0x08002086                HAL_TIM_IRQHandler
 .text.TIM_Base_SetConfig
                0x080021e4       0x84 build/stm32f1xx_hal_tim.o
                0x080021e4                TIM_Base_SetConfig
 .text.HAL_TIM_Base_Init
                0x08002268       0x58 build/stm32f1xx_hal_tim.o
                0x08002268                HAL_TIM_Base_Init
 .text.HAL_TIM_PWM_Init
                0x080022c0       0x58 build/stm32f1xx_hal_tim.o
                0x080022c0                HAL_TIM_PWM_Init
 .text.TIM_OC2_SetConfig
                0x08002318       0x5c build/stm32f1xx_hal_tim.o
                0x08002318                TIM_OC2_SetConfig
 .text.HAL_TIM_PWM_ConfigChannel
                0x08002374       0xdc build/stm32f1xx_hal_tim.o
                0x08002374                HAL_TIM_PWM_ConfigChannel
 .text.TIM_ETR_SetConfig
                0x08002450       0x18 build/stm32f1xx_hal_tim.o
                0x08002450                TIM_ETR_SetConfig
 .text.HAL_TIM_ConfigClockSource
                0x08002468       0xfe build/stm32f1xx_hal_tim.o
                0x08002468                HAL_TIM_ConfigClockSource
 .text.TIM_CCxChannelCmd
                0x08002566       0x1e build/stm32f1xx_hal_tim.o
                0x08002566                TIM_CCxChannelCmd
 .text.HAL_TIM_PWM_Start
                0x08002584       0xdc build/stm32f1xx_hal_tim.o
                0x08002584                HAL_TIM_PWM_Start
 .text.TIM_CCxNChannelCmd
                0x08002660       0x1e build/stm32f1xx_hal_tim_ex.o
 *fill*         0x0800267e        0x2 
 .text.HAL_TIMEx_PWMN_Start
                0x08002680       0xd4 build/stm32f1xx_hal_tim_ex.o
                0x08002680                HAL_TIMEx_PWMN_Start
 .text.HAL_TIMEx_MasterConfigSynchronization
                0x08002754       0x6c build/stm32f1xx_hal_tim_ex.o
                0x08002754                HAL_TIMEx_MasterConfigSynchronization
 .text.HAL_TIMEx_ConfigBreakDeadTime
                0x080027c0       0x52 build/stm32f1xx_hal_tim_ex.o
                0x080027c0                HAL_TIMEx_ConfigBreakDeadTime
 .text.HAL_TIMEx_CommutCallback
                0x08002812        0x2 build/stm32f1xx_hal_tim_ex.o
                0x08002812                HAL_TIMEx_CommutCallback
 .text.HAL_TIMEx_BreakCallback
                0x08002814        0x2 build/stm32f1xx_hal_tim_ex.o
                0x08002814                HAL_TIMEx_BreakCallback
 .text.UART_EndRxTransfer
                0x08002816       0x5c build/stm32f1xx_hal_uart.o
 *fill*         0x08002872        0x2 
 .text.UART_SetConfig
                0x08002874       0x94 build/stm32f1xx_hal_uart.o
 .text.UART_WaitOnFlagUntilTimeout
                0x08002908       0x86 build/stm32f1xx_hal_uart.o
 .text.HAL_UART_Init
                0x0800298e       0x60 build/stm32f1xx_hal_uart.o
                0x0800298e                HAL_UART_Init
 .text.HAL_UART_Transmit
                0x080029ee       0xcc build/stm32f1xx_hal_uart.o
                0x080029ee                HAL_UART_Transmit
 .text.HAL_PCD_EP_DB_Receive
                0x08002aba      0x11c build/stm32f1xx_hal_pcd.o
 .text.HAL_PCD_Init
                0x08002bd6       0xe8 build/stm32f1xx_hal_pcd.o
                0x08002bd6                HAL_PCD_Init
 .text.HAL_PCD_Start
                0x08002cbe       0x32 build/stm32f1xx_hal_pcd.o
                0x08002cbe                HAL_PCD_Start
 .text.HAL_PCD_EP_DB_Transmit
                0x08002cf0      0x424 build/stm32f1xx_hal_pcd.o
 .text.PCD_EP_ISR_Handler
                0x08003114      0x554 build/stm32f1xx_hal_pcd.o
 .text.HAL_PCD_SetAddress
                0x08003668       0x26 build/stm32f1xx_hal_pcd.o
                0x08003668                HAL_PCD_SetAddress
 .text.HAL_PCD_IRQHandler
                0x0800368e      0x1b0 build/stm32f1xx_hal_pcd.o
                0x0800368e                HAL_PCD_IRQHandler
 .text.HAL_PCD_EP_Open
                0x0800383e       0x84 build/stm32f1xx_hal_pcd.o
                0x0800383e                HAL_PCD_EP_Open
 .text.HAL_PCD_EP_Close
                0x080038c2       0x6c build/stm32f1xx_hal_pcd.o
                0x080038c2                HAL_PCD_EP_Close
 .text.HAL_PCD_EP_Receive
                0x0800392e       0x3a build/stm32f1xx_hal_pcd.o
                0x0800392e                HAL_PCD_EP_Receive
 .text.HAL_PCD_EP_GetRxCount
                0x08003968       0x12 build/stm32f1xx_hal_pcd.o
                0x08003968                HAL_PCD_EP_GetRxCount
 .text.HAL_PCD_EP_Transmit
                0x0800397a       0x4c build/stm32f1xx_hal_pcd.o
                0x0800397a                HAL_PCD_EP_Transmit
 .text.HAL_PCD_EP_SetStall
                0x080039c6       0x80 build/stm32f1xx_hal_pcd.o
                0x080039c6                HAL_PCD_EP_SetStall
 .text.HAL_PCD_EP_ClrStall
                0x08003a46       0x7e build/stm32f1xx_hal_pcd.o
                0x08003a46                HAL_PCD_EP_ClrStall
 .text.HAL_PCDEx_PMAConfig
                0x08003ac4       0x38 build/stm32f1xx_hal_pcd_ex.o
                0x08003ac4                HAL_PCDEx_PMAConfig
 .text.HAL_PCDEx_SetConnectionState
                0x08003afc        0x2 build/stm32f1xx_hal_pcd_ex.o
                0x08003afc                HAL_PCDEx_SetConnectionState
 .text.USB_CoreInit
                0x08003afe        0xe build/stm32f1xx_ll_usb.o
                0x08003afe                USB_CoreInit
 .text.USB_EnableGlobalInt
                0x08003b0c       0x12 build/stm32f1xx_ll_usb.o
                0x08003b0c                USB_EnableGlobalInt
 .text.USB_DisableGlobalInt
                0x08003b1e       0x14 build/stm32f1xx_ll_usb.o
                0x08003b1e                USB_DisableGlobalInt
 .text.USB_SetCurrentMode
                0x08003b32        0x4 build/stm32f1xx_ll_usb.o
                0x08003b32                USB_SetCurrentMode
 .text.USB_DevInit
                0x08003b36       0x22 build/stm32f1xx_ll_usb.o
                0x08003b36                USB_DevInit
 .text.USB_ActivateEndpoint
                0x08003b58      0x3ca build/stm32f1xx_ll_usb.o
                0x08003b58                USB_ActivateEndpoint
 .text.USB_DeactivateEndpoint
                0x08003f22      0x1d6 build/stm32f1xx_ll_usb.o
                0x08003f22                USB_DeactivateEndpoint
 .text.USB_EPSetStall
                0x080040f8       0x4a build/stm32f1xx_ll_usb.o
                0x080040f8                USB_EPSetStall
 .text.USB_EPClearStall
                0x08004142       0xa2 build/stm32f1xx_ll_usb.o
                0x08004142                USB_EPClearStall
 .text.USB_SetDevAddress
                0x080041e4        0xc build/stm32f1xx_ll_usb.o
                0x080041e4                USB_SetDevAddress
 .text.USB_DevConnect
                0x080041f0        0x4 build/stm32f1xx_ll_usb.o
                0x080041f0                USB_DevConnect
 .text.USB_DevDisconnect
                0x080041f4        0x4 build/stm32f1xx_ll_usb.o
                0x080041f4                USB_DevDisconnect
 .text.USB_ReadInterrupts
                0x080041f8        0x8 build/stm32f1xx_ll_usb.o
                0x080041f8                USB_ReadInterrupts
 .text.USB_EP0_OutStart
                0x08004200        0x4 build/stm32f1xx_ll_usb.o
                0x08004200                USB_EP0_OutStart
 .text.USB_WritePMA
                0x08004204       0x26 build/stm32f1xx_ll_usb.o
                0x08004204                USB_WritePMA
 .text.USB_EPStartXfer
                0x0800422a      0x7ce build/stm32f1xx_ll_usb.o
                0x0800422a                USB_EPStartXfer
 .text.USB_ReadPMA
                0x080049f8       0x30 build/stm32f1xx_ll_usb.o
                0x080049f8                USB_ReadPMA
 .text.SystemInit
                0x08004a28        0x2 build/system_stm32f1xx.o
                0x08004a28                SystemInit
 *fill*         0x08004a2a        0x2 
 .text.MX_USB_DEVICE_Init
                0x08004a2c       0x54 build/usb_device.o
                0x08004a2c                MX_USB_DEVICE_Init
 .text.USBD_Class_DeviceDescriptor
                0x08004a80        0xc build/usbd_desc.o
 .text.USBD_Class_LangIDStrDescriptor
                0x08004a8c        0xc build/usbd_desc.o
 .text.IntToUnicode
                0x08004a98       0x42 build/usbd_desc.o
 *fill*         0x08004ada        0x2 
 .text.Get_SerialNum
                0x08004adc       0x38 build/usbd_desc.o
 .text.USBD_Class_SerialStrDescriptor
                0x08004b14       0x14 build/usbd_desc.o
 .text.USBD_Class_InterfaceStrDescriptor
                0x08004b28       0x1c build/usbd_desc.o
 .text.USBD_Class_ConfigStrDescriptor
                0x08004b44       0x1c build/usbd_desc.o
 .text.USBD_Class_ProductStrDescriptor
                0x08004b60       0x1c build/usbd_desc.o
 .text.USBD_Class_ManufacturerStrDescriptor
                0x08004b7c       0x1c build/usbd_desc.o
 .text.AUDIO_OutputSilence
                0x08004b98       0x14 build/usbd_audio_if.o
 .text.AUDIO_IF_Init
                0x08004bac        0xa build/usbd_audio_if.o
 *fill*         0x08004bb6        0x2 
 .text.AUDIO_IF_DeInit
                0x08004bb8       0x14 build/usbd_audio_if.o
 .text.AUDIO_IF_VolumeCtl
                0x08004bcc        0x4 build/usbd_audio_if.o
 .text.AUDIO_IF_MuteCtl
                0x08004bd0       0x10 build/usbd_audio_if.o
 .text.AUDIO_IF_PeriodicTC
                0x08004be0        0x4 build/usbd_audio_if.o
 .text.AUDIO_IF_GetState
                0x08004be4        0x4 build/usbd_audio_if.o
 .text.AUDIO_IF_AudioCmd
                0x08004be8       0x58 build/usbd_audio_if.o
 .text.MX_TIM4_Init
                0x08004c40       0x98 build/usbd_audio_if.o
                0x08004c40                MX_TIM4_Init
 .text.HAL_TIM_PeriodElapsedCallback
                0x08004cd8       0xe0 build/usbd_audio_if.o
                0x08004cd8                HAL_TIM_PeriodElapsedCallback
 .text.HAL_PCD_MspInit
                0x08004db8       0x40 build/usbd_conf.o
                0x08004db8                HAL_PCD_MspInit
 .text.HAL_PCD_SetupStageCallback
                0x08004df8       0x10 build/usbd_conf.o
                0x08004df8                HAL_PCD_SetupStageCallback
 .text.HAL_PCD_DataOutStageCallback
                0x08004e08       0x18 build/usbd_conf.o
                0x08004e08                HAL_PCD_DataOutStageCallback
 .text.HAL_PCD_DataInStageCallback
                0x08004e20       0x16 build/usbd_conf.o
                0x08004e20                HAL_PCD_DataInStageCallback
 .text.HAL_PCD_SOFCallback
                0x08004e36        0xc build/usbd_conf.o
                0x08004e36                HAL_PCD_SOFCallback
 .text.HAL_PCD_ResetCallback
                0x08004e42       0x18 build/usbd_conf.o
                0x08004e42                HAL_PCD_ResetCallback
 .text.HAL_PCD_SuspendCallback
                0x08004e5a        0xc build/usbd_conf.o
                0x08004e5a                HAL_PCD_SuspendCallback
 .text.HAL_PCD_ResumeCallback
                0x08004e66        0xc build/usbd_conf.o
                0x08004e66                HAL_PCD_ResumeCallback
 *fill*         0x08004e72        0x2 
 .text.USBD_LL_Init
                0x08004e74       0x64 build/usbd_conf.o
                0x08004e74                USBD_LL_Init
 .text.USBD_LL_Start
                0x08004ed8        0xe build/usbd_conf.o
                0x08004ed8                USBD_LL_Start
 .text.USBD_LL_OpenEP
                0x08004ee6       0x14 build/usbd_conf.o
                0x08004ee6                USBD_LL_OpenEP
 .text.USBD_LL_CloseEP
                0x08004efa        0xe build/usbd_conf.o
                0x08004efa                USBD_LL_CloseEP
 .text.USBD_LL_StallEP
                0x08004f08        0xe build/usbd_conf.o
                0x08004f08                USBD_LL_StallEP
 .text.USBD_LL_ClearStallEP
                0x08004f16        0xe build/usbd_conf.o
                0x08004f16                USBD_LL_ClearStallEP
 .text.USBD_LL_IsStallEP
                0x08004f24       0x2c build/usbd_conf.o
                0x08004f24                USBD_LL_IsStallEP
 .text.USBD_LL_SetUSBAddress
                0x08004f50        0xe build/usbd_conf.o
                0x08004f50                USBD_LL_SetUSBAddress
 .text.USBD_LL_Transmit
                0x08004f5e        0xe build/usbd_conf.o
                0x08004f5e                USBD_LL_Transmit
 .text.USBD_LL_PrepareReceive
                0x08004f6c        0xe build/usbd_conf.o
                0x08004f6c                USBD_LL_PrepareReceive
 .text.USBD_LL_GetRxDataSize
                0x08004f7a        0xc build/usbd_conf.o
                0x08004f7a                USBD_LL_GetRxDataSize
 *fill*         0x08004f86        0x2 
 .text.USBD_static_malloc
                0x08004f88        0x8 build/usbd_conf.o
                0x08004f88                USBD_static_malloc
 .text.USBD_static_free
                0x08004f90        0x2 build/usbd_conf.o
                0x08004f90                USBD_static_free
 .text.USBD_Init
                0x08004f92       0x32 build/usbd_core.o
                0x08004f92                USBD_Init
 .text.USBD_RegisterClass
                0x08004fc4       0x34 build/usbd_core.o
                0x08004fc4                USBD_RegisterClass
 .text.USBD_Start
                0x08004ff8        0x8 build/usbd_core.o
                0x08004ff8                USBD_Start
 .text.USBD_SetClassConfig
                0x08005000       0x12 build/usbd_core.o
                0x08005000                USBD_SetClassConfig
 .text.USBD_ClrClassConfig
                0x08005012       0x12 build/usbd_core.o
                0x08005012                USBD_ClrClassConfig
 .text.USBD_LL_SetupStage
                0x08005024       0x58 build/usbd_core.o
                0x08005024                USBD_LL_SetupStage
 .text.USBD_LL_Reset
                0x0800507c       0x66 build/usbd_core.o
                0x0800507c                USBD_LL_Reset
 .text.USBD_LL_SetSpeed
                0x080050e2        0x6 build/usbd_core.o
                0x080050e2                USBD_LL_SetSpeed
 .text.USBD_LL_Suspend
                0x080050e8       0x1e build/usbd_core.o
                0x080050e8                USBD_LL_Suspend
 .text.USBD_LL_Resume
                0x08005106       0x1a build/usbd_core.o
                0x08005106                USBD_LL_Resume
 .text.USBD_LL_SOF
                0x08005120       0x22 build/usbd_core.o
                0x08005120                USBD_LL_SOF
 .text.USBD_CoreFindIF
                0x08005142        0x4 build/usbd_core.o
                0x08005142                USBD_CoreFindIF
 .text.USBD_CoreFindEP
                0x08005146        0x4 build/usbd_core.o
                0x08005146                USBD_CoreFindEP
 .text.USBD_LL_DataOutStage
                0x0800514a       0xca build/usbd_core.o
                0x0800514a                USBD_LL_DataOutStage
 .text.USBD_LL_DataInStage
                0x08005214       0xd8 build/usbd_core.o
                0x08005214                USBD_LL_DataInStage
 .text.USBD_GetNextDesc
                0x080052ec        0xe build/usbd_core.o
                0x080052ec                USBD_GetNextDesc
 .text.USBD_GetLen
                0x080052fa       0x14 build/usbd_ctlreq.o
 .text.USBD_ParseSetupRequest
                0x0800530e       0x28 build/usbd_ctlreq.o
                0x0800530e                USBD_ParseSetupRequest
 .text.USBD_CtlError
                0x08005336       0x14 build/usbd_ctlreq.o
                0x08005336                USBD_CtlError
 .text.USBD_GetDescriptor
                0x0800534a      0x18a build/usbd_ctlreq.o
 .text.USBD_SetAddress
                0x080054d4       0x50 build/usbd_ctlreq.o
 .text.USBD_SetConfig
                0x08005524       0xcc build/usbd_ctlreq.o
 .text.USBD_GetConfig
                0x080055f0       0x40 build/usbd_ctlreq.o
 .text.USBD_GetStatus
                0x08005630       0x38 build/usbd_ctlreq.o
 .text.USBD_SetFeature
                0x08005668       0x2a build/usbd_ctlreq.o
 .text.USBD_ClrFeature
                0x08005692       0x26 build/usbd_ctlreq.o
 .text.USBD_StdDevReq
                0x080056b8       0x76 build/usbd_ctlreq.o
                0x080056b8                USBD_StdDevReq
 .text.USBD_StdItfReq
                0x0800572e       0x84 build/usbd_ctlreq.o
                0x0800572e                USBD_StdItfReq
 .text.USBD_StdEPReq
                0x080057b2      0x248 build/usbd_ctlreq.o
                0x080057b2                USBD_StdEPReq
 .text.USBD_GetString
                0x080059fa       0x4a build/usbd_ctlreq.o
                0x080059fa                USBD_GetString
 .text.USBD_CtlSendData
                0x08005a44       0x1c build/usbd_ioreq.o
                0x08005a44                USBD_CtlSendData
 .text.USBD_CtlContinueSendData
                0x08005a60       0x10 build/usbd_ioreq.o
                0x08005a60                USBD_CtlContinueSendData
 .text.USBD_CtlPrepareRx
                0x08005a70       0x22 build/usbd_ioreq.o
                0x08005a70                USBD_CtlPrepareRx
 .text.USBD_CtlContinueRx
                0x08005a92       0x10 build/usbd_ioreq.o
                0x08005a92                USBD_CtlContinueRx
 .text.USBD_CtlSendStatus
                0x08005aa2       0x16 build/usbd_ioreq.o
                0x08005aa2                USBD_CtlSendStatus
 .text.USBD_CtlReceiveStatus
                0x08005ab8       0x16 build/usbd_ioreq.o
                0x08005ab8                USBD_CtlReceiveStatus
 *fill*         0x08005ace        0x2 
 .text.USBD_AUDIO_GetCfgDesc
                0x08005ad0        0xc build/usbd_audio.o
 .text.USBD_AUDIO_DataIn
                0x08005adc        0x4 build/usbd_audio.o
 .text.USBD_AUDIO_EP0_RxReady
                0x08005ae0       0x48 build/usbd_audio.o
 .text.USBD_AUDIO_EP0_TxReady
                0x08005b28        0x4 build/usbd_audio.o
 .text.USBD_AUDIO_SOF
                0x08005b2c        0x4 build/usbd_audio.o
 .text.USBD_AUDIO_IsoINIncomplete
                0x08005b30        0x4 build/usbd_audio.o
 .text.USBD_AUDIO_GetDeviceQualifierDesc
                0x08005b34        0xc build/usbd_audio.o
 .text.USBD_AUDIO_IsoOutIncomplete
                0x08005b40       0x24 build/usbd_audio.o
 .text.USBD_AUDIO_DataOut
                0x08005b64       0xae build/usbd_audio.o
 .text.AUDIO_REQ_GetCurrent
                0x08005c12       0x32 build/usbd_audio.o
 .text.AUDIO_REQ_SetCurrent
                0x08005c44       0x3a build/usbd_audio.o
 .text.USBD_AUDIO_GetAudioHeaderDesc
                0x08005c7e       0x3c build/usbd_audio.o
 .text.USBD_AUDIO_Setup
                0x08005cba      0x118 build/usbd_audio.o
 .text.USBD_AUDIO_DeInit
                0x08005dd2       0x52 build/usbd_audio.o
 .text.USBD_AUDIO_Init
                0x08005e24       0x94 build/usbd_audio.o
 .text.USBD_AUDIO_Sync
                0x08005eb8       0xa0 build/usbd_audio.o
                0x08005eb8                USBD_AUDIO_Sync
 .text.USBD_AUDIO_RegisterInterface
                0x08005f58       0x16 build/usbd_audio.o
                0x08005f58                USBD_AUDIO_RegisterInterface
 *fill*         0x08005f6e        0x2 
 .text.Reset_Handler
                0x08005f70       0x48 build/startup_stm32f103xb.o
                0x08005f70                Reset_Handler
 .text.Default_Handler
                0x08005fb8        0x2 build/startup_stm32f103xb.o
                0x08005fb8                RTC_Alarm_IRQHandler
                0x08005fb8                EXTI2_IRQHandler
                0x08005fb8                TIM1_CC_IRQHandler
                0x08005fb8                PVD_IRQHandler
                0x08005fb8                EXTI3_IRQHandler
                0x08005fb8                EXTI0_IRQHandler
                0x08005fb8                I2C2_EV_IRQHandler
                0x08005fb8                ADC1_2_IRQHandler
                0x08005fb8                SPI1_IRQHandler
                0x08005fb8                TAMPER_IRQHandler
                0x08005fb8                DMA1_Channel4_IRQHandler
                0x08005fb8                USART3_IRQHandler
                0x08005fb8                RTC_IRQHandler
                0x08005fb8                DMA1_Channel7_IRQHandler
                0x08005fb8                CAN1_RX1_IRQHandler
                0x08005fb8                I2C1_EV_IRQHandler
                0x08005fb8                DMA1_Channel6_IRQHandler
                0x08005fb8                TIM3_IRQHandler
                0x08005fb8                RCC_IRQHandler
                0x08005fb8                TIM1_TRG_COM_IRQHandler
                0x08005fb8                Default_Handler
                0x08005fb8                EXTI15_10_IRQHandler
                0x08005fb8                EXTI9_5_IRQHandler
                0x08005fb8                SPI2_IRQHandler
                0x08005fb8                DMA1_Channel5_IRQHandler
                0x08005fb8                EXTI4_IRQHandler
                0x08005fb8                USB_HP_CAN1_TX_IRQHandler
                0x08005fb8                DMA1_Channel3_IRQHandler
                0x08005fb8                TIM1_UP_IRQHandler
                0x08005fb8                WWDG_IRQHandler
                0x08005fb8                TIM2_IRQHandler
                0x08005fb8                TIM1_BRK_IRQHandler
                0x08005fb8                EXTI1_IRQHandler
                0x08005fb8                USART2_IRQHandler
                0x08005fb8                I2C2_ER_IRQHandler
                0x08005fb8                DMA1_Channel2_IRQHandler
                0x08005fb8                CAN1_SCE_IRQHandler
                0x08005fb8                FLASH_IRQHandler
                0x08005fb8                USART1_IRQHandler
                0x08005fb8                I2C1_ER_IRQHandler
                0x08005fb8                USBWakeUp_IRQHandler
 *(.glue_7)
 .glue_7        0x08005fba        0x0 linker stubs
 *(.glue_7t)
 .glue_7t       0x08005fba        0x0 linker stubs
 *(.eh_frame)
 *fill*         0x08005fba        0x2 
 .eh_frame      0x08005fbc        0x0 /usr/lib/gcc/arm-none-eabi/13.2.1/thumb/v7-m/nofp/crtbegin.o
 *(.init)
 .init          0x08005fbc        0x4 /usr/lib/gcc/arm-none-eabi/13.2.1/thumb/v7-m/nofp/crti.o
                0x08005fbc                _init
 .init          0x08005fc0        0x8 /usr/lib/gcc/arm-none-eabi/13.2.1/thumb/v7-m/nofp/crtn.o
 *(.fini)
 .fini          0x08005fc8        0x4 /usr/lib/gcc/arm-none-eabi/13.2.1/thumb/v7-m/nofp/crti.o
                0x08005fc8                _fini
 .fini          0x08005fcc        0x8 /usr/lib/gcc/arm-none-eabi/13.2.1/thumb/v7-m/nofp/crtn.o
                0x08005fd4                        . = ALIGN (0x4)
                0x08005fd4                        _etext = .

.vfp11_veneer   0x08005fd4        0x0
 .vfp11_veneer  0x08005fd4        0x0 linker stubs

.v4_bx          0x08005fd4        0x0
 .v4_bx         0x08005fd4        0x0 linker stubs

.iplt           0x08005fd4        0x0
 .iplt          0x08005fd4        0x0 /usr/lib/gcc/arm-none-eabi/13.2.1/thumb/v7-m/nofp/crtbegin.o

.rodata         0x08005fd4      0x128
                0x08005fd4                        . = ALIGN (0x4)
 *(.rodata)
 *(.rodata*)
 .rodata.main.str1.4
                0x08005fd4       0xe8 build/main.o
                                 0x9b (size before relaxing)
 .rodata.aPredivFactorTable.0
                0x080060bc        0x2 build/stm32f1xx_hal_rcc.o
 *fill*         0x080060be        0x2 
 .rodata.aPLLMULFactorTable.1
                0x080060c0       0x10 build/stm32f1xx_hal_rcc.o
 .rodata.aPredivFactorTable.0
                0x080060d0        0x2 build/stm32f1xx_hal_rcc_ex.o
 *fill*         0x080060d2        0x2 
 .rodata.aPLLMULFactorTable.1
                0x080060d4       0x10 build/stm32f1xx_hal_rcc_ex.o
 .rodata.APBPrescTable
                0x080060e4        0x8 build/system_stm32f1xx.o
                0x080060e4                APBPrescTable
 .rodata.AHBPrescTable
                0x080060ec       0x10 build/system_stm32f1xx.o
                0x080060ec                AHBPrescTable
 .rodata.USBD_Class_InterfaceStrDescriptor.str1.4
                0x080060fc       0x10 build/usbd_desc.o
 .rodata.USBD_Class_ConfigStrDescriptor.str1.4
                0x080060fc        0xd build/usbd_desc.o
 .rodata.USBD_Class_ProductStrDescriptor.str1.4
                0x080060fc       0x1c build/usbd_desc.o
 .rodata.USBD_Class_ManufacturerStrDescriptor.str1.4
                0x080060fc       0x10 build/usbd_desc.o
                0x08006118                        . = ALIGN (0x4)

.ARM.extab      0x080060fc        0x0
                0x080060fc                        . = ALIGN (0x4)
 *(.ARM.extab* .gnu.linkonce.armextab.*)
                0x080060fc                        . = ALIGN (0x4)

.ARM            0x080060fc        0x0
                0x080060fc                        . = ALIGN (0x4)
                0x080060fc                        __exidx_start = .
 *(.ARM.exidx*)
                0x080060fc                        __exidx_end = .
                0x080060fc                        . = ALIGN (0x4)

.preinit_array  0x080060fc        0x0
                0x080060fc                        . = ALIGN (0x4)
                0x080060fc                        PROVIDE (__preinit_array_start = .)
 *(.preinit_array*)
                0x080060fc                        PROVIDE (__preinit_array_end = .)
                0x080060fc                        . = ALIGN (0x4)

.init_array     0x080060fc        0x4
                0x080060fc                        . = ALIGN (0x4)
                0x080060fc                        PROVIDE (__init_array_start = .)
 *(SORT_BY_NAME(.init_array.*))
 *(.init_array*)
 .init_array    0x080060fc        0x4 /usr/lib/gcc/arm-none-eabi/13.2.1/thumb/v7-m/nofp/crtbegin.o
                0x08006100                        PROVIDE (__init_array_end = .)
                0x08006100                        . = ALIGN (0x4)

.fini_array     0x08006100        0x4
                0x08006100                        . = ALIGN (0x4)
                0x08006100                        PROVIDE (__fini_array_start = .)
 *(SORT_BY_NAME(.fini_array.*))
 *(.fini_array*)
 .fini_array    0x08006100        0x4 /usr/lib/gcc/arm-none-eabi/13.2.1/thumb/v7-m/nofp/crtbegin.o
                0x08006104                        PROVIDE (__fini_array_end = .)
                0x08006104                        . = ALIGN (0x4)
                0x08006104                        _sidata = LOADADDR (.data)

.rel.dyn        0x08006104        0x0
 .rel.iplt      0x08006104        0x0 /usr/lib/gcc/arm-none-eabi/13.2.1/thumb/v7-m/nofp/crtbegin.o

.data           0x20000000      0x12c load address 0x08006104
                0x20000000                        . = ALIGN (0x4)
                0x20000000                        _sdata = .
 *(.data)
 *(.data*)
 .data.uwTickFreq
                0x20000000        0x1 build/stm32f1xx_hal.o
                0x20000000                uwTickFreq
 *fill*         0x20000001        0x3 
 .data.uwTickPrio
                0x20000004        0x4 build/stm32f1xx_hal.o
                0x20000004                uwTickPrio
 .data.SystemCoreClock
                0x20000008        0x4 build/system_stm32f1xx.o
                0x20000008                SystemCoreClock
 .data.USBD_StringSerial
                0x2000000c       0x1a build/usbd_desc.o
                0x2000000c                USBD_StringSerial
 *fill*         0x20000026        0x2 
 .data.USBD_LangIDDesc
                0x20000028        0x4 build/usbd_desc.o
                0x20000028                USBD_LangIDDesc
 .data.USBD_DeviceDesc
                0x2000002c       0x12 build/usbd_desc.o
                0x2000002c                USBD_DeviceDesc
 *fill*         0x2000003e        0x2 
 .data.FS_Desc  0x20000040       0x1c build/usbd_desc.o
                0x20000040                FS_Desc
 .data.USBD_AUDIO_fops
                0x2000005c       0x1c build/usbd_audio_if.o
                0x2000005c                USBD_AUDIO_fops
 .data.USBD_AUDIO_DeviceQualifierDesc
                0x20000078        0xa build/usbd_audio.o
 *fill*         0x20000082        0x2 
 .data.USBD_AUDIO_CfgDesc
                0x20000084       0x6d build/usbd_audio.o
 *fill*         0x200000f1        0x3 
 .data.USBD_AUDIO
                0x200000f4       0x38 build/usbd_audio.o
                0x200000f4                USBD_AUDIO
 *(.RamFunc)
 *(.RamFunc*)
                0x2000012c                        . = ALIGN (0x4)
                0x2000012c                        _edata = .

.tm_clone_table
                0x2000012c        0x0 load address 0x08006230
 .tm_clone_table
                0x2000012c        0x0 /usr/lib/gcc/arm-none-eabi/13.2.1/thumb/v7-m/nofp/crtbegin.o
 .tm_clone_table
                0x2000012c        0x0 /usr/lib/gcc/arm-none-eabi/13.2.1/thumb/v7-m/nofp/crtend.o

.igot.plt       0x2000012c        0x0 load address 0x08006230
 .igot.plt      0x2000012c        0x0 /usr/lib/gcc/arm-none-eabi/13.2.1/thumb/v7-m/nofp/crtbegin.o
                0x2000012c                        . = ALIGN (0x4)

.bss            0x2000012c     0x12d8 load address 0x08006230
                0x2000012c                        _sbss = .
                0x2000012c                        __bss_start__ = _sbss
 *(.bss)
 .bss           0x2000012c       0x1c /usr/lib/gcc/arm-none-eabi/13.2.1/thumb/v7-m/nofp/crtbegin.o
 *(.bss*)
 .bss.hdma_adc1
                0x20000148       0x44 build/adc.o
                0x20000148                hdma_adc1
 .bss.hadc1     0x2000018c       0x30 build/adc.o
                0x2000018c                hadc1
 .bss.adc_buf   0x200001bc        0x4 build/adc.o
                0x200001bc                adc_buf
 .bss.htim3     0x200001c0       0x48 build/tim.o
                0x200001c0                htim3
 .bss.htim1     0x20000208       0x48 build/tim.o
                0x20000208                htim1
 .bss.huart2    0x20000250       0x48 build/usart.o
                0x20000250                huart2
 .bss.uwTick    0x20000298        0x4 build/stm32f1xx_hal.o
                0x20000298                uwTick
 .bss.hUsbDeviceFS
                0x2000029c      0x2dc build/usb_device.o
                0x2000029c                hUsbDeviceFS
 .bss.USBD_StrDesc
                0x20000578      0x100 build/usbd_desc.o
 .bss.g_sync_half_toggle
                0x20000678        0x1 build/usbd_audio_if.o
 *fill*         0x20000679        0x3 
 .bss.g_bytes_since_sync
                0x2000067c        0x4 build/usbd_audio_if.o
 .bss.g_play_ptr
                0x20000680        0x4 build/usbd_audio_if.o
 .bss.g_audio_ring
                0x20000684        0x4 build/usbd_audio_if.o
 .bss.g_usb_audio_playing
                0x20000688        0x1 build/usbd_audio_if.o
                0x20000688                g_usb_audio_playing
 *fill*         0x20000689        0x3 
 .bss.htim4     0x2000068c       0x48 build/usbd_audio_if.o
                0x2000068c                htim4
 .bss.mem.0     0x200006d4      0xa54 build/usbd_conf.o
 .bss.hpcd_USB_FS
                0x20001128      0x2d8 build/usbd_conf.o
                0x20001128                hpcd_USB_FS
 .bss.cfgidx.0  0x20001400        0x1 build/usbd_ctlreq.o
 *(COMMON)
                0x20001404                        . = ALIGN (0x4)
 *fill*         0x20001401        0x3 
                0x20001404                        _ebss = .
                0x20001404                        __bss_end__ = _ebss

._user_heap_stack
                0x20001404      0x604 load address 0x08006230
                0x20001408                        . = ALIGN (0x8)
 *fill*         0x20001404        0x4 
                [!provide]                        PROVIDE (end = .)
                0x20001408                        PROVIDE (_end = .)
                0x20001608                        . = (. + _Min_Heap_Size)
 *fill*         0x20001408      0x200 
                0x20001a08                        . = (. + _Min_Stack_Size)
 *fill*         0x20001608      0x400 
                0x20001a08                        . = ALIGN (0x8)

/DISCARD/
 libc.a(*)
 libm.a(*)
 libgcc.a(*)
OUTPUT(build/STM32_v102_001.elf elf32-littlearm)
LOAD linker stubs
LOAD /usr/lib/gcc/arm-none-eabi/13.2.1/../../../arm-none-eabi/lib/thumb/v7-m/nofp/libc.a
LOAD /usr/lib/gcc/arm-none-eabi/13.2.1/../../../arm-none-eabi/lib/thumb/v7-m/nofp/libm.a
LOAD /usr/lib/gcc/arm-none-eabi/13.2.1/thumb/v7-m/nofp/libgcc.a

.ARM.attributes
                0x00000000       0x29
 .ARM.attributes
                0x00000000       0x1d /usr/lib/gcc/arm-none-eabi/13.2.1/thumb/v7-m/nofp/crti.o
 .ARM.attributes
                0x0000001d       0x2d /usr/lib/gcc/arm-none-eabi/13.2.1/thumb/v7-m/nofp/crtbegin.o
 .ARM.attributes
                0x0000004a       0x2d build/main.o
 .ARM.attributes
                0x00000077       0x2d build/gpio.o
 .ARM.attributes
                0x000000a4       0x2d build/adc.o
 .ARM.attributes
                0x000000d1       0x2d build/dma.o
 .ARM.attributes
                0x000000fe       0x2d build/tim.o
 .ARM.attributes
                0x0000012b       0x2d build/usart.o
 .ARM.attributes
                0x00000158       0x2d build/stm32f1xx_it.o
 .ARM.attributes
                0x00000185       0x2d build/stm32f1xx_hal_msp.o
 .ARM.attributes
                0x000001b2       0x2d build/stm32f1xx_hal_adc.o
 .ARM.attributes
                0x000001df       0x2d build/stm32f1xx_hal_adc_ex.o
 .ARM.attributes
                0x0000020c       0x2d build/stm32f1xx_hal.o
 .ARM.attributes
                0x00000239       0x2d build/stm32f1xx_hal_rcc.o
 .ARM.attributes
                0x00000266       0x2d build/stm32f1xx_hal_rcc_ex.o
 .ARM.attributes
                0x00000293       0x2d build/stm32f1xx_hal_gpio.o
 .ARM.attributes
                0x000002c0       0x2d build/stm32f1xx_hal_dma.o
 .ARM.attributes
                0x000002ed       0x2d build/stm32f1xx_hal_cortex.o
 .ARM.attributes
                0x0000031a       0x2d build/stm32f1xx_hal_tim.o
 .ARM.attributes
                0x00000347       0x2d build/stm32f1xx_hal_tim_ex.o
 .ARM.attributes
                0x00000374       0x2d build/stm32f1xx_hal_uart.o
 .ARM.attributes
                0x000003a1       0x2d build/stm32f1xx_hal_pcd.o
 .ARM.attributes
                0x000003ce       0x2d build/stm32f1xx_hal_pcd_ex.o
 .ARM.attributes
                0x000003fb       0x2d build/stm32f1xx_ll_usb.o
 .ARM.attributes
                0x00000428       0x2d build/system_stm32f1xx.o
 .ARM.attributes
                0x00000455       0x2d build/usb_device.o
 .ARM.attributes
                0x00000482       0x2d build/usbd_desc.o
 .ARM.attributes
                0x000004af       0x2d build/usbd_audio_if.o
 .ARM.attributes
                0x000004dc       0x2d build/usbd_conf.o
 .ARM.attributes
                0x00000509       0x2d build/usbd_core.o
 .ARM.attributes
                0x00000536       0x2d build/usbd_ctlreq.o
 .ARM.attributes
                0x00000563       0x2d build/usbd_ioreq.o
 .ARM.attributes
                0x00000590       0x2d build/usbd_audio.o
 .ARM.attributes
                0x000005bd       0x21 build/startup_stm32f103xb.o
 .ARM.attributes
                0x000005de       0x2d /usr/lib/gcc/arm-none-eabi/13.2.1/../../../arm-none-eabi/lib/thumb/v7-m/nofp/libc_nano.a(libc_a-strlen-stub.o)
 .ARM.attributes
                0x0000060b       0x2d /usr/lib/gcc/arm-none-eabi/13.2.1/../../../arm-none-eabi/lib/thumb/v7-m/nofp/libc_nano.a(libc_a-init.o)
 .ARM.attributes
                0x00000638       0x2d /usr/lib/gcc/arm-none-eabi/13.2.1/../../../arm-none-eabi/lib/thumb/v7-m/nofp/libc_nano.a(libc_a-memset.o)
 .ARM.attributes
                0x00000665       0x2d /usr/lib/gcc/arm-none-eabi/13.2.1/thumb/v7-m/nofp/crtend.o
 .ARM.attributes
                0x00000692       0x1d /usr/lib/gcc/arm-none-eabi/13.2.1/thumb/v7-m/nofp/crtn.o

.comment        0x00000000       0x26
 .comment       0x00000000       0x26 /usr/lib/gcc/arm-none-eabi/13.2.1/thumb/v7-m/nofp/crtbegin.o
                                 0x27 (size before relaxing)
 .comment       0x00000026       0x27 build/main.o
 .comment       0x00000026       0x27 build/gpio.o
 .comment       0x00000026       0x27 build/adc.o
 .comment       0x00000026       0x27 build/dma.o
 .comment       0x00000026       0x27 build/tim.o
 .comment       0x00000026       0x27 build/usart.o
 .comment       0x00000026       0x27 build/stm32f1xx_it.o
 .comment       0x00000026       0x27 build/stm32f1xx_hal_msp.o
 .comment       0x00000026       0x27 build/stm32f1xx_hal_adc.o
 .comment       0x00000026       0x27 build/stm32f1xx_hal_adc_ex.o
 .comment       0x00000026       0x27 build/stm32f1xx_hal.o
 .comment       0x00000026       0x27 build/stm32f1xx_hal_rcc.o
 .comment       0x00000026       0x27 build/stm32f1xx_hal_rcc_ex.o
 .comment       0x00000026       0x27 build/stm32f1xx_hal_gpio.o
 .comment       0x00000026       0x27 build/stm32f1xx_hal_dma.o
 .comment       0x00000026       0x27 build/stm32f1xx_hal_cortex.o
 .comment       0x00000026       0x27 build/stm32f1xx_hal_tim.o
 .comment       0x00000026       0x27 build/stm32f1xx_hal_tim_ex.o
 .comment       0x00000026       0x27 build/stm32f1xx_hal_uart.o
 .comment       0x00000026       0x27 build/stm32f1xx_hal_pcd.o
 .comment       0x00000026       0x27 build/stm32f1xx_hal_pcd_ex.o
 .comment       0x00000026       0x27 build/stm32f1xx_ll_usb.o
 .comment       0x00000026       0x27 build/system_stm32f1xx.o
 .comment       0x00000026       0x27 build/usb_device.o
 .comment       0x00000026       0x27 build/usbd_desc.o
 .comment       0x00000026       0x27 build/usbd_audio_if.o
 .comment       0x00000026       0x27 build/usbd_conf.o
 .comment       0x00000026       0x27 build/usbd_core.o
 .comment       0x00000026       0x27 build/usbd_ctlreq.o
 .comment       0x00000026       0x27 build/usbd_ioreq.o
 .comment       0x00000026       0x27 build/usbd_audio.o
 .comment       0x00000026       0x27 /usr/lib/gcc/arm-none-eabi/13.2.1/../../../arm-none-eabi/lib/thumb/v7-m/nofp/libc_nano.a(libc_a-strlen-stub.o)
 .comment       0x00000026       0x27 /usr/lib/gcc/arm-none-eabi/13.2.1/../../../arm-none-eabi/lib/thumb/v7-m/nofp/libc_nano.a(libc_a-init.o)
 .comment       0x00000026       0x27 /usr/lib/gcc/arm-none-eabi/13.2.1/../../../arm-none-eabi/lib/thumb/v7-m/nofp/libc_nano.a(libc_a-memset.o)
 .comment       0x00000026       0x27 /usr/lib/gcc/arm-none-eabi/13.2.1/thumb/v7-m/nofp/crtend.o

.debug_info     0x00000000    0x212c8
 .debug_info    0x00000000     0x1382 build/main.o
 .debug_info    0x00001382      0x37f build/gpio.o
 .debug_info    0x00001701      0xad7 build/adc.o
 .debug_info    0x000021d8      0x329 build/dma.o
 .debug_info    0x00002501      0xf08 build/tim.o
 .debug_info    0x00003409      0x919 build/usart.o
 .debug_info    0x00003d22      0xd6b build/stm32f1xx_it.o
 .debug_info    0x00004a8d      0x22c build/stm32f1xx_hal_msp.o
 .debug_info    0x00004cb9     0x1076 build/stm32f1xx_hal_adc.o
 .debug_info    0x00005d2f      0xd96 build/stm32f1xx_hal_adc_ex.o
 .debug_info    0x00006ac5      0x874 build/stm32f1xx_hal.o
 .debug_info    0x00007339      0xaec build/stm32f1xx_hal_rcc.o
 .debug_info    0x00007e25      0x465 build/stm32f1xx_hal_rcc_ex.o
 .debug_info    0x0000828a      0x6bf build/stm32f1xx_hal_gpio.o
 .debug_info    0x00008949      0x8c9 build/stm32f1xx_hal_dma.o
 .debug_info    0x00009212      0xe1b build/stm32f1xx_hal_cortex.o
 .debug_info    0x0000a02d     0x412e build/stm32f1xx_hal_tim.o
 .debug_info    0x0000e15b     0x1d37 build/stm32f1xx_hal_tim_ex.o
 .debug_info    0x0000fe92     0x42eb build/stm32f1xx_hal_uart.o
 .debug_info    0x0001417d     0x1f63 build/stm32f1xx_hal_pcd.o
 .debug_info    0x000160e0      0x7a4 build/stm32f1xx_hal_pcd_ex.o
 .debug_info    0x00016884     0x1d12 build/stm32f1xx_ll_usb.o
 .debug_info    0x00018596      0x256 build/system_stm32f1xx.o
 .debug_info    0x000187ec      0x8a4 build/usb_device.o
 .debug_info    0x00019090      0x5d4 build/usbd_desc.o
 .debug_info    0x00019664     0x15d0 build/usbd_audio_if.o
 .debug_info    0x0001ac34     0x1bce build/usbd_conf.o
 .debug_info    0x0001c802     0x1440 build/usbd_core.o
 .debug_info    0x0001dc42     0x15b2 build/usbd_ctlreq.o
 .debug_info    0x0001f1f4      0xa05 build/usbd_ioreq.o
 .debug_info    0x0001fbf9     0x13a2 build/usbd_audio.o
 .debug_info    0x00020f9b       0x30 build/startup_stm32f103xb.o
 .debug_info    0x00020fcb       0xbd /usr/lib/gcc/arm-none-eabi/13.2.1/../../../arm-none-eabi/lib/thumb/v7-m/nofp/libc_nano.a(libc_a-strlen-stub.o)
 .debug_info    0x00021088      0x10b /usr/lib/gcc/arm-none-eabi/13.2.1/../../../arm-none-eabi/lib/thumb/v7-m/nofp/libc_nano.a(libc_a-init.o)
 .debug_info    0x00021193      0x135 /usr/lib/gcc/arm-none-eabi/13.2.1/../../../arm-none-eabi/lib/thumb/v7-m/nofp/libc_nano.a(libc_a-memset.o)

.debug_abbrev   0x00000000     0x4aeb
 .debug_abbrev  0x00000000      0x2cf build/main.o
 .debug_abbrev  0x000002cf      0x14e build/gpio.o
 .debug_abbrev  0x0000041d      0x1fd build/adc.o
 .debug_abbrev  0x0000061a      0x11d build/dma.o
 .debug_abbrev  0x00000737      0x267 build/tim.o
 .debug_abbrev  0x0000099e      0x1fd build/usart.o
 .debug_abbrev  0x00000b9b      0x1b0 build/stm32f1xx_it.o
 .debug_abbrev  0x00000d4b       0xe7 build/stm32f1xx_hal_msp.o
 .debug_abbrev  0x00000e32      0x282 build/stm32f1xx_hal_adc.o
 .debug_abbrev  0x000010b4      0x297 build/stm32f1xx_hal_adc_ex.o
 .debug_abbrev  0x0000134b      0x232 build/stm32f1xx_hal.o
 .debug_abbrev  0x0000157d      0x2d6 build/stm32f1xx_hal_rcc.o
 .debug_abbrev  0x00001853      0x1d4 build/stm32f1xx_hal_rcc_ex.o
 .debug_abbrev  0x00001a27      0x222 build/stm32f1xx_hal_gpio.o
 .debug_abbrev  0x00001c49      0x261 build/stm32f1xx_hal_dma.o
 .debug_abbrev  0x00001eaa      0x3aa build/stm32f1xx_hal_cortex.o
 .debug_abbrev  0x00002254      0x2bd build/stm32f1xx_hal_tim.o
 .debug_abbrev  0x00002511      0x2b7 build/stm32f1xx_hal_tim_ex.o
 .debug_abbrev  0x000027c8      0x35f build/stm32f1xx_hal_uart.o
 .debug_abbrev  0x00002b27      0x32d build/stm32f1xx_hal_pcd.o
 .debug_abbrev  0x00002e54      0x184 build/stm32f1xx_hal_pcd_ex.o
 .debug_abbrev  0x00002fd8      0x262 build/stm32f1xx_ll_usb.o
 .debug_abbrev  0x0000323a      0x140 build/system_stm32f1xx.o
 .debug_abbrev  0x0000337a      0x1d1 build/usb_device.o
 .debug_abbrev  0x0000354b      0x214 build/usbd_desc.o
 .debug_abbrev  0x0000375f      0x326 build/usbd_audio_if.o
 .debug_abbrev  0x00003a85      0x2d9 build/usbd_conf.o
 .debug_abbrev  0x00003d5e      0x2f7 build/usbd_core.o
 .debug_abbrev  0x00004055      0x359 build/usbd_ctlreq.o
 .debug_abbrev  0x000043ae      0x195 build/usbd_ioreq.o
 .debug_abbrev  0x00004543      0x393 build/usbd_audio.o
 .debug_abbrev  0x000048d6       0x1d build/startup_stm32f103xb.o
 .debug_abbrev  0x000048f3       0x78 /usr/lib/gcc/arm-none-eabi/13.2.1/../../../arm-none-eabi/lib/thumb/v7-m/nofp/libc_nano.a(libc_a-strlen-stub.o)
 .debug_abbrev  0x0000496b       0xc9 /usr/lib/gcc/arm-none-eabi/13.2.1/../../../arm-none-eabi/lib/thumb/v7-m/nofp/libc_nano.a(libc_a-init.o)
 .debug_abbrev  0x00004a34       0xb7 /usr/lib/gcc/arm-none-eabi/13.2.1/../../../arm-none-eabi/lib/thumb/v7-m/nofp/libc_nano.a(libc_a-memset.o)

.debug_loc      0x00000000    0x1a880
 .debug_loc     0x00000000      0x208 build/main.o
 .debug_loc     0x00000208       0x38 build/gpio.o
 .debug_loc     0x00000240      0x125 build/adc.o
 .debug_loc     0x00000365       0x38 build/dma.o
 .debug_loc     0x0000039d      0x1b6 build/tim.o
 .debug_loc     0x00000553      0x120 build/usart.o
 .debug_loc     0x00000673       0x80 build/stm32f1xx_it.o
 .debug_loc     0x000006f3       0x41 build/stm32f1xx_hal_msp.o
 .debug_loc     0x00000734      0xf1c build/stm32f1xx_hal_adc.o
 .debug_loc     0x00001650      0xb42 build/stm32f1xx_hal_adc_ex.o
 .debug_loc     0x00002192      0x1f9 build/stm32f1xx_hal.o
 .debug_loc     0x0000238b      0x7c6 build/stm32f1xx_hal_rcc.o
 .debug_loc     0x00002b51      0x4a9 build/stm32f1xx_hal_rcc_ex.o
 .debug_loc     0x00002ffa      0x56c build/stm32f1xx_hal_gpio.o
 .debug_loc     0x00003566      0x990 build/stm32f1xx_hal_dma.o
 .debug_loc     0x00003ef6      0x8b4 build/stm32f1xx_hal_cortex.o
 .debug_loc     0x000047aa     0x6168 build/stm32f1xx_hal_tim.o
 .debug_loc     0x0000a912     0x227b build/stm32f1xx_hal_tim_ex.o
 .debug_loc     0x0000cb8d     0x4ff4 build/stm32f1xx_hal_uart.o
 .debug_loc     0x00011b81     0x1aa9 build/stm32f1xx_hal_pcd.o
 .debug_loc     0x0001362a      0x15a build/stm32f1xx_hal_pcd_ex.o
 .debug_loc     0x00013784     0x1b49 build/stm32f1xx_ll_usb.o
 .debug_loc     0x000152cd      0x11b build/system_stm32f1xx.o
 .debug_loc     0x000153e8       0x20 build/usb_device.o
 .debug_loc     0x00015408      0x430 build/usbd_desc.o
 .debug_loc     0x00015838      0x42b build/usbd_audio_if.o
 .debug_loc     0x00015c63      0xcba build/usbd_conf.o
 .debug_loc     0x0001691d     0x115e build/usbd_core.o
 .debug_loc     0x00017a7b     0x1c2a build/usbd_ctlreq.o
 .debug_loc     0x000196a5      0x3f8 build/usbd_ioreq.o
 .debug_loc     0x00019a9d      0xde3 build/usbd_audio.o

.debug_aranges  0x00000000     0x1510
 .debug_aranges
                0x00000000       0x48 build/main.o
 .debug_aranges
                0x00000048       0x20 build/gpio.o
 .debug_aranges
                0x00000068       0x30 build/adc.o
 .debug_aranges
                0x00000098       0x20 build/dma.o
 .debug_aranges
                0x000000b8       0x48 build/tim.o
 .debug_aranges
                0x00000100       0x30 build/usart.o
 .debug_aranges
                0x00000130       0x78 build/stm32f1xx_it.o
 .debug_aranges
                0x000001a8       0x20 build/stm32f1xx_hal_msp.o
 .debug_aranges
                0x000001c8       0xf0 build/stm32f1xx_hal_adc.o
 .debug_aranges
                0x000002b8       0x80 build/stm32f1xx_hal_adc_ex.o
 .debug_aranges
                0x00000338       0xe0 build/stm32f1xx_hal.o
 .debug_aranges
                0x00000418       0x90 build/stm32f1xx_hal_rcc.o
 .debug_aranges
                0x000004a8       0x30 build/stm32f1xx_hal_rcc_ex.o
 .debug_aranges
                0x000004d8       0x58 build/stm32f1xx_hal_gpio.o
 .debug_aranges
                0x00000530       0x80 build/stm32f1xx_hal_dma.o
 .debug_aranges
                0x000005b0       0xc0 build/stm32f1xx_hal_cortex.o
 .debug_aranges
                0x00000670      0x3d0 build/stm32f1xx_hal_tim.o
 .debug_aranges
                0x00000a40      0x168 build/stm32f1xx_hal_tim_ex.o
 .debug_aranges
                0x00000ba8      0x208 build/stm32f1xx_hal_uart.o
 .debug_aranges
                0x00000db0      0x140 build/stm32f1xx_hal_pcd.o
 .debug_aranges
                0x00000ef0       0x38 build/stm32f1xx_hal_pcd_ex.o
 .debug_aranges
                0x00000f28       0xf8 build/stm32f1xx_ll_usb.o
 .debug_aranges
                0x00001020       0x28 build/system_stm32f1xx.o
 .debug_aranges
                0x00001048       0x20 build/usb_device.o
 .debug_aranges
                0x00001068       0x60 build/usbd_desc.o
 .debug_aranges
                0x000010c8       0x68 build/usbd_audio_if.o
 .debug_aranges
                0x00001130      0x108 build/usbd_conf.o
 .debug_aranges
                0x00001238       0xd8 build/usbd_core.o
 .debug_aranges
                0x00001310       0x88 build/usbd_ctlreq.o
 .debug_aranges
                0x00001398       0x50 build/usbd_ioreq.o
 .debug_aranges
                0x000013e8       0xa0 build/usbd_audio.o
 .debug_aranges
                0x00001488       0x28 build/startup_stm32f103xb.o
 .debug_aranges
                0x000014b0       0x20 /usr/lib/gcc/arm-none-eabi/13.2.1/../../../arm-none-eabi/lib/thumb/v7-m/nofp/libc_nano.a(libc_a-strlen-stub.o)
 .debug_aranges
                0x000014d0       0x20 /usr/lib/gcc/arm-none-eabi/13.2.1/../../../arm-none-eabi/lib/thumb/v7-m/nofp/libc_nano.a(libc_a-init.o)
 .debug_aranges
                0x000014f0       0x20 /usr/lib/gcc/arm-none-eabi/13.2.1/../../../arm-none-eabi/lib/thumb/v7-m/nofp/libc_nano.a(libc_a-memset.o)

.debug_ranges   0x00000000     0x1680
 .debug_ranges  0x00000000       0x38 build/main.o
 .debug_ranges  0x00000038       0x10 build/gpio.o
 .debug_ranges  0x00000048       0x20 build/adc.o
 .debug_ranges  0x00000068       0x10 build/dma.o
 .debug_ranges  0x00000078       0x38 build/tim.o
 .debug_ranges  0x000000b0       0x20 build/usart.o
 .debug_ranges  0x000000d0       0x68 build/stm32f1xx_it.o
 .debug_ranges  0x00000138       0x10 build/stm32f1xx_hal_msp.o
 .debug_ranges  0x00000148       0xe0 build/stm32f1xx_hal_adc.o
 .debug_ranges  0x00000228       0x70 build/stm32f1xx_hal_adc_ex.o
 .debug_ranges  0x00000298       0xd0 build/stm32f1xx_hal.o
 .debug_ranges  0x00000368       0xa0 build/stm32f1xx_hal_rcc.o
 .debug_ranges  0x00000408       0x38 build/stm32f1xx_hal_rcc_ex.o
 .debug_ranges  0x00000440       0x48 build/stm32f1xx_hal_gpio.o
 .debug_ranges  0x00000488       0x70 build/stm32f1xx_hal_dma.o
 .debug_ranges  0x000004f8       0xb0 build/stm32f1xx_hal_cortex.o
 .debug_ranges  0x000005a8      0x3c0 build/stm32f1xx_hal_tim.o
 .debug_ranges  0x00000968      0x158 build/stm32f1xx_hal_tim_ex.o
 .debug_ranges  0x00000ac0      0x210 build/stm32f1xx_hal_uart.o
 .debug_ranges  0x00000cd0      0x240 build/stm32f1xx_hal_pcd.o
 .debug_ranges  0x00000f10       0x28 build/stm32f1xx_hal_pcd_ex.o
 .debug_ranges  0x00000f38      0x320 build/stm32f1xx_ll_usb.o
 .debug_ranges  0x00001258       0x18 build/system_stm32f1xx.o
 .debug_ranges  0x00001270       0x10 build/usb_device.o
 .debug_ranges  0x00001280       0x80 build/usbd_desc.o
 .debug_ranges  0x00001300       0x58 build/usbd_audio_if.o
 .debug_ranges  0x00001358       0xf8 build/usbd_conf.o
 .debug_ranges  0x00001450       0xc8 build/usbd_core.o
 .debug_ranges  0x00001518       0x78 build/usbd_ctlreq.o
 .debug_ranges  0x00001590       0x40 build/usbd_ioreq.o
 .debug_ranges  0x000015d0       0x90 build/usbd_audio.o
 .debug_ranges  0x00001660       0x20 build/startup_stm32f103xb.o

.debug_line     0x00000000    0x14f7f
 .debug_line    0x00000000      0x4ea build/main.o
 .debug_line    0x000004ea      0x137 build/gpio.o
 .debug_line    0x00000621      0x321 build/adc.o
 .debug_line    0x00000942       0xfa build/dma.o
 .debug_line    0x00000a3c      0x461 build/tim.o
 .debug_line    0x00000e9d      0x249 build/usart.o
 .debug_line    0x000010e6      0x285 build/stm32f1xx_it.o
 .debug_line    0x0000136b       0xd7 build/stm32f1xx_hal_msp.o
 .debug_line    0x00001442      0xddf build/stm32f1xx_hal_adc.o
 .debug_line    0x00002221      0xaab build/stm32f1xx_hal_adc_ex.o
 .debug_line    0x00002ccc      0x489 build/stm32f1xx_hal.o
 .debug_line    0x00003155      0xc05 build/stm32f1xx_hal_rcc.o
 .debug_line    0x00003d5a      0x405 build/stm32f1xx_hal_rcc_ex.o
 .debug_line    0x0000415f      0x52b build/stm32f1xx_hal_gpio.o
 .debug_line    0x0000468a      0xa4a build/stm32f1xx_hal_dma.o
 .debug_line    0x000050d4      0x602 build/stm32f1xx_hal_cortex.o
 .debug_line    0x000056d6     0x454a build/stm32f1xx_hal_tim.o
 .debug_line    0x00009c20     0x1947 build/stm32f1xx_hal_tim_ex.o
 .debug_line    0x0000b567     0x33fa build/stm32f1xx_hal_uart.o
 .debug_line    0x0000e961     0x178f build/stm32f1xx_hal_pcd.o
 .debug_line    0x000100f0      0x1ee build/stm32f1xx_hal_pcd_ex.o
 .debug_line    0x000102de     0x16d1 build/stm32f1xx_ll_usb.o
 .debug_line    0x000119af      0x1a0 build/system_stm32f1xx.o
 .debug_line    0x00011b4f      0x1a9 build/usb_device.o
 .debug_line    0x00011cf8      0x28b build/usbd_desc.o
 .debug_line    0x00011f83      0x4e1 build/usbd_audio_if.o
 .debug_line    0x00012464      0x5e0 build/usbd_conf.o
 .debug_line    0x00012a44      0x96d build/usbd_core.o
 .debug_line    0x000133b1      0xcb3 build/usbd_ctlreq.o
 .debug_line    0x00014064      0x231 build/usbd_ioreq.o
 .debug_line    0x00014295      0x8b6 build/usbd_audio.o
 .debug_line    0x00014b4b       0x71 build/startup_stm32f103xb.o
 .debug_line    0x00014bbc       0xf4 /usr/lib/gcc/arm-none-eabi/13.2.1/../../../arm-none-eabi/lib/thumb/v7-m/nofp/libc_nano.a(libc_a-strlen-stub.o)
 .debug_line    0x00014cb0      0x11e /usr/lib/gcc/arm-none-eabi/13.2.1/../../../arm-none-eabi/lib/thumb/v7-m/nofp/libc_nano.a(libc_a-init.o)
 .debug_line    0x00014dce      0x1b1 /usr/lib/gcc/arm-none-eabi/13.2.1/../../../arm-none-eabi/lib/thumb/v7-m/nofp/libc_nano.a(libc_a-memset.o)

.debug_str      0x00000000     0x5c01
 .debug_str     0x00000000     0x5c01 build/main.o
                                0xd15 (size before relaxing)
 .debug_str     0x00005c01      0x282 build/gpio.o
 .debug_str     0x00005c01      0x6dd build/adc.o
 .debug_str     0x00005c01      0x4ec build/dma.o
 .debug_str     0x00005c01      0xa21 build/tim.o
 .debug_str     0x00005c01      0x6bf build/usart.o
 .debug_str     0x00005c01      0xaa1 build/stm32f1xx_it.o
 .debug_str     0x00005c01      0x221 build/stm32f1xx_hal_msp.o
 .debug_str     0x00005c01      0x8d2 build/stm32f1xx_hal_adc.o
 .debug_str     0x00005c01      0x8bf build/stm32f1xx_hal_adc_ex.o
 .debug_str     0x00005c01      0x830 build/stm32f1xx_hal.o
 .debug_str     0x00005c01      0x618 build/stm32f1xx_hal_rcc.o
 .debug_str     0x00005c01      0x3cb build/stm32f1xx_hal_rcc_ex.o
 .debug_str     0x00005c01      0x3f7 build/stm32f1xx_hal_gpio.o
 .debug_str     0x00005c01      0x5ff build/stm32f1xx_hal_dma.o
 .debug_str     0x00005c01      0x8c1 build/stm32f1xx_hal_cortex.o
 .debug_str     0x00005c01     0x167c build/stm32f1xx_hal_tim.o
 .debug_str     0x00005c01      0xe88 build/stm32f1xx_hal_tim_ex.o
 .debug_str     0x00005c01      0xce1 build/stm32f1xx_hal_uart.o
 .debug_str     0x00005c01      0xb10 build/stm32f1xx_hal_pcd.o
 .debug_str     0x00005c01      0x6c0 build/stm32f1xx_hal_pcd_ex.o
 .debug_str     0x00005c01      0x712 build/stm32f1xx_ll_usb.o
 .debug_str     0x00005c01      0x24c build/system_stm32f1xx.o
 .debug_str     0x00005c01      0x6a7 build/usb_device.o
 .debug_str     0x00005c01      0x448 build/usbd_desc.o
 .debug_str     0x00005c01     0x1178 build/usbd_audio_if.o
 .debug_str     0x00005c01     0x113f build/usbd_conf.o
 .debug_str     0x00005c01      0x9bf build/usbd_core.o
 .debug_str     0x00005c01      0x7ea build/usbd_ctlreq.o
 .debug_str     0x00005c01      0x6bf build/usbd_ioreq.o
 .debug_str     0x00005c01      0xae4 build/usbd_audio.o
 .debug_str     0x00005c01       0x96 build/startup_stm32f103xb.o
 .debug_str     0x00005c01      0x19b /usr/lib/gcc/arm-none-eabi/13.2.1/../../../arm-none-eabi/lib/thumb/v7-m/nofp/libc_nano.a(libc_a-strlen-stub.o)
 .debug_str     0x00005c01      0x1f2 /usr/lib/gcc/arm-none-eabi/13.2.1/../../../arm-none-eabi/lib/thumb/v7-m/nofp/libc_nano.a(libc_a-init.o)
 .debug_str     0x00005c01      0x1a5 /usr/lib/gcc/arm-none-eabi/13.2.1/../../../arm-none-eabi/lib/thumb/v7-m/nofp/libc_nano.a(libc_a-memset.o)

.debug_frame    0x00000000     0x3594
 .debug_frame   0x00000000       0xa0 build/main.o
 .debug_frame   0x000000a0       0x30 build/gpio.o
 .debug_frame   0x000000d0       0x68 build/adc.o
 .debug_frame   0x00000138       0x2c build/dma.o
 .debug_frame   0x00000164       0xb8 build/tim.o
 .debug_frame   0x0000021c       0x60 build/usart.o
 .debug_frame   0x0000027c       0xf0 build/stm32f1xx_it.o
 .debug_frame   0x0000036c       0x28 build/stm32f1xx_hal_msp.o
 .debug_frame   0x00000394      0x2c8 build/stm32f1xx_hal_adc.o
 .debug_frame   0x0000065c      0x19c build/stm32f1xx_hal_adc_ex.o
 .debug_frame   0x000007f8      0x1cc build/stm32f1xx_hal.o
 .debug_frame   0x000009c4      0x184 build/stm32f1xx_hal_rcc.o
 .debug_frame   0x00000b48       0x5c build/stm32f1xx_hal_rcc_ex.o
 .debug_frame   0x00000ba4       0xe4 build/stm32f1xx_hal_gpio.o
 .debug_frame   0x00000c88      0x144 build/stm32f1xx_hal_dma.o
 .debug_frame   0x00000dcc      0x19c build/stm32f1xx_hal_cortex.o
 .debug_frame   0x00000f68      0xb18 build/stm32f1xx_hal_tim.o
 .debug_frame   0x00001a80      0x418 build/stm32f1xx_hal_tim_ex.o
 .debug_frame   0x00001e98      0x5dc build/stm32f1xx_hal_uart.o
 .debug_frame   0x00002474      0x358 build/stm32f1xx_hal_pcd.o
 .debug_frame   0x000027cc       0x50 build/stm32f1xx_hal_pcd_ex.o
 .debug_frame   0x0000281c      0x200 build/stm32f1xx_ll_usb.o
 .debug_frame   0x00002a1c       0x30 build/system_stm32f1xx.o
 .debug_frame   0x00002a4c       0x28 build/usb_device.o
 .debug_frame   0x00002a74       0xe0 build/usbd_desc.o
 .debug_frame   0x00002b54       0xe8 build/usbd_audio_if.o
 .debug_frame   0x00002c3c      0x2d0 build/usbd_conf.o
 .debug_frame   0x00002f0c      0x240 build/usbd_core.o
 .debug_frame   0x0000314c      0x180 build/usbd_ctlreq.o
 .debug_frame   0x000032cc       0xb8 build/usbd_ioreq.o
 .debug_frame   0x00003384      0x198 build/usbd_audio.o
 .debug_frame   0x0000351c       0x20 /usr/lib/gcc/arm-none-eabi/13.2.1/../../../arm-none-eabi/lib/thumb/v7-m/nofp/libc_nano.a(libc_a-strlen-stub.o)
 .debug_frame   0x0000353c       0x2c /usr/lib/gcc/arm-none-eabi/13.2.1/../../../arm-none-eabi/lib/thumb/v7-m/nofp/libc_nano.a(libc_a-init.o)
 .debug_frame   0x00003568       0x2c /usr/lib/gcc/arm-none-eabi/13.2.1/../../../arm-none-eabi/lib/thumb/v7-m/nofp/libc_nano.a(libc_a-memset.o)

.debug_loclists
                0x00000000      0x265
 .debug_loclists
                0x00000000       0x29 /usr/lib/gcc/arm-none-eabi/13.2.1/../../../arm-none-eabi/lib/thumb/v7-m/nofp/libc_nano.a(libc_a-strlen-stub.o)
 .debug_loclists
                0x00000029       0x65 /usr/lib/gcc/arm-none-eabi/13.2.1/../../../arm-none-eabi/lib/thumb/v7-m/nofp/libc_nano.a(libc_a-init.o)
 .debug_loclists
                0x0000008e      0x1d7 /usr/lib/gcc/arm-none-eabi/13.2.1/../../../arm-none-eabi/lib/thumb/v7-m/nofp/libc_nano.a(libc_a-memset.o)

.debug_rnglists
                0x00000000       0x13
 .debug_rnglists
                0x00000000       0x13 /usr/lib/gcc/arm-none-eabi/13.2.1/../../../arm-none-eabi/lib/thumb/v7-m/nofp/libc_nano.a(libc_a-strlen-stub.o)

Cross Reference Table

Symbol                                            File
ADC1_2_IRQHandler                                 build/startup_stm32f103xb.o
ADC_ConversionStop_Disable                        build/stm32f1xx_hal_adc.o
                                                  build/stm32f1xx_hal_adc_ex.o
ADC_DMAConvCplt                                   build/stm32f1xx_hal_adc.o
                                                  build/stm32f1xx_hal_adc_ex.o
ADC_DMAError                                      build/stm32f1xx_hal_adc.o
                                                  build/stm32f1xx_hal_adc_ex.o
ADC_DMAHalfConvCplt                               build/stm32f1xx_hal_adc.o
                                                  build/stm32f1xx_hal_adc_ex.o
ADC_Enable                                        build/stm32f1xx_hal_adc.o
                                                  build/stm32f1xx_hal_adc_ex.o
AHBPrescTable                                     build/system_stm32f1xx.o
                                                  build/stm32f1xx_hal_rcc.o
APBPrescTable                                     build/system_stm32f1xx.o
                                                  build/stm32f1xx_hal_rcc.o
BusFault_Handler                                  build/stm32f1xx_it.o
CAN1_RX1_IRQHandler                               build/startup_stm32f103xb.o
CAN1_SCE_IRQHandler                               build/startup_stm32f103xb.o
DMA1_Channel1_IRQHandler                          build/stm32f1xx_it.o
DMA1_Channel2_IRQHandler                          build/startup_stm32f103xb.o
DMA1_Channel3_IRQHandler                          build/startup_stm32f103xb.o
DMA1_Channel4_IRQHandler                          build/startup_stm32f103xb.o
DMA1_Channel5_IRQHandler                          build/startup_stm32f103xb.o
DMA1_Channel6_IRQHandler                          build/startup_stm32f103xb.o
DMA1_Channel7_IRQHandler                          build/startup_stm32f103xb.o
DebugMon_Handler                                  build/stm32f1xx_it.o
Default_Handler                                   build/startup_stm32f103xb.o
EXTI0_IRQHandler                                  build/startup_stm32f103xb.o
EXTI15_10_IRQHandler                              build/startup_stm32f103xb.o
EXTI1_IRQHandler                                  build/startup_stm32f103xb.o
EXTI2_IRQHandler                                  build/startup_stm32f103xb.o
EXTI3_IRQHandler                                  build/startup_stm32f103xb.o
EXTI4_IRQHandler                                  build/startup_stm32f103xb.o
EXTI9_5_IRQHandler                                build/startup_stm32f103xb.o
Error_Handler                                     build/main.o
                                                  build/usbd_audio_if.o
                                                  build/usb_device.o
                                                  build/usart.o
                                                  build/tim.o
                                                  build/adc.o
FLASH_IRQHandler                                  build/startup_stm32f103xb.o
FLASH_PageErase                                   build/stm32f1xx_hal_flash_ex.o
                                                  build/stm32f1xx_hal_flash.o
FLASH_WaitForLastOperation                        build/stm32f1xx_hal_flash.o
                                                  build/stm32f1xx_hal_flash_ex.o
FS_Desc                                           build/usbd_desc.o
                                                  build/usb_device.o
HAL_ADCEx_Calibration_Start                       build/stm32f1xx_hal_adc_ex.o
                                                  build/main.o
HAL_ADCEx_InjectedConfigChannel                   build/stm32f1xx_hal_adc_ex.o
HAL_ADCEx_InjectedConvCpltCallback                build/stm32f1xx_hal_adc_ex.o
                                                  build/stm32f1xx_hal_adc.o
HAL_ADCEx_InjectedGetValue                        build/stm32f1xx_hal_adc_ex.o
HAL_ADCEx_InjectedPollForConversion               build/stm32f1xx_hal_adc_ex.o
HAL_ADCEx_InjectedStart                           build/stm32f1xx_hal_adc_ex.o
HAL_ADCEx_InjectedStart_IT                        build/stm32f1xx_hal_adc_ex.o
HAL_ADCEx_InjectedStop                            build/stm32f1xx_hal_adc_ex.o
HAL_ADCEx_InjectedStop_IT                         build/stm32f1xx_hal_adc_ex.o
HAL_ADCEx_MultiModeConfigChannel                  build/stm32f1xx_hal_adc_ex.o
HAL_ADCEx_MultiModeGetValue                       build/stm32f1xx_hal_adc_ex.o
HAL_ADCEx_MultiModeStart_DMA                      build/stm32f1xx_hal_adc_ex.o
HAL_ADCEx_MultiModeStop_DMA                       build/stm32f1xx_hal_adc_ex.o
HAL_ADC_AnalogWDGConfig                           build/stm32f1xx_hal_adc.o
HAL_ADC_ConfigChannel                             build/stm32f1xx_hal_adc.o
                                                  build/adc.o
HAL_ADC_ConvCpltCallback                          build/main.o
HAL_ADC_ConvHalfCpltCallback                      build/stm32f1xx_hal_adc.o
HAL_ADC_DeInit                                    build/stm32f1xx_hal_adc.o
HAL_ADC_ErrorCallback                             build/stm32f1xx_hal_adc.o
HAL_ADC_GetError                                  build/stm32f1xx_hal_adc.o
HAL_ADC_GetState                                  build/stm32f1xx_hal_adc.o
HAL_ADC_GetValue                                  build/stm32f1xx_hal_adc.o
HAL_ADC_IRQHandler                                build/stm32f1xx_hal_adc.o
HAL_ADC_Init                                      build/stm32f1xx_hal_adc.o
                                                  build/adc.o
HAL_ADC_LevelOutOfWindowCallback                  build/stm32f1xx_hal_adc.o
HAL_ADC_MspDeInit                                 build/adc.o
HAL_ADC_MspInit                                   build/adc.o
HAL_ADC_PollForConversion                         build/stm32f1xx_hal_adc.o
HAL_ADC_PollForEvent                              build/stm32f1xx_hal_adc.o
HAL_ADC_Start                                     build/stm32f1xx_hal_adc.o
HAL_ADC_Start_DMA                                 build/stm32f1xx_hal_adc.o
                                                  build/main.o
HAL_ADC_Start_IT                                  build/stm32f1xx_hal_adc.o
HAL_ADC_Stop                                      build/stm32f1xx_hal_adc.o
HAL_ADC_Stop_DMA                                  build/stm32f1xx_hal_adc.o
HAL_ADC_Stop_IT                                   build/stm32f1xx_hal_adc.o
HAL_DBGMCU_DisableDBGSleepMode                    build/stm32f1xx_hal.o
HAL_DBGMCU_DisableDBGStandbyMode                  build/stm32f1xx_hal.o
HAL_DBGMCU_DisableDBGStopMode                     build/stm32f1xx_hal.o
HAL_DBGMCU_EnableDBGSleepMode                     build/stm32f1xx_hal.o
HAL_DBGMCU_EnableDBGStandbyMode                   build/stm32f1xx_hal.o
HAL_DBGMCU_EnableDBGStopMode                      build/stm32f1xx_hal.o
HAL_DMA_Abort                                     build/stm32f1xx_hal_dma.o
                                                  build/stm32f1xx_hal_uart.o
                                                  build/stm32f1xx_hal_adc_ex.o
                                                  build/stm32f1xx_hal_adc.o
HAL_DMA_Abort_IT                                  build/stm32f1xx_hal_dma.o
                                                  build/stm32f1xx_hal_uart.o
                                                  build/stm32f1xx_hal_tim_ex.o
                                                  build/stm32f1xx_hal_tim.o
HAL_DMA_DeInit                                    build/stm32f1xx_hal_dma.o
                                                  build/adc.o
HAL_DMA_GetError                                  build/stm32f1xx_hal_dma.o
                                                  build/stm32f1xx_hal_uart.o
HAL_DMA_GetState                                  build/stm32f1xx_hal_dma.o
HAL_DMA_IRQHandler                                build/stm32f1xx_hal_dma.o
                                                  build/stm32f1xx_it.o
HAL_DMA_Init                                      build/stm32f1xx_hal_dma.o
                                                  build/adc.o
HAL_DMA_PollForTransfer                           build/stm32f1xx_hal_dma.o
HAL_DMA_RegisterCallback                          build/stm32f1xx_hal_dma.o
HAL_DMA_Start                                     build/stm32f1xx_hal_dma.o
HAL_DMA_Start_IT                                  build/stm32f1xx_hal_dma.o
                                                  build/stm32f1xx_hal_uart.o
                                                  build/stm32f1xx_hal_tim_ex.o
                                                  build/stm32f1xx_hal_tim.o
                                                  build/stm32f1xx_hal_adc_ex.o
                                                  build/stm32f1xx_hal_adc.o
HAL_DMA_UnRegisterCallback                        build/stm32f1xx_hal_dma.o
HAL_DeInit                                        build/stm32f1xx_hal.o
HAL_Delay                                         build/stm32f1xx_hal.o
                                                  build/usbd_conf.o
HAL_EXTI_ClearConfigLine                          build/stm32f1xx_hal_exti.o
HAL_EXTI_ClearPending                             build/stm32f1xx_hal_exti.o
HAL_EXTI_GenerateSWI                              build/stm32f1xx_hal_exti.o
HAL_EXTI_GetConfigLine                            build/stm32f1xx_hal_exti.o
HAL_EXTI_GetHandle                                build/stm32f1xx_hal_exti.o
HAL_EXTI_GetPending                               build/stm32f1xx_hal_exti.o
HAL_EXTI_IRQHandler                               build/stm32f1xx_hal_exti.o
HAL_EXTI_RegisterCallback                         build/stm32f1xx_hal_exti.o
HAL_EXTI_SetConfigLine                            build/stm32f1xx_hal_exti.o
HAL_FLASHEx_Erase                                 build/stm32f1xx_hal_flash_ex.o
HAL_FLASHEx_Erase_IT                              build/stm32f1xx_hal_flash_ex.o
HAL_FLASHEx_OBErase                               build/stm32f1xx_hal_flash_ex.o
HAL_FLASHEx_OBGetConfig                           build/stm32f1xx_hal_flash_ex.o
HAL_FLASHEx_OBGetUserData                         build/stm32f1xx_hal_flash_ex.o
HAL_FLASHEx_OBProgram                             build/stm32f1xx_hal_flash_ex.o
HAL_FLASH_EndOfOperationCallback                  build/stm32f1xx_hal_flash.o
HAL_FLASH_GetError                                build/stm32f1xx_hal_flash.o
HAL_FLASH_IRQHandler                              build/stm32f1xx_hal_flash.o
HAL_FLASH_Lock                                    build/stm32f1xx_hal_flash.o
HAL_FLASH_OB_Launch                               build/stm32f1xx_hal_flash.o
HAL_FLASH_OB_Lock                                 build/stm32f1xx_hal_flash.o
HAL_FLASH_OB_Unlock                               build/stm32f1xx_hal_flash.o
HAL_FLASH_OperationErrorCallback                  build/stm32f1xx_hal_flash.o
HAL_FLASH_Program                                 build/stm32f1xx_hal_flash.o
HAL_FLASH_Program_IT                              build/stm32f1xx_hal_flash.o
HAL_FLASH_Unlock                                  build/stm32f1xx_hal_flash.o
HAL_GPIOEx_ConfigEventout                         build/stm32f1xx_hal_gpio_ex.o
HAL_GPIOEx_DisableEventout                        build/stm32f1xx_hal_gpio_ex.o
HAL_GPIOEx_EnableEventout                         build/stm32f1xx_hal_gpio_ex.o
HAL_GPIO_DeInit                                   build/stm32f1xx_hal_gpio.o
                                                  build/usart.o
                                                  build/tim.o
                                                  build/adc.o
HAL_GPIO_EXTI_Callback                            build/stm32f1xx_hal_gpio.o
HAL_GPIO_EXTI_IRQHandler                          build/stm32f1xx_hal_gpio.o
HAL_GPIO_Init                                     build/stm32f1xx_hal_gpio.o
                                                  build/stm32f1xx_hal_rcc.o
                                                  build/usart.o
                                                  build/tim.o
                                                  build/adc.o
                                                  build/gpio.o
HAL_GPIO_LockPin                                  build/stm32f1xx_hal_gpio.o
HAL_GPIO_ReadPin                                  build/stm32f1xx_hal_gpio.o
HAL_GPIO_TogglePin                                build/stm32f1xx_hal_gpio.o
                                                  build/main.o
HAL_GPIO_WritePin                                 build/stm32f1xx_hal_gpio.o
                                                  build/gpio.o
HAL_GetDEVID                                      build/stm32f1xx_hal.o
HAL_GetHalVersion                                 build/stm32f1xx_hal.o
HAL_GetREVID                                      build/stm32f1xx_hal.o
HAL_GetTick                                       build/stm32f1xx_hal.o
                                                  build/stm32f1xx_hal_uart.o
                                                  build/stm32f1xx_hal_flash.o
                                                  build/stm32f1xx_hal_dma.o
                                                  build/stm32f1xx_hal_rcc_ex.o
                                                  build/stm32f1xx_hal_rcc.o
                                                  build/stm32f1xx_hal_adc_ex.o
                                                  build/stm32f1xx_hal_adc.o
                                                  build/main.o
HAL_GetTickFreq                                   build/stm32f1xx_hal.o
HAL_GetTickPrio                                   build/stm32f1xx_hal.o
HAL_GetUIDw0                                      build/stm32f1xx_hal.o
HAL_GetUIDw1                                      build/stm32f1xx_hal.o
HAL_GetUIDw2                                      build/stm32f1xx_hal.o
HAL_HalfDuplex_EnableReceiver                     build/stm32f1xx_hal_uart.o
HAL_HalfDuplex_EnableTransmitter                  build/stm32f1xx_hal_uart.o
HAL_HalfDuplex_Init                               build/stm32f1xx_hal_uart.o
HAL_IncTick                                       build/stm32f1xx_hal.o
                                                  build/stm32f1xx_it.o
HAL_Init                                          build/stm32f1xx_hal.o
                                                  build/main.o
HAL_InitTick                                      build/stm32f1xx_hal.o
                                                  build/stm32f1xx_hal_rcc.o
HAL_LIN_Init                                      build/stm32f1xx_hal_uart.o
HAL_LIN_SendBreak                                 build/stm32f1xx_hal_uart.o
HAL_MspDeInit                                     build/stm32f1xx_hal.o
HAL_MspInit                                       build/stm32f1xx_hal_msp.o
HAL_MultiProcessor_EnterMuteMode                  build/stm32f1xx_hal_uart.o
HAL_MultiProcessor_ExitMuteMode                   build/stm32f1xx_hal_uart.o
HAL_MultiProcessor_Init                           build/stm32f1xx_hal_uart.o
HAL_NVIC_ClearPendingIRQ                          build/stm32f1xx_hal_cortex.o
HAL_NVIC_DisableIRQ                               build/stm32f1xx_hal_cortex.o
                                                  build/usbd_conf.o
HAL_NVIC_EnableIRQ                                build/stm32f1xx_hal_cortex.o
                                                  build/usbd_conf.o
                                                  build/usbd_audio_if.o
                                                  build/dma.o
HAL_NVIC_GetActive                                build/stm32f1xx_hal_cortex.o
HAL_NVIC_GetPendingIRQ                            build/stm32f1xx_hal_cortex.o
HAL_NVIC_GetPriority                              build/stm32f1xx_hal_cortex.o
HAL_NVIC_GetPriorityGrouping                      build/stm32f1xx_hal_cortex.o
HAL_NVIC_SetPendingIRQ                            build/stm32f1xx_hal_cortex.o
HAL_NVIC_SetPriority                              build/stm32f1xx_hal_cortex.o
                                                  build/usbd_conf.o
                                                  build/usbd_audio_if.o
                                                  build/stm32f1xx_hal.o
                                                  build/dma.o
HAL_NVIC_SetPriorityGrouping                      build/stm32f1xx_hal_cortex.o
                                                  build/stm32f1xx_hal.o
HAL_NVIC_SystemReset                              build/stm32f1xx_hal_cortex.o
                                                  build/stm32f1xx_hal_flash.o
HAL_PCDEx_BCD_Callback                            build/stm32f1xx_hal_pcd_ex.o
HAL_PCDEx_LPM_Callback                            build/stm32f1xx_hal_pcd_ex.o
HAL_PCDEx_PMAConfig                               build/stm32f1xx_hal_pcd_ex.o
                                                  build/usbd_conf.o
HAL_PCDEx_SetConnectionState                      build/stm32f1xx_hal_pcd_ex.o
                                                  build/stm32f1xx_hal_pcd.o
HAL_PCD_ActivateRemoteWakeup                      build/stm32f1xx_hal_pcd.o
HAL_PCD_ConnectCallback                           build/usbd_conf.o
                                                  build/stm32f1xx_hal_pcd.o
HAL_PCD_DataInStageCallback                       build/usbd_conf.o
                                                  build/stm32f1xx_hal_pcd.o
HAL_PCD_DataOutStageCallback                      build/usbd_conf.o
                                                  build/stm32f1xx_hal_pcd.o
HAL_PCD_DeActivateRemoteWakeup                    build/stm32f1xx_hal_pcd.o
HAL_PCD_DeInit                                    build/stm32f1xx_hal_pcd.o
                                                  build/usbd_conf.o
HAL_PCD_DevConnect                                build/stm32f1xx_hal_pcd.o
HAL_PCD_DevDisconnect                             build/stm32f1xx_hal_pcd.o
HAL_PCD_DisconnectCallback                        build/usbd_conf.o
                                                  build/stm32f1xx_hal_pcd.o
HAL_PCD_EP_Abort                                  build/stm32f1xx_hal_pcd.o
HAL_PCD_EP_Close                                  build/stm32f1xx_hal_pcd.o
                                                  build/usbd_conf.o
HAL_PCD_EP_ClrStall                               build/stm32f1xx_hal_pcd.o
                                                  build/usbd_conf.o
HAL_PCD_EP_Flush                                  build/stm32f1xx_hal_pcd.o
                                                  build/usbd_conf.o
HAL_PCD_EP_GetRxCount                             build/stm32f1xx_hal_pcd.o
                                                  build/usbd_conf.o
HAL_PCD_EP_Open                                   build/stm32f1xx_hal_pcd.o
                                                  build/usbd_conf.o
HAL_PCD_EP_Receive                                build/stm32f1xx_hal_pcd.o
                                                  build/usbd_conf.o
HAL_PCD_EP_SetStall                               build/stm32f1xx_hal_pcd.o
                                                  build/usbd_conf.o
HAL_PCD_EP_Transmit                               build/stm32f1xx_hal_pcd.o
                                                  build/usbd_conf.o
HAL_PCD_GetState                                  build/stm32f1xx_hal_pcd.o
HAL_PCD_IRQHandler                                build/stm32f1xx_hal_pcd.o
                                                  build/stm32f1xx_it.o
HAL_PCD_ISOINIncompleteCallback                   build/usbd_conf.o
                                                  build/stm32f1xx_hal_pcd.o
HAL_PCD_ISOOUTIncompleteCallback                  build/usbd_conf.o
                                                  build/stm32f1xx_hal_pcd.o
HAL_PCD_Init                                      build/stm32f1xx_hal_pcd.o
                                                  build/usbd_conf.o
HAL_PCD_MspDeInit                                 build/usbd_conf.o
                                                  build/stm32f1xx_hal_pcd.o
HAL_PCD_MspInit                                   build/usbd_conf.o
                                                  build/stm32f1xx_hal_pcd.o
HAL_PCD_ResetCallback                             build/usbd_conf.o
                                                  build/stm32f1xx_hal_pcd.o
HAL_PCD_ResumeCallback                            build/usbd_conf.o
                                                  build/stm32f1xx_hal_pcd.o
HAL_PCD_SOFCallback                               build/usbd_conf.o
                                                  build/stm32f1xx_hal_pcd.o
HAL_PCD_SetAddress                                build/stm32f1xx_hal_pcd.o
                                                  build/usbd_conf.o
HAL_PCD_SetupStageCallback                        build/usbd_conf.o
                                                  build/stm32f1xx_hal_pcd.o
HAL_PCD_Start                                     build/stm32f1xx_hal_pcd.o
                                                  build/usbd_conf.o
HAL_PCD_Stop                                      build/stm32f1xx_hal_pcd.o
                                                  build/usbd_conf.o
HAL_PCD_SuspendCallback                           build/usbd_conf.o
                                                  build/stm32f1xx_hal_pcd.o
HAL_PCD_WKUP_IRQHandler                           build/stm32f1xx_hal_pcd.o