ARM GAS  /tmp/ccFJZ0yZ.s 			page 1


   1              		.cpu cortex-m3
   2              		.arch armv7-m
   3              		.fpu softvfp
   4              		.eabi_attribute 20, 1
   5              		.eabi_attribute 21, 1
   6              		.eabi_attribute 23, 3
   7              		.eabi_attribute 24, 1
   8              		.eabi_attribute 25, 1
   9              		.eabi_attribute 26, 1
  10              		.eabi_attribute 30, 1
  11              		.eabi_attribute 34, 1
  12              		.eabi_attribute 18, 4
  13              		.file	"tim.c"
  14              		.text
  15              	.Ltext0:
  16              		.cfi_sections	.debug_frame
  17              		.file 1 "Core/Src/tim.c"
  18              		.section	.text.MX_TIM1_Init,"ax",%progbits
  19              		.align	1
  20              		.global	MX_TIM1_Init
  21              		.syntax unified
  22              		.thumb
  23              		.thumb_func
  25              	MX_TIM1_Init:
  26              	.LFB65:
   1:Core/Src/tim.c **** #include "tim.h"
   2:Core/Src/tim.c **** 
   3:Core/Src/tim.c **** TIM_HandleTypeDef htim1;
   4:Core/Src/tim.c **** TIM_HandleTypeDef htim3;
   5:Core/Src/tim.c **** 
   6:Core/Src/tim.c **** /**
   7:Core/Src/tim.c ****   * @brief TIM1 Initialization Function
   8:Core/Src/tim.c ****   *
   9:Core/Src/tim.c ****   * .ioc設定準拠 + 仕様補完:
  10:Core/Src/tim.c ****   *   Prescaler=0, Period=599, CounterMode=UP, ClockDivision=DIV1
  11:Core/Src/tim.c ****   *   AutoReloadPreload=ENABLE, RepetitionCounter=0
  12:Core/Src/tim.c ****   *   TIM_MasterOutputTrigger=UPDATE (.iocどおり)
  13:Core/Src/tim.c ****   *
  14:Core/Src/tim.c ****   * ※ .iocにはPWM出力チャンネル/DeadTimeのIPParametersが欠落していたため、
  15:Core/Src/tim.c ****   *    仕様(CH1/CH1N, CH2/CH2N 相補PWM, DeadTime=7)に基づき以下を追加しています:
  16:Core/Src/tim.c ****   *     - PWM Generation CH1 / CH2 (OCMode = PWM1)
  17:Core/Src/tim.c ****   *     - 相補出力 CH1N(PB13) / CH2N(PB14)
  18:Core/Src/tim.c ****   *     - Break&DeadTime : DeadTime = 7
  19:Core/Src/tim.c ****   * @retval None
  20:Core/Src/tim.c ****   */
  21:Core/Src/tim.c **** void MX_TIM1_Init(void)
  22:Core/Src/tim.c **** {
  27              		.loc 1 22 1 view -0
  28              		.cfi_startproc
  29              		@ args = 0, pretend = 0, frame = 88
  30              		@ frame_needed = 0, uses_anonymous_args = 0
  31 0000 10B5     		push	{r4, lr}
  32              	.LCFI0:
  33              		.cfi_def_cfa_offset 8
  34              		.cfi_offset 4, -8
  35              		.cfi_offset 14, -4
  36 0002 96B0     		sub	sp, sp, #88
ARM GAS  /tmp/ccFJZ0yZ.s 			page 2


  37              	.LCFI1:
  38              		.cfi_def_cfa_offset 96
  23:Core/Src/tim.c ****   TIM_ClockConfigTypeDef sClockSourceConfig = {0};
  39              		.loc 1 23 3 view .LVU1
  40              		.loc 1 23 26 is_stmt 0 view .LVU2
  41 0004 0024     		movs	r4, #0
  42 0006 1294     		str	r4, [sp, #72]
  43 0008 1394     		str	r4, [sp, #76]
  44 000a 1494     		str	r4, [sp, #80]
  45 000c 1594     		str	r4, [sp, #84]
  24:Core/Src/tim.c ****   TIM_MasterConfigTypeDef sMasterConfig = {0};
  46              		.loc 1 24 3 is_stmt 1 view .LVU3
  47              		.loc 1 24 27 is_stmt 0 view .LVU4
  48 000e 1094     		str	r4, [sp, #64]
  49 0010 1194     		str	r4, [sp, #68]
  25:Core/Src/tim.c ****   TIM_OC_InitTypeDef sConfigOC = {0};
  50              		.loc 1 25 3 is_stmt 1 view .LVU5
  51              		.loc 1 25 22 is_stmt 0 view .LVU6
  52 0012 0994     		str	r4, [sp, #36]
  53 0014 0A94     		str	r4, [sp, #40]
  54 0016 0B94     		str	r4, [sp, #44]
  55 0018 0C94     		str	r4, [sp, #48]
  56 001a 0D94     		str	r4, [sp, #52]
  57 001c 0E94     		str	r4, [sp, #56]
  58 001e 0F94     		str	r4, [sp, #60]
  26:Core/Src/tim.c ****   TIM_BreakDeadTimeConfigTypeDef sBreakDeadTimeConfig = {0};
  59              		.loc 1 26 3 is_stmt 1 view .LVU7
  60              		.loc 1 26 34 is_stmt 0 view .LVU8
  61 0020 2022     		movs	r2, #32
  62 0022 2146     		mov	r1, r4
  63 0024 01A8     		add	r0, sp, #4
  64 0026 FFF7FEFF 		bl	memset
  65              	.LVL0:
  27:Core/Src/tim.c **** 
  28:Core/Src/tim.c ****   htim1.Instance               = TIM1;
  66              		.loc 1 28 3 is_stmt 1 view .LVU9
  67              		.loc 1 28 32 is_stmt 0 view .LVU10
  68 002a 2E48     		ldr	r0, .L15
  69 002c 2E4B     		ldr	r3, .L15+4
  70 002e 0360     		str	r3, [r0]
  29:Core/Src/tim.c ****   htim1.Init.Prescaler         = 0;
  71              		.loc 1 29 3 is_stmt 1 view .LVU11
  72              		.loc 1 29 32 is_stmt 0 view .LVU12
  73 0030 4460     		str	r4, [r0, #4]
  30:Core/Src/tim.c ****   htim1.Init.CounterMode       = TIM_COUNTERMODE_UP;
  74              		.loc 1 30 3 is_stmt 1 view .LVU13
  75              		.loc 1 30 32 is_stmt 0 view .LVU14
  76 0032 8460     		str	r4, [r0, #8]
  31:Core/Src/tim.c ****   htim1.Init.Period            = TIM1_PERIOD;
  77              		.loc 1 31 3 is_stmt 1 view .LVU15
  78              		.loc 1 31 32 is_stmt 0 view .LVU16
  79 0034 40F25723 		movw	r3, #599
  80 0038 C360     		str	r3, [r0, #12]
  32:Core/Src/tim.c ****   htim1.Init.ClockDivision     = TIM_CLOCKDIVISION_DIV1;
  81              		.loc 1 32 3 is_stmt 1 view .LVU17
  82              		.loc 1 32 32 is_stmt 0 view .LVU18
  83 003a 0461     		str	r4, [r0, #16]
ARM GAS  /tmp/ccFJZ0yZ.s 			page 3


  33:Core/Src/tim.c ****   htim1.Init.RepetitionCounter = 0;
  84              		.loc 1 33 3 is_stmt 1 view .LVU19
  85              		.loc 1 33 32 is_stmt 0 view .LVU20
  86 003c 4461     		str	r4, [r0, #20]
  34:Core/Src/tim.c ****   htim1.Init.AutoReloadPreload = TIM_AUTORELOAD_PRELOAD_ENABLE;
  87              		.loc 1 34 3 is_stmt 1 view .LVU21
  88              		.loc 1 34 32 is_stmt 0 view .LVU22
  89 003e 8023     		movs	r3, #128
  90 0040 8361     		str	r3, [r0, #24]
  35:Core/Src/tim.c ****   if (HAL_TIM_PWM_Init(&htim1) != HAL_OK)
  91              		.loc 1 35 3 is_stmt 1 view .LVU23
  92              		.loc 1 35 7 is_stmt 0 view .LVU24
  93 0042 FFF7FEFF 		bl	HAL_TIM_PWM_Init
  94              	.LVL1:
  95              		.loc 1 35 6 discriminator 1 view .LVU25
  96 0046 0028     		cmp	r0, #0
  97 0048 39D1     		bne	.L9
  98              	.L2:
  36:Core/Src/tim.c ****   {
  37:Core/Src/tim.c ****     Error_Handler();
  38:Core/Src/tim.c ****   }
  39:Core/Src/tim.c **** 
  40:Core/Src/tim.c ****   sClockSourceConfig.ClockSource = TIM_CLOCKSOURCE_INTERNAL;
  99              		.loc 1 40 3 is_stmt 1 view .LVU26
 100              		.loc 1 40 34 is_stmt 0 view .LVU27
 101 004a 4FF48053 		mov	r3, #4096
 102 004e 1293     		str	r3, [sp, #72]
  41:Core/Src/tim.c ****   if (HAL_TIM_ConfigClockSource(&htim1, &sClockSourceConfig) != HAL_OK)
 103              		.loc 1 41 3 is_stmt 1 view .LVU28
 104              		.loc 1 41 7 is_stmt 0 view .LVU29
 105 0050 12A9     		add	r1, sp, #72
 106 0052 2448     		ldr	r0, .L15
 107 0054 FFF7FEFF 		bl	HAL_TIM_ConfigClockSource
 108              	.LVL2:
 109              		.loc 1 41 6 discriminator 1 view .LVU30
 110 0058 0028     		cmp	r0, #0
 111 005a 33D1     		bne	.L10
 112              	.L3:
  42:Core/Src/tim.c ****   {
  43:Core/Src/tim.c ****     Error_Handler();
  44:Core/Src/tim.c ****   }
  45:Core/Src/tim.c **** 
  46:Core/Src/tim.c ****   /* PWMチャンネル共通設定 (中央値から開始) */
  47:Core/Src/tim.c ****   sConfigOC.OCMode       = TIM_OCMODE_PWM1;
 113              		.loc 1 47 3 is_stmt 1 view .LVU31
 114              		.loc 1 47 26 is_stmt 0 view .LVU32
 115 005c 6023     		movs	r3, #96
 116 005e 0993     		str	r3, [sp, #36]
  48:Core/Src/tim.c ****   sConfigOC.Pulse        = (TIM1_PERIOD + 1U) / 2U;
 117              		.loc 1 48 3 is_stmt 1 view .LVU33
 118              		.loc 1 48 26 is_stmt 0 view .LVU34
 119 0060 4FF49673 		mov	r3, #300
 120 0064 0A93     		str	r3, [sp, #40]
  49:Core/Src/tim.c ****   sConfigOC.OCPolarity   = TIM_OCPOLARITY_HIGH;
 121              		.loc 1 49 3 is_stmt 1 view .LVU35
 122              		.loc 1 49 26 is_stmt 0 view .LVU36
 123 0066 0022     		movs	r2, #0
ARM GAS  /tmp/ccFJZ0yZ.s 			page 4


 124 0068 0B92     		str	r2, [sp, #44]
  50:Core/Src/tim.c ****   sConfigOC.OCNPolarity  = TIM_OCNPOLARITY_HIGH;
 125              		.loc 1 50 3 is_stmt 1 view .LVU37
 126              		.loc 1 50 26 is_stmt 0 view .LVU38
 127 006a 0C92     		str	r2, [sp, #48]
  51:Core/Src/tim.c ****   sConfigOC.OCFastMode   = TIM_OCFAST_DISABLE;
 128              		.loc 1 51 3 is_stmt 1 view .LVU39
 129              		.loc 1 51 26 is_stmt 0 view .LVU40
 130 006c 0D92     		str	r2, [sp, #52]
  52:Core/Src/tim.c ****   sConfigOC.OCIdleState  = TIM_OCIDLESTATE_RESET;
 131              		.loc 1 52 3 is_stmt 1 view .LVU41
 132              		.loc 1 52 26 is_stmt 0 view .LVU42
 133 006e 0E92     		str	r2, [sp, #56]
  53:Core/Src/tim.c ****   sConfigOC.OCNIdleState = TIM_OCNIDLESTATE_RESET;
 134              		.loc 1 53 3 is_stmt 1 view .LVU43
 135              		.loc 1 53 26 is_stmt 0 view .LVU44
 136 0070 0F92     		str	r2, [sp, #60]
  54:Core/Src/tim.c **** 
  55:Core/Src/tim.c ****   /* CH1 (PA8) / CH1N (PB13) = LEFT */
  56:Core/Src/tim.c ****   if (HAL_TIM_PWM_ConfigChannel(&htim1, &sConfigOC, TIM_CHANNEL_1) != HAL_OK)
 137              		.loc 1 56 3 is_stmt 1 view .LVU45
 138              		.loc 1 56 7 is_stmt 0 view .LVU46
 139 0072 09A9     		add	r1, sp, #36
 140 0074 1B48     		ldr	r0, .L15
 141 0076 FFF7FEFF 		bl	HAL_TIM_PWM_ConfigChannel
 142              	.LVL3:
 143              		.loc 1 56 6 discriminator 1 view .LVU47
 144 007a 30BB     		cbnz	r0, .L11
 145              	.L4:
  57:Core/Src/tim.c ****   {
  58:Core/Src/tim.c ****     Error_Handler();
  59:Core/Src/tim.c ****   }
  60:Core/Src/tim.c **** 
  61:Core/Src/tim.c ****   /* CH2 (PA9) / CH2N (PB14) = RIGHT */
  62:Core/Src/tim.c ****   if (HAL_TIM_PWM_ConfigChannel(&htim1, &sConfigOC, TIM_CHANNEL_2) != HAL_OK)
 146              		.loc 1 62 3 is_stmt 1 view .LVU48
 147              		.loc 1 62 7 is_stmt 0 view .LVU49
 148 007c 0422     		movs	r2, #4
 149 007e 09A9     		add	r1, sp, #36
 150 0080 1848     		ldr	r0, .L15
 151 0082 FFF7FEFF 		bl	HAL_TIM_PWM_ConfigChannel
 152              	.LVL4:
 153              		.loc 1 62 6 discriminator 1 view .LVU50
 154 0086 18BB     		cbnz	r0, .L12
 155              	.L5:
  63:Core/Src/tim.c ****   {
  64:Core/Src/tim.c ****     Error_Handler();
  65:Core/Src/tim.c ****   }
  66:Core/Src/tim.c **** 
  67:Core/Src/tim.c ****   /* Master : TRGO = Update (.ioc: TIM_MasterOutputTrigger=TIM_TRGO_UPDATE) */
  68:Core/Src/tim.c ****   sMasterConfig.MasterOutputTrigger = TIM_TRGO_UPDATE;
 156              		.loc 1 68 3 is_stmt 1 view .LVU51
 157              		.loc 1 68 37 is_stmt 0 view .LVU52
 158 0088 2023     		movs	r3, #32
 159 008a 1093     		str	r3, [sp, #64]
  69:Core/Src/tim.c ****   sMasterConfig.MasterSlaveMode     = TIM_MASTERSLAVEMODE_DISABLE;
 160              		.loc 1 69 3 is_stmt 1 view .LVU53
ARM GAS  /tmp/ccFJZ0yZ.s 			page 5


 161              		.loc 1 69 37 is_stmt 0 view .LVU54
 162 008c 0023     		movs	r3, #0
 163 008e 1193     		str	r3, [sp, #68]
  70:Core/Src/tim.c ****   if (HAL_TIMEx_MasterConfigSynchronization(&htim1, &sMasterConfig) != HAL_OK)
 164              		.loc 1 70 3 is_stmt 1 view .LVU55
 165              		.loc 1 70 7 is_stmt 0 view .LVU56
 166 0090 10A9     		add	r1, sp, #64
 167 0092 1448     		ldr	r0, .L15
 168 0094 FFF7FEFF 		bl	HAL_TIMEx_MasterConfigSynchronization
 169              	.LVL5:
 170              		.loc 1 70 6 discriminator 1 view .LVU57
 171 0098 E8B9     		cbnz	r0, .L13
 172              	.L6:
  71:Core/Src/tim.c ****   {
  72:Core/Src/tim.c ****     Error_Handler();
  73:Core/Src/tim.c ****   }
  74:Core/Src/tim.c **** 
  75:Core/Src/tim.c ****   /* Break & DeadTime : DeadTime = 7 (仕様補完) */
  76:Core/Src/tim.c ****   sBreakDeadTimeConfig.OffStateRunMode  = TIM_OSSR_DISABLE;
 173              		.loc 1 76 3 is_stmt 1 view .LVU58
 174              		.loc 1 76 41 is_stmt 0 view .LVU59
 175 009a 0023     		movs	r3, #0
 176 009c 0193     		str	r3, [sp, #4]
  77:Core/Src/tim.c ****   sBreakDeadTimeConfig.OffStateIDLEMode = TIM_OSSI_DISABLE;
 177              		.loc 1 77 3 is_stmt 1 view .LVU60
 178              		.loc 1 77 41 is_stmt 0 view .LVU61
 179 009e 0293     		str	r3, [sp, #8]
  78:Core/Src/tim.c ****   sBreakDeadTimeConfig.LockLevel        = TIM_LOCKLEVEL_OFF;
 180              		.loc 1 78 3 is_stmt 1 view .LVU62
 181              		.loc 1 78 41 is_stmt 0 view .LVU63
 182 00a0 0393     		str	r3, [sp, #12]
  79:Core/Src/tim.c ****   sBreakDeadTimeConfig.DeadTime         = 7;
 183              		.loc 1 79 3 is_stmt 1 view .LVU64
 184              		.loc 1 79 41 is_stmt 0 view .LVU65
 185 00a2 0722     		movs	r2, #7
 186 00a4 0492     		str	r2, [sp, #16]
  80:Core/Src/tim.c ****   sBreakDeadTimeConfig.BreakState       = TIM_BREAK_DISABLE;
 187              		.loc 1 80 3 is_stmt 1 view .LVU66
 188              		.loc 1 80 41 is_stmt 0 view .LVU67
 189 00a6 0593     		str	r3, [sp, #20]
  81:Core/Src/tim.c ****   sBreakDeadTimeConfig.BreakPolarity    = TIM_BREAKPOLARITY_HIGH;
 190              		.loc 1 81 3 is_stmt 1 view .LVU68
 191              		.loc 1 81 41 is_stmt 0 view .LVU69
 192 00a8 4FF40052 		mov	r2, #8192
 193 00ac 0692     		str	r2, [sp, #24]
  82:Core/Src/tim.c ****   sBreakDeadTimeConfig.AutomaticOutput  = TIM_AUTOMATICOUTPUT_DISABLE;
 194              		.loc 1 82 3 is_stmt 1 view .LVU70
 195              		.loc 1 82 41 is_stmt 0 view .LVU71
 196 00ae 0893     		str	r3, [sp, #32]
  83:Core/Src/tim.c ****   if (HAL_TIMEx_ConfigBreakDeadTime(&htim1, &sBreakDeadTimeConfig) != HAL_OK)
 197              		.loc 1 83 3 is_stmt 1 view .LVU72
 198              		.loc 1 83 7 is_stmt 0 view .LVU73
 199 00b0 01A9     		add	r1, sp, #4
 200 00b2 0C48     		ldr	r0, .L15
 201 00b4 FFF7FEFF 		bl	HAL_TIMEx_ConfigBreakDeadTime
 202              	.LVL6:
 203              		.loc 1 83 6 discriminator 1 view .LVU74
ARM GAS  /tmp/ccFJZ0yZ.s 			page 6


 204 00b8 80B9     		cbnz	r0, .L14
 205              	.L1:
  84:Core/Src/tim.c ****   {
  85:Core/Src/tim.c ****     Error_Handler();
  86:Core/Src/tim.c ****   }
  87:Core/Src/tim.c **** }
 206              		.loc 1 87 1 view .LVU75
 207 00ba 16B0     		add	sp, sp, #88
 208              	.LCFI2:
 209              		.cfi_remember_state
 210              		.cfi_def_cfa_offset 8
 211              		@ sp needed
 212 00bc 10BD     		pop	{r4, pc}
 213              	.L9:
 214              	.LCFI3:
 215              		.cfi_restore_state
  37:Core/Src/tim.c ****   }
 216              		.loc 1 37 5 is_stmt 1 view .LVU76
 217 00be FFF7FEFF 		bl	Error_Handler
 218              	.LVL7:
 219 00c2 C2E7     		b	.L2
 220              	.L10:
  43:Core/Src/tim.c ****   }
 221              		.loc 1 43 5 view .LVU77
 222 00c4 FFF7FEFF 		bl	Error_Handler
 223              	.LVL8:
 224 00c8 C8E7     		b	.L3
 225              	.L11:
  58:Core/Src/tim.c ****   }
 226              		.loc 1 58 5 view .LVU78
 227 00ca FFF7FEFF 		bl	Error_Handler
 228              	.LVL9:
 229 00ce D5E7     		b	.L4
 230              	.L12:
  64:Core/Src/tim.c ****   }
 231              		.loc 1 64 5 view .LVU79
 232 00d0 FFF7FEFF 		bl	Error_Handler
 233              	.LVL10:
 234 00d4 D8E7     		b	.L5
 235              	.L13:
  72:Core/Src/tim.c ****   }
 236              		.loc 1 72 5 view .LVU80
 237 00d6 FFF7FEFF 		bl	Error_Handler
 238              	.LVL11:
 239 00da DEE7     		b	.L6
 240              	.L14:
  85:Core/Src/tim.c ****   }
 241              		.loc 1 85 5 view .LVU81
 242 00dc FFF7FEFF 		bl	Error_Handler
 243              	.LVL12:
 244              		.loc 1 87 1 is_stmt 0 view .LVU82
 245 00e0 EBE7     		b	.L1
 246              	.L16:
 247 00e2 00BF     		.align	2
 248              	.L15:
 249 00e4 00000000 		.word	htim1
 250 00e8 002C0140 		.word	1073818624
ARM GAS  /tmp/ccFJZ0yZ.s 			page 7


 251              		.cfi_endproc
 252              	.LFE65:
 254              		.section	.text.MX_TIM3_Init,"ax",%progbits
 255              		.align	1
 256              		.global	MX_TIM3_Init
 257              		.syntax unified
 258              		.thumb
 259              		.thumb_func
 261              	MX_TIM3_Init:
 262              	.LFB66:
  88:Core/Src/tim.c **** 
  89:Core/Src/tim.c **** /**
  90:Core/Src/tim.c ****   * @brief TIM3 Initialization Function
  91:Core/Src/tim.c ****   *
  92:Core/Src/tim.c ****   * ※ .iocにはIPとして存在しませんが、ADC1.ExternalTrigConv=T3_TRGO
  93:Core/Src/tim.c ****   *    となっているため仕様どおり追加しています。
  94:Core/Src/tim.c ****   *
  95:Core/Src/tim.c ****   *   Prescaler=0, Period=599 (72MHz/600=120kHz)
  96:Core/Src/tim.c ****   *   TRGO = Update Event -> ADC1 外部トリガー
  97:Core/Src/tim.c ****   *   出力ピンなし(内部トリガー専用)
  98:Core/Src/tim.c ****   * @retval None
  99:Core/Src/tim.c ****   */
 100:Core/Src/tim.c **** void MX_TIM3_Init(void)
 101:Core/Src/tim.c **** {
 263              		.loc 1 101 1 is_stmt 1 view -0
 264              		.cfi_startproc
 265              		@ args = 0, pretend = 0, frame = 24
 266              		@ frame_needed = 0, uses_anonymous_args = 0
 267 0000 00B5     		push	{lr}
 268              	.LCFI4:
 269              		.cfi_def_cfa_offset 4
 270              		.cfi_offset 14, -4
 271 0002 87B0     		sub	sp, sp, #28
 272              	.LCFI5:
 273              		.cfi_def_cfa_offset 32
 102:Core/Src/tim.c ****   TIM_ClockConfigTypeDef sClockSourceConfig = {0};
 274              		.loc 1 102 3 view .LVU84
 275              		.loc 1 102 26 is_stmt 0 view .LVU85
 276 0004 0023     		movs	r3, #0
 277 0006 0293     		str	r3, [sp, #8]
 278 0008 0393     		str	r3, [sp, #12]
 279 000a 0493     		str	r3, [sp, #16]
 280 000c 0593     		str	r3, [sp, #20]
 103:Core/Src/tim.c ****   TIM_MasterConfigTypeDef sMasterConfig = {0};
 281              		.loc 1 103 3 is_stmt 1 view .LVU86
 282              		.loc 1 103 27 is_stmt 0 view .LVU87
 283 000e 0093     		str	r3, [sp]
 284 0010 0193     		str	r3, [sp, #4]
 104:Core/Src/tim.c **** 
 105:Core/Src/tim.c ****   htim3.Instance           = TIM3;
 285              		.loc 1 105 3 is_stmt 1 view .LVU88
 286              		.loc 1 105 28 is_stmt 0 view .LVU89
 287 0012 1448     		ldr	r0, .L25
 288 0014 144A     		ldr	r2, .L25+4
 289 0016 0260     		str	r2, [r0]
 106:Core/Src/tim.c ****   htim3.Init.Prescaler     = 0;
 290              		.loc 1 106 3 is_stmt 1 view .LVU90
ARM GAS  /tmp/ccFJZ0yZ.s 			page 8


 291              		.loc 1 106 28 is_stmt 0 view .LVU91
 292 0018 4360     		str	r3, [r0, #4]
 107:Core/Src/tim.c ****   htim3.Init.CounterMode   = TIM_COUNTERMODE_UP;
 293              		.loc 1 107 3 is_stmt 1 view .LVU92
 294              		.loc 1 107 28 is_stmt 0 view .LVU93
 295 001a 8360     		str	r3, [r0, #8]
 108:Core/Src/tim.c ****   htim3.Init.Period        = TIM3_PERIOD;
 296              		.loc 1 108 3 is_stmt 1 view .LVU94
 297              		.loc 1 108 28 is_stmt 0 view .LVU95
 298 001c 40F25722 		movw	r2, #599
 299 0020 C260     		str	r2, [r0, #12]
 109:Core/Src/tim.c ****   htim3.Init.ClockDivision = TIM_CLOCKDIVISION_DIV1;
 300              		.loc 1 109 3 is_stmt 1 view .LVU96
 301              		.loc 1 109 28 is_stmt 0 view .LVU97
 302 0022 0361     		str	r3, [r0, #16]
 110:Core/Src/tim.c ****   if (HAL_TIM_Base_Init(&htim3) != HAL_OK)
 303              		.loc 1 110 3 is_stmt 1 view .LVU98
 304              		.loc 1 110 7 is_stmt 0 view .LVU99
 305 0024 FFF7FEFF 		bl	HAL_TIM_Base_Init
 306              	.LVL13:
 307              		.loc 1 110 6 discriminator 1 view .LVU100
 308 0028 98B9     		cbnz	r0, .L22
 309              	.L18:
 111:Core/Src/tim.c ****   {
 112:Core/Src/tim.c ****     Error_Handler();
 113:Core/Src/tim.c ****   }
 114:Core/Src/tim.c **** 
 115:Core/Src/tim.c ****   sClockSourceConfig.ClockSource = TIM_CLOCKSOURCE_INTERNAL;
 310              		.loc 1 115 3 is_stmt 1 view .LVU101
 311              		.loc 1 115 34 is_stmt 0 view .LVU102
 312 002a 4FF48053 		mov	r3, #4096
 313 002e 0293     		str	r3, [sp, #8]
 116:Core/Src/tim.c ****   if (HAL_TIM_ConfigClockSource(&htim3, &sClockSourceConfig) != HAL_OK)
 314              		.loc 1 116 3 is_stmt 1 view .LVU103
 315              		.loc 1 116 7 is_stmt 0 view .LVU104
 316 0030 02A9     		add	r1, sp, #8
 317 0032 0C48     		ldr	r0, .L25
 318 0034 FFF7FEFF 		bl	HAL_TIM_ConfigClockSource
 319              	.LVL14:
 320              		.loc 1 116 6 discriminator 1 view .LVU105
 321 0038 70B9     		cbnz	r0, .L23
 322              	.L19:
 117:Core/Src/tim.c ****   {
 118:Core/Src/tim.c ****     Error_Handler();
 119:Core/Src/tim.c ****   }
 120:Core/Src/tim.c **** 
 121:Core/Src/tim.c ****   sMasterConfig.MasterOutputTrigger = TIM_TRGO_UPDATE;
 323              		.loc 1 121 3 is_stmt 1 view .LVU106
 324              		.loc 1 121 37 is_stmt 0 view .LVU107
 325 003a 2023     		movs	r3, #32
 326 003c 0093     		str	r3, [sp]
 122:Core/Src/tim.c ****   sMasterConfig.MasterSlaveMode     = TIM_MASTERSLAVEMODE_DISABLE;
 327              		.loc 1 122 3 is_stmt 1 view .LVU108
 328              		.loc 1 122 37 is_stmt 0 view .LVU109
 329 003e 0023     		movs	r3, #0
 330 0040 0193     		str	r3, [sp, #4]
 123:Core/Src/tim.c ****   if (HAL_TIMEx_MasterConfigSynchronization(&htim3, &sMasterConfig) != HAL_OK)
ARM GAS  /tmp/ccFJZ0yZ.s 			page 9


 331              		.loc 1 123 3 is_stmt 1 view .LVU110
 332              		.loc 1 123 7 is_stmt 0 view .LVU111
 333 0042 6946     		mov	r1, sp
 334 0044 0748     		ldr	r0, .L25
 335 0046 FFF7FEFF 		bl	HAL_TIMEx_MasterConfigSynchronization
 336              	.LVL15:
 337              		.loc 1 123 6 discriminator 1 view .LVU112
 338 004a 40B9     		cbnz	r0, .L24
 339              	.L17:
 124:Core/Src/tim.c ****   {
 125:Core/Src/tim.c ****     Error_Handler();
 126:Core/Src/tim.c ****   }
 127:Core/Src/tim.c **** }
 340              		.loc 1 127 1 view .LVU113
 341 004c 07B0     		add	sp, sp, #28
 342              	.LCFI6:
 343              		.cfi_remember_state
 344              		.cfi_def_cfa_offset 4
 345              		@ sp needed
 346 004e 5DF804FB 		ldr	pc, [sp], #4
 347              	.L22:
 348              	.LCFI7:
 349              		.cfi_restore_state
 112:Core/Src/tim.c ****   }
 350              		.loc 1 112 5 is_stmt 1 view .LVU114
 351 0052 FFF7FEFF 		bl	Error_Handler
 352              	.LVL16:
 353 0056 E8E7     		b	.L18
 354              	.L23:
 118:Core/Src/tim.c ****   }
 355              		.loc 1 118 5 view .LVU115
 356 0058 FFF7FEFF 		bl	Error_Handler
 357              	.LVL17:
 358 005c EDE7     		b	.L19
 359              	.L24:
 125:Core/Src/tim.c ****   }
 360              		.loc 1 125 5 view .LVU116
 361 005e FFF7FEFF 		bl	Error_Handler
 362              	.LVL18:
 363              		.loc 1 127 1 is_stmt 0 view .LVU117
 364 0062 F3E7     		b	.L17
 365              	.L26:
 366              		.align	2
 367              	.L25:
 368 0064 00000000 		.word	htim3
 369 0068 00040040 		.word	1073742848
 370              		.cfi_endproc
 371              	.LFE66:
 373              		.section	.text.HAL_TIM_PWM_MspInit,"ax",%progbits
 374              		.align	1
 375              		.global	HAL_TIM_PWM_MspInit
 376              		.syntax unified
 377              		.thumb
 378              		.thumb_func
 380              	HAL_TIM_PWM_MspInit:
 381              	.LVL19:
 382              	.LFB67:
ARM GAS  /tmp/ccFJZ0yZ.s 			page 10


 128:Core/Src/tim.c **** 
 129:Core/Src/tim.c **** /**
 130:Core/Src/tim.c ****   * @brief TIM_PWM MSP Initialization (TIM1用)
 131:Core/Src/tim.c ****   *        PA8/PA9 = CH1/CH2, PB13/PB14 = CH1N/CH2N
 132:Core/Src/tim.c ****   * @retval None
 133:Core/Src/tim.c ****   */
 134:Core/Src/tim.c **** void HAL_TIM_PWM_MspInit(TIM_HandleTypeDef *timHandle)
 135:Core/Src/tim.c **** {
 383              		.loc 1 135 1 is_stmt 1 view -0
 384              		.cfi_startproc
 385              		@ args = 0, pretend = 0, frame = 32
 386              		@ frame_needed = 0, uses_anonymous_args = 0
 387              		.loc 1 135 1 is_stmt 0 view .LVU119
 388 0000 30B5     		push	{r4, r5, lr}
 389              	.LCFI8:
 390              		.cfi_def_cfa_offset 12
 391              		.cfi_offset 4, -12
 392              		.cfi_offset 5, -8
 393              		.cfi_offset 14, -4
 394 0002 89B0     		sub	sp, sp, #36
 395              	.LCFI9:
 396              		.cfi_def_cfa_offset 48
 136:Core/Src/tim.c ****   GPIO_InitTypeDef GPIO_InitStruct = {0};
 397              		.loc 1 136 3 is_stmt 1 view .LVU120
 398              		.loc 1 136 20 is_stmt 0 view .LVU121
 399 0004 0023     		movs	r3, #0
 400 0006 0493     		str	r3, [sp, #16]
 401 0008 0593     		str	r3, [sp, #20]
 402 000a 0693     		str	r3, [sp, #24]
 403 000c 0793     		str	r3, [sp, #28]
 137:Core/Src/tim.c **** 
 138:Core/Src/tim.c ****   if (timHandle->Instance == TIM1)
 404              		.loc 1 138 3 is_stmt 1 view .LVU122
 405              		.loc 1 138 16 is_stmt 0 view .LVU123
 406 000e 0268     		ldr	r2, [r0]
 407              		.loc 1 138 6 view .LVU124
 408 0010 1B4B     		ldr	r3, .L31
 409 0012 9A42     		cmp	r2, r3
 410 0014 01D0     		beq	.L30
 411              	.LVL20:
 412              	.L27:
 139:Core/Src/tim.c ****   {
 140:Core/Src/tim.c ****     __HAL_RCC_TIM1_CLK_ENABLE();
 141:Core/Src/tim.c **** 
 142:Core/Src/tim.c ****     __HAL_RCC_GPIOA_CLK_ENABLE();
 143:Core/Src/tim.c ****     __HAL_RCC_GPIOB_CLK_ENABLE();
 144:Core/Src/tim.c **** 
 145:Core/Src/tim.c ****     /**TIM1 GPIO Configuration
 146:Core/Src/tim.c ****     PA8     ------> TIM1_CH1
 147:Core/Src/tim.c ****     PA9     ------> TIM1_CH2
 148:Core/Src/tim.c ****     */
 149:Core/Src/tim.c ****     GPIO_InitStruct.Pin   = GPIO_PIN_8 | GPIO_PIN_9;
 150:Core/Src/tim.c ****     GPIO_InitStruct.Mode  = GPIO_MODE_AF_PP;
 151:Core/Src/tim.c ****     GPIO_InitStruct.Speed = GPIO_SPEED_FREQ_HIGH;
 152:Core/Src/tim.c ****     HAL_GPIO_Init(GPIOA, &GPIO_InitStruct);
 153:Core/Src/tim.c **** 
 154:Core/Src/tim.c ****     /**TIM1 GPIO Configuration (相補出力, リマップ不要)
ARM GAS  /tmp/ccFJZ0yZ.s 			page 11


 155:Core/Src/tim.c ****     PB13     ------> TIM1_CH1N
 156:Core/Src/tim.c ****     PB14     ------> TIM1_CH2N
 157:Core/Src/tim.c ****     */
 158:Core/Src/tim.c ****     GPIO_InitStruct.Pin   = GPIO_PIN_13 | GPIO_PIN_14;
 159:Core/Src/tim.c ****     GPIO_InitStruct.Mode  = GPIO_MODE_AF_PP;
 160:Core/Src/tim.c ****     GPIO_InitStruct.Speed = GPIO_SPEED_FREQ_HIGH;
 161:Core/Src/tim.c ****     HAL_GPIO_Init(GPIOB, &GPIO_InitStruct);
 162:Core/Src/tim.c ****   }
 163:Core/Src/tim.c **** }
 413              		.loc 1 163 1 view .LVU125
 414 0016 09B0     		add	sp, sp, #36
 415              	.LCFI10:
 416              		.cfi_remember_state
 417              		.cfi_def_cfa_offset 12
 418              		@ sp needed
 419 0018 30BD     		pop	{r4, r5, pc}
 420              	.LVL21:
 421              	.L30:
 422              	.LCFI11:
 423              		.cfi_restore_state
 140:Core/Src/tim.c **** 
 424              		.loc 1 140 5 is_stmt 1 view .LVU126
 425              	.LBB2:
 140:Core/Src/tim.c **** 
 426              		.loc 1 140 5 view .LVU127
 140:Core/Src/tim.c **** 
 427              		.loc 1 140 5 view .LVU128
 428 001a 03F56443 		add	r3, r3, #58368
 429 001e 9A69     		ldr	r2, [r3, #24]
 430 0020 42F40062 		orr	r2, r2, #2048
 431 0024 9A61     		str	r2, [r3, #24]
 140:Core/Src/tim.c **** 
 432              		.loc 1 140 5 view .LVU129
 433 0026 9A69     		ldr	r2, [r3, #24]
 434 0028 02F40062 		and	r2, r2, #2048
 435 002c 0192     		str	r2, [sp, #4]
 140:Core/Src/tim.c **** 
 436              		.loc 1 140 5 view .LVU130
 437 002e 019A     		ldr	r2, [sp, #4]
 438              	.LBE2:
 140:Core/Src/tim.c **** 
 439              		.loc 1 140 5 view .LVU131
 142:Core/Src/tim.c ****     __HAL_RCC_GPIOB_CLK_ENABLE();
 440              		.loc 1 142 5 view .LVU132
 441              	.LBB3:
 142:Core/Src/tim.c ****     __HAL_RCC_GPIOB_CLK_ENABLE();
 442              		.loc 1 142 5 view .LVU133
 142:Core/Src/tim.c ****     __HAL_RCC_GPIOB_CLK_ENABLE();
 443              		.loc 1 142 5 view .LVU134
 444 0030 9A69     		ldr	r2, [r3, #24]
 445 0032 42F00402 		orr	r2, r2, #4
 446 0036 9A61     		str	r2, [r3, #24]
 142:Core/Src/tim.c ****     __HAL_RCC_GPIOB_CLK_ENABLE();
 447              		.loc 1 142 5 view .LVU135
 448 0038 9A69     		ldr	r2, [r3, #24]
 449 003a 02F00402 		and	r2, r2, #4
 450 003e 0292     		str	r2, [sp, #8]
ARM GAS  /tmp/ccFJZ0yZ.s 			page 12


 142:Core/Src/tim.c ****     __HAL_RCC_GPIOB_CLK_ENABLE();
 451              		.loc 1 142 5 view .LVU136
 452 0040 029A     		ldr	r2, [sp, #8]
 453              	.LBE3:
 142:Core/Src/tim.c ****     __HAL_RCC_GPIOB_CLK_ENABLE();
 454              		.loc 1 142 5 view .LVU137
 143:Core/Src/tim.c **** 
 455              		.loc 1 143 5 view .LVU138
 456              	.LBB4:
 143:Core/Src/tim.c **** 
 457              		.loc 1 143 5 view .LVU139
 143:Core/Src/tim.c **** 
 458              		.loc 1 143 5 view .LVU140
 459 0042 9A69     		ldr	r2, [r3, #24]
 460 0044 42F00802 		orr	r2, r2, #8
 461 0048 9A61     		str	r2, [r3, #24]
 143:Core/Src/tim.c **** 
 462              		.loc 1 143 5 view .LVU141
 463 004a 9B69     		ldr	r3, [r3, #24]
 464 004c 03F00803 		and	r3, r3, #8
 465 0050 0393     		str	r3, [sp, #12]
 143:Core/Src/tim.c **** 
 466              		.loc 1 143 5 view .LVU142
 467 0052 039B     		ldr	r3, [sp, #12]
 468              	.LBE4:
 143:Core/Src/tim.c **** 
 469              		.loc 1 143 5 view .LVU143
 149:Core/Src/tim.c ****     GPIO_InitStruct.Mode  = GPIO_MODE_AF_PP;
 470              		.loc 1 149 5 view .LVU144
 149:Core/Src/tim.c ****     GPIO_InitStruct.Mode  = GPIO_MODE_AF_PP;
 471              		.loc 1 149 27 is_stmt 0 view .LVU145
 472 0054 4FF44073 		mov	r3, #768
 473 0058 0493     		str	r3, [sp, #16]
 150:Core/Src/tim.c ****     GPIO_InitStruct.Speed = GPIO_SPEED_FREQ_HIGH;
 474              		.loc 1 150 5 is_stmt 1 view .LVU146
 150:Core/Src/tim.c ****     GPIO_InitStruct.Speed = GPIO_SPEED_FREQ_HIGH;
 475              		.loc 1 150 27 is_stmt 0 view .LVU147
 476 005a 0225     		movs	r5, #2
 477 005c 0595     		str	r5, [sp, #20]
 151:Core/Src/tim.c ****     HAL_GPIO_Init(GPIOA, &GPIO_InitStruct);
 478              		.loc 1 151 5 is_stmt 1 view .LVU148
 151:Core/Src/tim.c ****     HAL_GPIO_Init(GPIOA, &GPIO_InitStruct);
 479              		.loc 1 151 27 is_stmt 0 view .LVU149
 480 005e 0324     		movs	r4, #3
 481 0060 0794     		str	r4, [sp, #28]
 152:Core/Src/tim.c **** 
 482              		.loc 1 152 5 is_stmt 1 view .LVU150
 483 0062 04A9     		add	r1, sp, #16
 484 0064 0748     		ldr	r0, .L31+4
 485              	.LVL22:
 152:Core/Src/tim.c **** 
 486              		.loc 1 152 5 is_stmt 0 view .LVU151
 487 0066 FFF7FEFF 		bl	HAL_GPIO_Init
 488              	.LVL23:
 158:Core/Src/tim.c ****     GPIO_InitStruct.Mode  = GPIO_MODE_AF_PP;
 489              		.loc 1 158 5 is_stmt 1 view .LVU152
 158:Core/Src/tim.c ****     GPIO_InitStruct.Mode  = GPIO_MODE_AF_PP;
ARM GAS  /tmp/ccFJZ0yZ.s 			page 13


 490              		.loc 1 158 27 is_stmt 0 view .LVU153
 491 006a 4FF4C043 		mov	r3, #24576
 492 006e 0493     		str	r3, [sp, #16]
 159:Core/Src/tim.c ****     GPIO_InitStruct.Speed = GPIO_SPEED_FREQ_HIGH;
 493              		.loc 1 159 5 is_stmt 1 view .LVU154
 159:Core/Src/tim.c ****     GPIO_InitStruct.Speed = GPIO_SPEED_FREQ_HIGH;
 494              		.loc 1 159 27 is_stmt 0 view .LVU155
 495 0070 0595     		str	r5, [sp, #20]
 160:Core/Src/tim.c ****     HAL_GPIO_Init(GPIOB, &GPIO_InitStruct);
 496              		.loc 1 160 5 is_stmt 1 view .LVU156
 160:Core/Src/tim.c ****     HAL_GPIO_Init(GPIOB, &GPIO_InitStruct);
 497              		.loc 1 160 27 is_stmt 0 view .LVU157
 498 0072 0794     		str	r4, [sp, #28]
 161:Core/Src/tim.c ****   }
 499              		.loc 1 161 5 is_stmt 1 view .LVU158
 500 0074 04A9     		add	r1, sp, #16
 501 0076 0448     		ldr	r0, .L31+8
 502 0078 FFF7FEFF 		bl	HAL_GPIO_Init
 503              	.LVL24:
 504              		.loc 1 163 1 is_stmt 0 view .LVU159
 505 007c CBE7     		b	.L27
 506              	.L32:
 507 007e 00BF     		.align	2
 508              	.L31:
 509 0080 002C0140 		.word	1073818624
 510 0084 00080140 		.word	1073809408
 511 0088 000C0140 		.word	1073810432
 512              		.cfi_endproc
 513              	.LFE67:
 515              		.section	.text.HAL_TIM_Base_MspInit,"ax",%progbits
 516              		.align	1
 517              		.global	HAL_TIM_Base_MspInit
 518              		.syntax unified
 519              		.thumb
 520              		.thumb_func
 522              	HAL_TIM_Base_MspInit:
 523              	.LVL25:
 524              	.LFB68:
 164:Core/Src/tim.c **** 
 165:Core/Src/tim.c **** /**
 166:Core/Src/tim.c ****   * @brief TIM_Base MSP Initialization (TIM3用: 出力ピンなし)
 167:Core/Src/tim.c ****   * @retval None
 168:Core/Src/tim.c ****   */
 169:Core/Src/tim.c **** void HAL_TIM_Base_MspInit(TIM_HandleTypeDef *timHandle)
 170:Core/Src/tim.c **** {
 525              		.loc 1 170 1 is_stmt 1 view -0
 526              		.cfi_startproc
 527              		@ args = 0, pretend = 0, frame = 8
 528              		@ frame_needed = 0, uses_anonymous_args = 0
 529              		@ link register save eliminated.
 171:Core/Src/tim.c ****   if (timHandle->Instance == TIM3)
 530              		.loc 1 171 3 view .LVU161
 531              		.loc 1 171 16 is_stmt 0 view .LVU162
 532 0000 0268     		ldr	r2, [r0]
 533              		.loc 1 171 6 view .LVU163
 534 0002 094B     		ldr	r3, .L40
 535 0004 9A42     		cmp	r2, r3
ARM GAS  /tmp/ccFJZ0yZ.s 			page 14


 536 0006 00D0     		beq	.L39
 537 0008 7047     		bx	lr
 538              	.L39:
 170:Core/Src/tim.c ****   if (timHandle->Instance == TIM3)
 539              		.loc 1 170 1 view .LVU164
 540 000a 82B0     		sub	sp, sp, #8
 541              	.LCFI12:
 542              		.cfi_def_cfa_offset 8
 172:Core/Src/tim.c ****   {
 173:Core/Src/tim.c ****     __HAL_RCC_TIM3_CLK_ENABLE();
 543              		.loc 1 173 5 is_stmt 1 view .LVU165
 544              	.LBB5:
 545              		.loc 1 173 5 view .LVU166
 546              		.loc 1 173 5 view .LVU167
 547 000c 03F50333 		add	r3, r3, #134144
 548 0010 DA69     		ldr	r2, [r3, #28]
 549 0012 42F00202 		orr	r2, r2, #2
 550 0016 DA61     		str	r2, [r3, #28]
 551              		.loc 1 173 5 view .LVU168
 552 0018 DB69     		ldr	r3, [r3, #28]
 553 001a 03F00203 		and	r3, r3, #2
 554 001e 0193     		str	r3, [sp, #4]
 555              		.loc 1 173 5 view .LVU169
 556 0020 019B     		ldr	r3, [sp, #4]
 557              	.LBE5:
 558              		.loc 1 173 5 discriminator 1 view .LVU170
 174:Core/Src/tim.c ****   }
 175:Core/Src/tim.c **** }
 559              		.loc 1 175 1 is_stmt 0 view .LVU171
 560 0022 02B0     		add	sp, sp, #8
 561              	.LCFI13:
 562              		.cfi_def_cfa_offset 0
 563              		@ sp needed
 564 0024 7047     		bx	lr
 565              	.L41:
 566 0026 00BF     		.align	2
 567              	.L40:
 568 0028 00040040 		.word	1073742848
 569              		.cfi_endproc
 570              	.LFE68:
 572              		.section	.text.HAL_TIM_PWM_MspDeInit,"ax",%progbits
 573              		.align	1
 574              		.global	HAL_TIM_PWM_MspDeInit
 575              		.syntax unified
 576              		.thumb
 577              		.thumb_func
 579              	HAL_TIM_PWM_MspDeInit:
 580              	.LVL26:
 581              	.LFB69:
 176:Core/Src/tim.c **** 
 177:Core/Src/tim.c **** void HAL_TIM_PWM_MspDeInit(TIM_HandleTypeDef *timHandle)
 178:Core/Src/tim.c **** {
 582              		.loc 1 178 1 is_stmt 1 view -0
 583              		.cfi_startproc
 584              		@ args = 0, pretend = 0, frame = 0
 585              		@ frame_needed = 0, uses_anonymous_args = 0
 586              		.loc 1 178 1 is_stmt 0 view .LVU173
ARM GAS  /tmp/ccFJZ0yZ.s 			page 15


 587 0000 08B5     		push	{r3, lr}
 588              	.LCFI14:
 589              		.cfi_def_cfa_offset 8
 590              		.cfi_offset 3, -8
 591              		.cfi_offset 14, -4
 179:Core/Src/tim.c ****   if (timHandle->Instance == TIM1)
 592              		.loc 1 179 3 is_stmt 1 view .LVU174
 593              		.loc 1 179 16 is_stmt 0 view .LVU175
 594 0002 0268     		ldr	r2, [r0]
 595              		.loc 1 179 6 view .LVU176
 596 0004 094B     		ldr	r3, .L46
 597 0006 9A42     		cmp	r2, r3
 598 0008 00D0     		beq	.L45
 599              	.LVL27:
 600              	.L42:
 180:Core/Src/tim.c ****   {
 181:Core/Src/tim.c ****     __HAL_RCC_TIM1_CLK_DISABLE();
 182:Core/Src/tim.c ****     HAL_GPIO_DeInit(GPIOA, GPIO_PIN_8 | GPIO_PIN_9);
 183:Core/Src/tim.c ****     HAL_GPIO_DeInit(GPIOB, GPIO_PIN_13 | GPIO_PIN_14);
 184:Core/Src/tim.c ****   }
 185:Core/Src/tim.c **** }
 601              		.loc 1 185 1 view .LVU177
 602 000a 08BD     		pop	{r3, pc}
 603              	.LVL28:
 604              	.L45:
 181:Core/Src/tim.c ****     HAL_GPIO_DeInit(GPIOA, GPIO_PIN_8 | GPIO_PIN_9);
 605              		.loc 1 181 5 is_stmt 1 view .LVU178
 606 000c 084A     		ldr	r2, .L46+4
 607 000e 9369     		ldr	r3, [r2, #24]
 608 0010 23F40063 		bic	r3, r3, #2048
 609 0014 9361     		str	r3, [r2, #24]
 182:Core/Src/tim.c ****     HAL_GPIO_DeInit(GPIOB, GPIO_PIN_13 | GPIO_PIN_14);
 610              		.loc 1 182 5 view .LVU179
 611 0016 4FF44071 		mov	r1, #768
 612 001a 0648     		ldr	r0, .L46+8
 613              	.LVL29:
 182:Core/Src/tim.c ****     HAL_GPIO_DeInit(GPIOB, GPIO_PIN_13 | GPIO_PIN_14);
 614              		.loc 1 182 5 is_stmt 0 view .LVU180
 615 001c FFF7FEFF 		bl	HAL_GPIO_DeInit
 616              	.LVL30:
 183:Core/Src/tim.c ****   }
 617              		.loc 1 183 5 is_stmt 1 view .LVU181
 618 0020 4FF4C041 		mov	r1, #24576
 619 0024 0448     		ldr	r0, .L46+12
 620 0026 FFF7FEFF 		bl	HAL_GPIO_DeInit
 621              	.LVL31:
 622              		.loc 1 185 1 is_stmt 0 view .LVU182
 623 002a EEE7     		b	.L42
 624              	.L47:
 625              		.align	2
 626              	.L46:
 627 002c 002C0140 		.word	1073818624
 628 0030 00100240 		.word	1073876992
 629 0034 00080140 		.word	1073809408
 630 0038 000C0140 		.word	1073810432
 631              		.cfi_endproc
 632              	.LFE69:
ARM GAS  /tmp/ccFJZ0yZ.s 			page 16


 634              		.section	.text.HAL_TIM_Base_MspDeInit,"ax",%progbits
 635              		.align	1
 636              		.global	HAL_TIM_Base_MspDeInit
 637              		.syntax unified
 638              		.thumb
 639              		.thumb_func
 641              	HAL_TIM_Base_MspDeInit:
 642              	.LVL32:
 643              	.LFB70:
 186:Core/Src/tim.c **** 
 187:Core/Src/tim.c **** void HAL_TIM_Base_MspDeInit(TIM_HandleTypeDef *timHandle)
 188:Core/Src/tim.c **** {
 644              		.loc 1 188 1 is_stmt 1 view -0
 645              		.cfi_startproc
 646              		@ args = 0, pretend = 0, frame = 0
 647              		@ frame_needed = 0, uses_anonymous_args = 0
 648              		@ link register save eliminated.
 189:Core/Src/tim.c ****   if (timHandle->Instance == TIM3)
 649              		.loc 1 189 3 view .LVU184
 650              		.loc 1 189 16 is_stmt 0 view .LVU185
 651 0000 0268     		ldr	r2, [r0]
 652              		.loc 1 189 6 view .LVU186
 653 0002 054B     		ldr	r3, .L51
 654 0004 9A42     		cmp	r2, r3
 655 0006 00D0     		beq	.L50
 656              	.L48:
 190:Core/Src/tim.c ****   {
 191:Core/Src/tim.c ****     __HAL_RCC_TIM3_CLK_DISABLE();
 192:Core/Src/tim.c ****   }
 193:Core/Src/tim.c **** }
 657              		.loc 1 193 1 view .LVU187
 658 0008 7047     		bx	lr
 659              	.L50:
 191:Core/Src/tim.c ****   }
 660              		.loc 1 191 5 is_stmt 1 view .LVU188
 661 000a 044A     		ldr	r2, .L51+4
 662 000c D369     		ldr	r3, [r2, #28]
 663 000e 23F00203 		bic	r3, r3, #2
 664 0012 D361     		str	r3, [r2, #28]
 665              		.loc 1 193 1 is_stmt 0 view .LVU189
 666 0014 F8E7     		b	.L48
 667              	.L52:
 668 0016 00BF     		.align	2
 669              	.L51:
 670 0018 00040040 		.word	1073742848
 671 001c 00100240 		.word	1073876992
 672              		.cfi_endproc
 673              	.LFE70:
 675              		.global	htim3
 676              		.section	.bss.htim3,"aw",%nobits
 677              		.align	2
 680              	htim3:
 681 0000 00000000 		.space	72
 681      00000000 
 681      00000000 
 681      00000000 
 681      00000000 
ARM GAS  /tmp/ccFJZ0yZ.s 			page 17


 682              		.global	htim1
 683              		.section	.bss.htim1,"aw",%nobits
 684              		.align	2
 687              	htim1:
 688 0000 00000000 		.space	72
 688      00000000 
 688      00000000 
 688      00000000 
 688      00000000 
 689              		.text
 690              	.Letext0:
 691              		.file 2 "/usr/lib/gcc/arm-none-eabi/13.2.1/include/stdint.h"
 692              		.file 3 "Drivers/CMSIS/Device/ST/STM32F1xx/Include/stm32f103xb.h"
 693              		.file 4 "Drivers/STM32F1xx_HAL_Driver/Inc/stm32f1xx_hal_def.h"
 694              		.file 5 "Drivers/STM32F1xx_HAL_Driver/Inc/stm32f1xx_hal_gpio.h"
 695              		.file 6 "Drivers/STM32F1xx_HAL_Driver/Inc/stm32f1xx_hal_dma.h"
 696              		.file 7 "Drivers/STM32F1xx_HAL_Driver/Inc/stm32f1xx_hal_tim.h"
 697              		.file 8 "Core/Inc/tim.h"
 698              		.file 9 "Drivers/STM32F1xx_HAL_Driver/Inc/stm32f1xx_hal_tim_ex.h"
 699              		.file 10 "Core/Inc/main.h"
 700              		.file 11 "<built-in>"
ARM GAS  /tmp/ccFJZ0yZ.s 			page 18


DEFINED SYMBOLS
                            *ABS*:00000000 tim.c
     /tmp/ccFJZ0yZ.s:19     .text.MX_TIM1_Init:00000000 $t
     /tmp/ccFJZ0yZ.s:25     .text.MX_TIM1_Init:00000000 MX_TIM1_Init
     /tmp/ccFJZ0yZ.s:249    .text.MX_TIM1_Init:000000e4 $d
     /tmp/ccFJZ0yZ.s:687    .bss.htim1:00000000 htim1
     /tmp/ccFJZ0yZ.s:255    .text.MX_TIM3_Init:00000000 $t
     /tmp/ccFJZ0yZ.s:261    .text.MX_TIM3_Init:00000000 MX_TIM3_Init
     /tmp/ccFJZ0yZ.s:368    .text.MX_TIM3_Init:00000064 $d
     /tmp/ccFJZ0yZ.s:680    .bss.htim3:00000000 htim3
     /tmp/ccFJZ0yZ.s:374    .text.HAL_TIM_PWM_MspInit:00000000 $t
     /tmp/ccFJZ0yZ.s:380    .text.HAL_TIM_PWM_MspInit:00000000 HAL_TIM_PWM_MspInit
     /tmp/ccFJZ0yZ.s:509    .text.HAL_TIM_PWM_MspInit:00000080 $d
     /tmp/ccFJZ0yZ.s:516    .text.HAL_TIM_Base_MspInit:00000000 $t
     /tmp/ccFJZ0yZ.s:522    .text.HAL_TIM_Base_MspInit:00000000 HAL_TIM_Base_MspInit
     /tmp/ccFJZ0yZ.s:568    .text.HAL_TIM_Base_MspInit:00000028 $d
     /tmp/ccFJZ0yZ.s:573    .text.HAL_TIM_PWM_MspDeInit:00000000 $t
     /tmp/ccFJZ0yZ.s:579    .text.HAL_TIM_PWM_MspDeInit:00000000 HAL_TIM_PWM_MspDeInit
     /tmp/ccFJZ0yZ.s:627    .text.HAL_TIM_PWM_MspDeInit:0000002c $d
     /tmp/ccFJZ0yZ.s:635    .text.HAL_TIM_Base_MspDeInit:00000000 $t
     /tmp/ccFJZ0yZ.s:641    .text.HAL_TIM_Base_MspDeInit:00000000 HAL_TIM_Base_MspDeInit
     /tmp/ccFJZ0yZ.s:670    .text.HAL_TIM_Base_MspDeInit:00000018 $d
     /tmp/ccFJZ0yZ.s:677    .bss.htim3:00000000 $d
     /tmp/ccFJZ0yZ.s:684    .bss.htim1:00000000 $d

UNDEFINED SYMBOLS
memset
HAL_TIM_PWM_Init
HAL_TIM_ConfigClockSource
HAL_TIM_PWM_ConfigChannel
HAL_TIMEx_MasterConfigSynchronization
HAL_TIMEx_ConfigBreakDeadTime
Error_Handler
HAL_TIM_Base_Init
HAL_GPIO_Init
HAL_GPIO_DeInit
