ARM GAS  /tmp/cchwzK5p.s 			page 1


   1              		.cpu cortex-m3
   2              		.arch armv7-m
   3              		.fpu softvfp
   4              		.eabi_attribute 20, 1
   5              		.eabi_attribute 21, 1
   6              		.eabi_attribute 23, 3
   7              		.eabi_attribute 24, 1
   8              		.eabi_attribute 25, 1
   9              		.eabi_attribute 26, 1
  10              		.eabi_attribute 30, 1
  11              		.eabi_attribute 34, 1
  12              		.eabi_attribute 18, 4
  13              		.file	"usbd_conf.c"
  14              		.text
  15              	.Ltext0:
  16              		.cfi_sections	.debug_frame
  17              		.file 1 "USB_DEVICE/Target/usbd_conf.c"
  18              		.section	.text.HAL_PCD_MspInit,"ax",%progbits
  19              		.align	1
  20              		.global	HAL_PCD_MspInit
  21              		.syntax unified
  22              		.thumb
  23              		.thumb_func
  25              	HAL_PCD_MspInit:
  26              	.LVL0:
  27              	.LFB66:
   1:USB_DEVICE/Target/usbd_conf.c **** /**
   2:USB_DEVICE/Target/usbd_conf.c ****   ******************************************************************************
   3:USB_DEVICE/Target/usbd_conf.c ****   * @file    usbd_conf.c
   4:USB_DEVICE/Target/usbd_conf.c ****   * @brief   USB Device Low Level Driver (HAL_PCD) グルーコード
   5:USB_DEVICE/Target/usbd_conf.c ****   *
   6:USB_DEVICE/Target/usbd_conf.c ****   * STM32F103RB-Nucleoの実プロジェクト(STM32CubeF1公式サンプル)の
   7:USB_DEVICE/Target/usbd_conf.c ****   * usbd_conf.cをベースに、Blue Pill向けに調整。
   8:USB_DEVICE/Target/usbd_conf.c ****   *
   9:USB_DEVICE/Target/usbd_conf.c ****   * 注意: STM32F1のUSBペリフェラルは、クロックが有効化されると
  10:USB_DEVICE/Target/usbd_conf.c ****   *       PA11(USB_DM)/PA12(USB_DP)をハードウェアが自動的に
  11:USB_DEVICE/Target/usbd_conf.c ****   *       専有します。GPIO_Init による明示的なAFピン設定は不要です
  12:USB_DEVICE/Target/usbd_conf.c ****   *       (他の周辺機能のようにAFリマップの対象ではありません)。
  13:USB_DEVICE/Target/usbd_conf.c ****   * ----------------------------------------------------------------------------
  14:USB_DEVICE/Target/usbd_conf.c ****   */
  15:USB_DEVICE/Target/usbd_conf.c **** 
  16:USB_DEVICE/Target/usbd_conf.c **** #include "usbd_core.h"
  17:USB_DEVICE/Target/usbd_conf.c **** #include "usbd_audio.h"
  18:USB_DEVICE/Target/usbd_conf.c **** 
  19:USB_DEVICE/Target/usbd_conf.c **** /* Private variables ---------------------------------------------------------*/
  20:USB_DEVICE/Target/usbd_conf.c **** PCD_HandleTypeDef hpcd_USB_FS;
  21:USB_DEVICE/Target/usbd_conf.c **** 
  22:USB_DEVICE/Target/usbd_conf.c **** /*******************************************************************************
  23:USB_DEVICE/Target/usbd_conf.c ****                        PCD MSP Routines
  24:USB_DEVICE/Target/usbd_conf.c **** *******************************************************************************/
  25:USB_DEVICE/Target/usbd_conf.c **** 
  26:USB_DEVICE/Target/usbd_conf.c **** /**
  27:USB_DEVICE/Target/usbd_conf.c ****   * @brief  Initializes the PCD MSP.
  28:USB_DEVICE/Target/usbd_conf.c ****   * @retval None
  29:USB_DEVICE/Target/usbd_conf.c ****   */
  30:USB_DEVICE/Target/usbd_conf.c **** void HAL_PCD_MspInit(PCD_HandleTypeDef *hpcd)
  31:USB_DEVICE/Target/usbd_conf.c **** {
ARM GAS  /tmp/cchwzK5p.s 			page 2


  28              		.loc 1 31 1 view -0
  29              		.cfi_startproc
  30              		@ args = 0, pretend = 0, frame = 8
  31              		@ frame_needed = 0, uses_anonymous_args = 0
  32:USB_DEVICE/Target/usbd_conf.c ****   if (hpcd->Instance == USB)
  32              		.loc 1 32 3 view .LVU1
  33              		.loc 1 32 11 is_stmt 0 view .LVU2
  34 0000 0268     		ldr	r2, [r0]
  35              		.loc 1 32 6 view .LVU3
  36 0002 0E4B     		ldr	r3, .L8
  37 0004 9A42     		cmp	r2, r3
  38 0006 00D0     		beq	.L7
  39 0008 7047     		bx	lr
  40              	.L7:
  31:USB_DEVICE/Target/usbd_conf.c ****   if (hpcd->Instance == USB)
  41              		.loc 1 31 1 view .LVU4
  42 000a 00B5     		push	{lr}
  43              	.LCFI0:
  44              		.cfi_def_cfa_offset 4
  45              		.cfi_offset 14, -4
  46 000c 83B0     		sub	sp, sp, #12
  47              	.LCFI1:
  48              		.cfi_def_cfa_offset 16
  33:USB_DEVICE/Target/usbd_conf.c ****   {
  34:USB_DEVICE/Target/usbd_conf.c ****     /* USBクロック有効化 (PA11/PA12はハードウェアが自動制御するためGPIO_Init
  35:USB_DEVICE/Target/usbd_conf.c ****     __HAL_RCC_USB_CLK_ENABLE();
  49              		.loc 1 35 5 is_stmt 1 view .LVU5
  50              	.LBB2:
  51              		.loc 1 35 5 view .LVU6
  52              		.loc 1 35 5 view .LVU7
  53 000e 03F5DA33 		add	r3, r3, #111616
  54 0012 DA69     		ldr	r2, [r3, #28]
  55 0014 42F40002 		orr	r2, r2, #8388608
  56 0018 DA61     		str	r2, [r3, #28]
  57              		.loc 1 35 5 view .LVU8
  58 001a DB69     		ldr	r3, [r3, #28]
  59 001c 03F40003 		and	r3, r3, #8388608
  60 0020 0193     		str	r3, [sp, #4]
  61              		.loc 1 35 5 view .LVU9
  62 0022 019B     		ldr	r3, [sp, #4]
  63              	.LBE2:
  64              		.loc 1 35 5 view .LVU10
  36:USB_DEVICE/Target/usbd_conf.c **** 
  37:USB_DEVICE/Target/usbd_conf.c ****     /* USB割り込み優先度・有効化 */
  38:USB_DEVICE/Target/usbd_conf.c ****     HAL_NVIC_SetPriority(USB_LP_CAN1_RX0_IRQn, 3, 0);
  65              		.loc 1 38 5 view .LVU11
  66 0024 0022     		movs	r2, #0
  67 0026 0321     		movs	r1, #3
  68 0028 1420     		movs	r0, #20
  69              	.LVL1:
  70              		.loc 1 38 5 is_stmt 0 view .LVU12
  71 002a FFF7FEFF 		bl	HAL_NVIC_SetPriority
  72              	.LVL2:
  39:USB_DEVICE/Target/usbd_conf.c ****     HAL_NVIC_EnableIRQ(USB_LP_CAN1_RX0_IRQn);
  73              		.loc 1 39 5 is_stmt 1 view .LVU13
  74 002e 1420     		movs	r0, #20
  75 0030 FFF7FEFF 		bl	HAL_NVIC_EnableIRQ
ARM GAS  /tmp/cchwzK5p.s 			page 3


  76              	.LVL3:
  40:USB_DEVICE/Target/usbd_conf.c ****   }
  41:USB_DEVICE/Target/usbd_conf.c **** }
  77              		.loc 1 41 1 is_stmt 0 view .LVU14
  78 0034 03B0     		add	sp, sp, #12
  79              	.LCFI2:
  80              		.cfi_def_cfa_offset 4
  81              		@ sp needed
  82 0036 5DF804FB 		ldr	pc, [sp], #4
  83              	.L9:
  84 003a 00BF     		.align	2
  85              	.L8:
  86 003c 005C0040 		.word	1073765376
  87              		.cfi_endproc
  88              	.LFE66:
  90              		.section	.text.HAL_PCD_MspDeInit,"ax",%progbits
  91              		.align	1
  92              		.global	HAL_PCD_MspDeInit
  93              		.syntax unified
  94              		.thumb
  95              		.thumb_func
  97              	HAL_PCD_MspDeInit:
  98              	.LVL4:
  99              	.LFB67:
  42:USB_DEVICE/Target/usbd_conf.c **** 
  43:USB_DEVICE/Target/usbd_conf.c **** /**
  44:USB_DEVICE/Target/usbd_conf.c ****   * @brief  De-Initializes the PCD MSP.
  45:USB_DEVICE/Target/usbd_conf.c ****   * @retval None
  46:USB_DEVICE/Target/usbd_conf.c ****   */
  47:USB_DEVICE/Target/usbd_conf.c **** void HAL_PCD_MspDeInit(PCD_HandleTypeDef *hpcd)
  48:USB_DEVICE/Target/usbd_conf.c **** {
 100              		.loc 1 48 1 is_stmt 1 view -0
 101              		.cfi_startproc
 102              		@ args = 0, pretend = 0, frame = 0
 103              		@ frame_needed = 0, uses_anonymous_args = 0
 104              		.loc 1 48 1 is_stmt 0 view .LVU16
 105 0000 08B5     		push	{r3, lr}
 106              	.LCFI3:
 107              		.cfi_def_cfa_offset 8
 108              		.cfi_offset 3, -8
 109              		.cfi_offset 14, -4
  49:USB_DEVICE/Target/usbd_conf.c ****   if (hpcd->Instance == USB)
 110              		.loc 1 49 3 is_stmt 1 view .LVU17
 111              		.loc 1 49 11 is_stmt 0 view .LVU18
 112 0002 0268     		ldr	r2, [r0]
 113              		.loc 1 49 6 view .LVU19
 114 0004 064B     		ldr	r3, .L14
 115 0006 9A42     		cmp	r2, r3
 116 0008 00D0     		beq	.L13
 117              	.LVL5:
 118              	.L10:
  50:USB_DEVICE/Target/usbd_conf.c ****   {
  51:USB_DEVICE/Target/usbd_conf.c ****     __HAL_RCC_USB_CLK_DISABLE();
  52:USB_DEVICE/Target/usbd_conf.c ****     HAL_NVIC_DisableIRQ(USB_LP_CAN1_RX0_IRQn);
  53:USB_DEVICE/Target/usbd_conf.c ****   }
  54:USB_DEVICE/Target/usbd_conf.c **** }
 119              		.loc 1 54 1 view .LVU20
ARM GAS  /tmp/cchwzK5p.s 			page 4


 120 000a 08BD     		pop	{r3, pc}
 121              	.LVL6:
 122              	.L13:
  51:USB_DEVICE/Target/usbd_conf.c ****     HAL_NVIC_DisableIRQ(USB_LP_CAN1_RX0_IRQn);
 123              		.loc 1 51 5 is_stmt 1 view .LVU21
 124 000c 054A     		ldr	r2, .L14+4
 125 000e D369     		ldr	r3, [r2, #28]
 126 0010 23F40003 		bic	r3, r3, #8388608
 127 0014 D361     		str	r3, [r2, #28]
  52:USB_DEVICE/Target/usbd_conf.c ****   }
 128              		.loc 1 52 5 view .LVU22
 129 0016 1420     		movs	r0, #20
 130              	.LVL7:
  52:USB_DEVICE/Target/usbd_conf.c ****   }
 131              		.loc 1 52 5 is_stmt 0 view .LVU23
 132 0018 FFF7FEFF 		bl	HAL_NVIC_DisableIRQ
 133              	.LVL8:
 134              		.loc 1 54 1 view .LVU24
 135 001c F5E7     		b	.L10
 136              	.L15:
 137 001e 00BF     		.align	2
 138              	.L14:
 139 0020 005C0040 		.word	1073765376
 140 0024 00100240 		.word	1073876992
 141              		.cfi_endproc
 142              	.LFE67:
 144              		.section	.text.HAL_PCD_SetupStageCallback,"ax",%progbits
 145              		.align	1
 146              		.global	HAL_PCD_SetupStageCallback
 147              		.syntax unified
 148              		.thumb
 149              		.thumb_func
 151              	HAL_PCD_SetupStageCallback:
 152              	.LVL9:
 153              	.LFB68:
  55:USB_DEVICE/Target/usbd_conf.c **** 
  56:USB_DEVICE/Target/usbd_conf.c **** /*******************************************************************************
  57:USB_DEVICE/Target/usbd_conf.c ****                        LL Driver Callbacks (PCD -> USB Device Library)
  58:USB_DEVICE/Target/usbd_conf.c **** *******************************************************************************/
  59:USB_DEVICE/Target/usbd_conf.c **** 
  60:USB_DEVICE/Target/usbd_conf.c **** void HAL_PCD_SetupStageCallback(PCD_HandleTypeDef *hpcd)
  61:USB_DEVICE/Target/usbd_conf.c **** {
 154              		.loc 1 61 1 is_stmt 1 view -0
 155              		.cfi_startproc
 156              		@ args = 0, pretend = 0, frame = 0
 157              		@ frame_needed = 0, uses_anonymous_args = 0
 158              		.loc 1 61 1 is_stmt 0 view .LVU26
 159 0000 08B5     		push	{r3, lr}
 160              	.LCFI4:
 161              		.cfi_def_cfa_offset 8
 162              		.cfi_offset 3, -8
 163              		.cfi_offset 14, -4
  62:USB_DEVICE/Target/usbd_conf.c ****   USBD_LL_SetupStage((USBD_HandleTypeDef *)hpcd->pData, (uint8_t *)hpcd->Setup);
 164              		.loc 1 62 3 is_stmt 1 view .LVU27
 165 0002 00F52671 		add	r1, r0, #664
 166 0006 D0F8D402 		ldr	r0, [r0, #724]
 167              	.LVL10:
ARM GAS  /tmp/cchwzK5p.s 			page 5


 168              		.loc 1 62 3 is_stmt 0 view .LVU28
 169 000a FFF7FEFF 		bl	USBD_LL_SetupStage
 170              	.LVL11:
  63:USB_DEVICE/Target/usbd_conf.c **** }
 171              		.loc 1 63 1 view .LVU29
 172 000e 08BD     		pop	{r3, pc}
 173              		.cfi_endproc
 174              	.LFE68:
 176              		.section	.text.HAL_PCD_DataOutStageCallback,"ax",%progbits
 177              		.align	1
 178              		.global	HAL_PCD_DataOutStageCallback
 179              		.syntax unified
 180              		.thumb
 181              		.thumb_func
 183              	HAL_PCD_DataOutStageCallback:
 184              	.LVL12:
 185              	.LFB69:
  64:USB_DEVICE/Target/usbd_conf.c **** 
  65:USB_DEVICE/Target/usbd_conf.c **** void HAL_PCD_DataOutStageCallback(PCD_HandleTypeDef *hpcd, uint8_t epnum)
  66:USB_DEVICE/Target/usbd_conf.c **** {
 186              		.loc 1 66 1 is_stmt 1 view -0
 187              		.cfi_startproc
 188              		@ args = 0, pretend = 0, frame = 0
 189              		@ frame_needed = 0, uses_anonymous_args = 0
 190              		.loc 1 66 1 is_stmt 0 view .LVU31
 191 0000 08B5     		push	{r3, lr}
 192              	.LCFI5:
 193              		.cfi_def_cfa_offset 8
 194              		.cfi_offset 3, -8
 195              		.cfi_offset 14, -4
  67:USB_DEVICE/Target/usbd_conf.c ****   USBD_LL_DataOutStage((USBD_HandleTypeDef *)hpcd->pData, epnum, hpcd->OUT_ep[epnum].xfer_buff);
 196              		.loc 1 67 3 is_stmt 1 view .LVU32
 197 0002 01EB8103 		add	r3, r1, r1, lsl #2
 198 0006 00EBC303 		add	r3, r0, r3, lsl #3
 199 000a D3F86421 		ldr	r2, [r3, #356]
 200 000e D0F8D402 		ldr	r0, [r0, #724]
 201              	.LVL13:
 202              		.loc 1 67 3 is_stmt 0 view .LVU33
 203 0012 FFF7FEFF 		bl	USBD_LL_DataOutStage
 204              	.LVL14:
  68:USB_DEVICE/Target/usbd_conf.c **** }
 205              		.loc 1 68 1 view .LVU34
 206 0016 08BD     		pop	{r3, pc}
 207              		.cfi_endproc
 208              	.LFE69:
 210              		.section	.text.HAL_PCD_DataInStageCallback,"ax",%progbits
 211              		.align	1
 212              		.global	HAL_PCD_DataInStageCallback
 213              		.syntax unified
 214              		.thumb
 215              		.thumb_func
 217              	HAL_PCD_DataInStageCallback:
 218              	.LVL15:
 219              	.LFB70:
  69:USB_DEVICE/Target/usbd_conf.c **** 
  70:USB_DEVICE/Target/usbd_conf.c **** void HAL_PCD_DataInStageCallback(PCD_HandleTypeDef *hpcd, uint8_t epnum)
  71:USB_DEVICE/Target/usbd_conf.c **** {
ARM GAS  /tmp/cchwzK5p.s 			page 6


 220              		.loc 1 71 1 is_stmt 1 view -0
 221              		.cfi_startproc
 222              		@ args = 0, pretend = 0, frame = 0
 223              		@ frame_needed = 0, uses_anonymous_args = 0
 224              		.loc 1 71 1 is_stmt 0 view .LVU36
 225 0000 08B5     		push	{r3, lr}
 226              	.LCFI6:
 227              		.cfi_def_cfa_offset 8
 228              		.cfi_offset 3, -8
 229              		.cfi_offset 14, -4
  72:USB_DEVICE/Target/usbd_conf.c ****   USBD_LL_DataInStage((USBD_HandleTypeDef *)hpcd->pData, epnum, hpcd->IN_ep[epnum].xfer_buff);
 230              		.loc 1 72 3 is_stmt 1 view .LVU37
 231 0002 01EB8103 		add	r3, r1, r1, lsl #2
 232 0006 00EBC303 		add	r3, r0, r3, lsl #3
 233 000a 5A6A     		ldr	r2, [r3, #36]
 234 000c D0F8D402 		ldr	r0, [r0, #724]
 235              	.LVL16:
 236              		.loc 1 72 3 is_stmt 0 view .LVU38
 237 0010 FFF7FEFF 		bl	USBD_LL_DataInStage
 238              	.LVL17:
  73:USB_DEVICE/Target/usbd_conf.c **** }
 239              		.loc 1 73 1 view .LVU39
 240 0014 08BD     		pop	{r3, pc}
 241              		.cfi_endproc
 242              	.LFE70:
 244              		.section	.text.HAL_PCD_SOFCallback,"ax",%progbits
 245              		.align	1
 246              		.global	HAL_PCD_SOFCallback
 247              		.syntax unified
 248              		.thumb
 249              		.thumb_func
 251              	HAL_PCD_SOFCallback:
 252              	.LVL18:
 253              	.LFB71:
  74:USB_DEVICE/Target/usbd_conf.c **** 
  75:USB_DEVICE/Target/usbd_conf.c **** void HAL_PCD_SOFCallback(PCD_HandleTypeDef *hpcd)
  76:USB_DEVICE/Target/usbd_conf.c **** {
 254              		.loc 1 76 1 is_stmt 1 view -0
 255              		.cfi_startproc
 256              		@ args = 0, pretend = 0, frame = 0
 257              		@ frame_needed = 0, uses_anonymous_args = 0
 258              		.loc 1 76 1 is_stmt 0 view .LVU41
 259 0000 08B5     		push	{r3, lr}
 260              	.LCFI7:
 261              		.cfi_def_cfa_offset 8
 262              		.cfi_offset 3, -8
 263              		.cfi_offset 14, -4
  77:USB_DEVICE/Target/usbd_conf.c ****   USBD_LL_SOF((USBD_HandleTypeDef *)hpcd->pData);
 264              		.loc 1 77 3 is_stmt 1 view .LVU42
 265 0002 D0F8D402 		ldr	r0, [r0, #724]
 266              	.LVL19:
 267              		.loc 1 77 3 is_stmt 0 view .LVU43
 268 0006 FFF7FEFF 		bl	USBD_LL_SOF
 269              	.LVL20:
  78:USB_DEVICE/Target/usbd_conf.c **** }
 270              		.loc 1 78 1 view .LVU44
 271 000a 08BD     		pop	{r3, pc}
ARM GAS  /tmp/cchwzK5p.s 			page 7


 272              		.cfi_endproc
 273              	.LFE71:
 275              		.section	.text.HAL_PCD_ResetCallback,"ax",%progbits
 276              		.align	1
 277              		.global	HAL_PCD_ResetCallback
 278              		.syntax unified
 279              		.thumb
 280              		.thumb_func
 282              	HAL_PCD_ResetCallback:
 283              	.LVL21:
 284              	.LFB72:
  79:USB_DEVICE/Target/usbd_conf.c **** 
  80:USB_DEVICE/Target/usbd_conf.c **** void HAL_PCD_ResetCallback(PCD_HandleTypeDef *hpcd)
  81:USB_DEVICE/Target/usbd_conf.c **** {
 285              		.loc 1 81 1 is_stmt 1 view -0
 286              		.cfi_startproc
 287              		@ args = 0, pretend = 0, frame = 0
 288              		@ frame_needed = 0, uses_anonymous_args = 0
 289              		.loc 1 81 1 is_stmt 0 view .LVU46
 290 0000 10B5     		push	{r4, lr}
 291              	.LCFI8:
 292              		.cfi_def_cfa_offset 8
 293              		.cfi_offset 4, -8
 294              		.cfi_offset 14, -4
 295 0002 0446     		mov	r4, r0
  82:USB_DEVICE/Target/usbd_conf.c ****   USBD_LL_SetSpeed((USBD_HandleTypeDef *)hpcd->pData, USBD_SPEED_FULL);
 296              		.loc 1 82 3 is_stmt 1 view .LVU47
 297 0004 0121     		movs	r1, #1
 298 0006 D0F8D402 		ldr	r0, [r0, #724]
 299              	.LVL22:
 300              		.loc 1 82 3 is_stmt 0 view .LVU48
 301 000a FFF7FEFF 		bl	USBD_LL_SetSpeed
 302              	.LVL23:
  83:USB_DEVICE/Target/usbd_conf.c ****   USBD_LL_Reset((USBD_HandleTypeDef *)hpcd->pData);
 303              		.loc 1 83 3 is_stmt 1 view .LVU49
 304 000e D4F8D402 		ldr	r0, [r4, #724]
 305 0012 FFF7FEFF 		bl	USBD_LL_Reset
 306              	.LVL24:
  84:USB_DEVICE/Target/usbd_conf.c **** }
 307              		.loc 1 84 1 is_stmt 0 view .LVU50
 308 0016 10BD     		pop	{r4, pc}
 309              		.loc 1 84 1 view .LVU51
 310              		.cfi_endproc
 311              	.LFE72:
 313              		.section	.text.HAL_PCD_SuspendCallback,"ax",%progbits
 314              		.align	1
 315              		.global	HAL_PCD_SuspendCallback
 316              		.syntax unified
 317              		.thumb
 318              		.thumb_func
 320              	HAL_PCD_SuspendCallback:
 321              	.LVL25:
 322              	.LFB73:
  85:USB_DEVICE/Target/usbd_conf.c **** 
  86:USB_DEVICE/Target/usbd_conf.c **** void HAL_PCD_SuspendCallback(PCD_HandleTypeDef *hpcd)
  87:USB_DEVICE/Target/usbd_conf.c **** {
 323              		.loc 1 87 1 is_stmt 1 view -0
ARM GAS  /tmp/cchwzK5p.s 			page 8


 324              		.cfi_startproc
 325              		@ args = 0, pretend = 0, frame = 0
 326              		@ frame_needed = 0, uses_anonymous_args = 0
 327              		.loc 1 87 1 is_stmt 0 view .LVU53
 328 0000 08B5     		push	{r3, lr}
 329              	.LCFI9:
 330              		.cfi_def_cfa_offset 8
 331              		.cfi_offset 3, -8
 332              		.cfi_offset 14, -4
  88:USB_DEVICE/Target/usbd_conf.c ****   USBD_LL_Suspend((USBD_HandleTypeDef *)hpcd->pData);
 333              		.loc 1 88 3 is_stmt 1 view .LVU54
 334 0002 D0F8D402 		ldr	r0, [r0, #724]
 335              	.LVL26:
 336              		.loc 1 88 3 is_stmt 0 view .LVU55
 337 0006 FFF7FEFF 		bl	USBD_LL_Suspend
 338              	.LVL27:
  89:USB_DEVICE/Target/usbd_conf.c **** }
 339              		.loc 1 89 1 view .LVU56
 340 000a 08BD     		pop	{r3, pc}
 341              		.cfi_endproc
 342              	.LFE73:
 344              		.section	.text.HAL_PCD_ResumeCallback,"ax",%progbits
 345              		.align	1
 346              		.global	HAL_PCD_ResumeCallback
 347              		.syntax unified
 348              		.thumb
 349              		.thumb_func
 351              	HAL_PCD_ResumeCallback:
 352              	.LVL28:
 353              	.LFB74:
  90:USB_DEVICE/Target/usbd_conf.c **** 
  91:USB_DEVICE/Target/usbd_conf.c **** void HAL_PCD_ResumeCallback(PCD_HandleTypeDef *hpcd)
  92:USB_DEVICE/Target/usbd_conf.c **** {
 354              		.loc 1 92 1 is_stmt 1 view -0
 355              		.cfi_startproc
 356              		@ args = 0, pretend = 0, frame = 0
 357              		@ frame_needed = 0, uses_anonymous_args = 0
 358              		.loc 1 92 1 is_stmt 0 view .LVU58
 359 0000 08B5     		push	{r3, lr}
 360              	.LCFI10:
 361              		.cfi_def_cfa_offset 8
 362              		.cfi_offset 3, -8
 363              		.cfi_offset 14, -4
  93:USB_DEVICE/Target/usbd_conf.c ****   USBD_LL_Resume((USBD_HandleTypeDef *)hpcd->pData);
 364              		.loc 1 93 3 is_stmt 1 view .LVU59
 365 0002 D0F8D402 		ldr	r0, [r0, #724]
 366              	.LVL29:
 367              		.loc 1 93 3 is_stmt 0 view .LVU60
 368 0006 FFF7FEFF 		bl	USBD_LL_Resume
 369              	.LVL30:
  94:USB_DEVICE/Target/usbd_conf.c **** }
 370              		.loc 1 94 1 view .LVU61
 371 000a 08BD     		pop	{r3, pc}
 372              		.cfi_endproc
 373              	.LFE74:
 375              		.section	.text.HAL_PCD_ISOOUTIncompleteCallback,"ax",%progbits
 376              		.align	1
ARM GAS  /tmp/cchwzK5p.s 			page 9


 377              		.global	HAL_PCD_ISOOUTIncompleteCallback
 378              		.syntax unified
 379              		.thumb
 380              		.thumb_func
 382              	HAL_PCD_ISOOUTIncompleteCallback:
 383              	.LVL31:
 384              	.LFB75:
  95:USB_DEVICE/Target/usbd_conf.c **** 
  96:USB_DEVICE/Target/usbd_conf.c **** void HAL_PCD_ISOOUTIncompleteCallback(PCD_HandleTypeDef *hpcd, uint8_t epnum)
  97:USB_DEVICE/Target/usbd_conf.c **** {
 385              		.loc 1 97 1 is_stmt 1 view -0
 386              		.cfi_startproc
 387              		@ args = 0, pretend = 0, frame = 0
 388              		@ frame_needed = 0, uses_anonymous_args = 0
 389              		.loc 1 97 1 is_stmt 0 view .LVU63
 390 0000 08B5     		push	{r3, lr}
 391              	.LCFI11:
 392              		.cfi_def_cfa_offset 8
 393              		.cfi_offset 3, -8
 394              		.cfi_offset 14, -4
  98:USB_DEVICE/Target/usbd_conf.c ****   USBD_LL_IsoOUTIncomplete((USBD_HandleTypeDef *)hpcd->pData, epnum);
 395              		.loc 1 98 3 is_stmt 1 view .LVU64
 396 0002 D0F8D402 		ldr	r0, [r0, #724]
 397              	.LVL32:
 398              		.loc 1 98 3 is_stmt 0 view .LVU65
 399 0006 FFF7FEFF 		bl	USBD_LL_IsoOUTIncomplete
 400              	.LVL33:
  99:USB_DEVICE/Target/usbd_conf.c **** }
 401              		.loc 1 99 1 view .LVU66
 402 000a 08BD     		pop	{r3, pc}
 403              		.cfi_endproc
 404              	.LFE75:
 406              		.section	.text.HAL_PCD_ISOINIncompleteCallback,"ax",%progbits
 407              		.align	1
 408              		.global	HAL_PCD_ISOINIncompleteCallback
 409              		.syntax unified
 410              		.thumb
 411              		.thumb_func
 413              	HAL_PCD_ISOINIncompleteCallback:
 414              	.LVL34:
 415              	.LFB76:
 100:USB_DEVICE/Target/usbd_conf.c **** 
 101:USB_DEVICE/Target/usbd_conf.c **** void HAL_PCD_ISOINIncompleteCallback(PCD_HandleTypeDef *hpcd, uint8_t epnum)
 102:USB_DEVICE/Target/usbd_conf.c **** {
 416              		.loc 1 102 1 is_stmt 1 view -0
 417              		.cfi_startproc
 418              		@ args = 0, pretend = 0, frame = 0
 419              		@ frame_needed = 0, uses_anonymous_args = 0
 420              		.loc 1 102 1 is_stmt 0 view .LVU68
 421 0000 08B5     		push	{r3, lr}
 422              	.LCFI12:
 423              		.cfi_def_cfa_offset 8
 424              		.cfi_offset 3, -8
 425              		.cfi_offset 14, -4
 103:USB_DEVICE/Target/usbd_conf.c ****   USBD_LL_IsoINIncomplete((USBD_HandleTypeDef *)hpcd->pData, epnum);
 426              		.loc 1 103 3 is_stmt 1 view .LVU69
 427 0002 D0F8D402 		ldr	r0, [r0, #724]
ARM GAS  /tmp/cchwzK5p.s 			page 10


 428              	.LVL35:
 429              		.loc 1 103 3 is_stmt 0 view .LVU70
 430 0006 FFF7FEFF 		bl	USBD_LL_IsoINIncomplete
 431              	.LVL36:
 104:USB_DEVICE/Target/usbd_conf.c **** }
 432              		.loc 1 104 1 view .LVU71
 433 000a 08BD     		pop	{r3, pc}
 434              		.cfi_endproc
 435              	.LFE76:
 437              		.section	.text.HAL_PCD_ConnectCallback,"ax",%progbits
 438              		.align	1
 439              		.global	HAL_PCD_ConnectCallback
 440              		.syntax unified
 441              		.thumb
 442              		.thumb_func
 444              	HAL_PCD_ConnectCallback:
 445              	.LVL37:
 446              	.LFB77:
 105:USB_DEVICE/Target/usbd_conf.c **** 
 106:USB_DEVICE/Target/usbd_conf.c **** void HAL_PCD_ConnectCallback(PCD_HandleTypeDef *hpcd)
 107:USB_DEVICE/Target/usbd_conf.c **** {
 447              		.loc 1 107 1 is_stmt 1 view -0
 448              		.cfi_startproc
 449              		@ args = 0, pretend = 0, frame = 0
 450              		@ frame_needed = 0, uses_anonymous_args = 0
 451              		.loc 1 107 1 is_stmt 0 view .LVU73
 452 0000 08B5     		push	{r3, lr}
 453              	.LCFI13:
 454              		.cfi_def_cfa_offset 8
 455              		.cfi_offset 3, -8
 456              		.cfi_offset 14, -4
 108:USB_DEVICE/Target/usbd_conf.c ****   USBD_LL_DevConnected((USBD_HandleTypeDef *)hpcd->pData);
 457              		.loc 1 108 3 is_stmt 1 view .LVU74
 458 0002 D0F8D402 		ldr	r0, [r0, #724]
 459              	.LVL38:
 460              		.loc 1 108 3 is_stmt 0 view .LVU75
 461 0006 FFF7FEFF 		bl	USBD_LL_DevConnected
 462              	.LVL39:
 109:USB_DEVICE/Target/usbd_conf.c **** }
 463              		.loc 1 109 1 view .LVU76
 464 000a 08BD     		pop	{r3, pc}
 465              		.cfi_endproc
 466              	.LFE77:
 468              		.section	.text.HAL_PCD_DisconnectCallback,"ax",%progbits
 469              		.align	1
 470              		.global	HAL_PCD_DisconnectCallback
 471              		.syntax unified
 472              		.thumb
 473              		.thumb_func
 475              	HAL_PCD_DisconnectCallback:
 476              	.LVL40:
 477              	.LFB78:
 110:USB_DEVICE/Target/usbd_conf.c **** 
 111:USB_DEVICE/Target/usbd_conf.c **** void HAL_PCD_DisconnectCallback(PCD_HandleTypeDef *hpcd)
 112:USB_DEVICE/Target/usbd_conf.c **** {
 478              		.loc 1 112 1 is_stmt 1 view -0
 479              		.cfi_startproc
ARM GAS  /tmp/cchwzK5p.s 			page 11


 480              		@ args = 0, pretend = 0, frame = 0
 481              		@ frame_needed = 0, uses_anonymous_args = 0
 482              		.loc 1 112 1 is_stmt 0 view .LVU78
 483 0000 08B5     		push	{r3, lr}
 484              	.LCFI14:
 485              		.cfi_def_cfa_offset 8
 486              		.cfi_offset 3, -8
 487              		.cfi_offset 14, -4
 113:USB_DEVICE/Target/usbd_conf.c ****   USBD_LL_DevDisconnected((USBD_HandleTypeDef *)hpcd->pData);
 488              		.loc 1 113 3 is_stmt 1 view .LVU79
 489 0002 D0F8D402 		ldr	r0, [r0, #724]
 490              	.LVL41:
 491              		.loc 1 113 3 is_stmt 0 view .LVU80
 492 0006 FFF7FEFF 		bl	USBD_LL_DevDisconnected
 493              	.LVL42:
 114:USB_DEVICE/Target/usbd_conf.c **** }
 494              		.loc 1 114 1 view .LVU81
 495 000a 08BD     		pop	{r3, pc}
 496              		.cfi_endproc
 497              	.LFE78:
 499              		.section	.text.USBD_LL_Init,"ax",%progbits
 500              		.align	1
 501              		.global	USBD_LL_Init
 502              		.syntax unified
 503              		.thumb
 504              		.thumb_func
 506              	USBD_LL_Init:
 507              	.LVL43:
 508              	.LFB79:
 115:USB_DEVICE/Target/usbd_conf.c **** 
 116:USB_DEVICE/Target/usbd_conf.c **** /*******************************************************************************
 117:USB_DEVICE/Target/usbd_conf.c ****                        LL Driver Interface (USB Device Library --> PCD)
 118:USB_DEVICE/Target/usbd_conf.c **** *******************************************************************************/
 119:USB_DEVICE/Target/usbd_conf.c **** 
 120:USB_DEVICE/Target/usbd_conf.c **** USBD_StatusTypeDef USBD_LL_Init(USBD_HandleTypeDef *pdev)
 121:USB_DEVICE/Target/usbd_conf.c **** {
 509              		.loc 1 121 1 is_stmt 1 view -0
 510              		.cfi_startproc
 511              		@ args = 0, pretend = 0, frame = 0
 512              		@ frame_needed = 0, uses_anonymous_args = 0
 513              		.loc 1 121 1 is_stmt 0 view .LVU83
 514 0000 38B5     		push	{r3, r4, r5, lr}
 515              	.LCFI15:
 516              		.cfi_def_cfa_offset 16
 517              		.cfi_offset 3, -16
 518              		.cfi_offset 4, -12
 519              		.cfi_offset 5, -8
 520              		.cfi_offset 14, -4
 521 0002 0346     		mov	r3, r0
 122:USB_DEVICE/Target/usbd_conf.c ****   hpcd_USB_FS.Instance = USB;
 522              		.loc 1 122 3 is_stmt 1 view .LVU84
 523              		.loc 1 122 24 is_stmt 0 view .LVU85
 524 0004 1548     		ldr	r0, .L42
 525              	.LVL44:
 526              		.loc 1 122 24 view .LVU86
 527 0006 164A     		ldr	r2, .L42+4
 528 0008 0260     		str	r2, [r0]
ARM GAS  /tmp/cchwzK5p.s 			page 12


 123:USB_DEVICE/Target/usbd_conf.c ****   hpcd_USB_FS.Init.dev_endpoints = 8;
 529              		.loc 1 123 3 is_stmt 1 view .LVU87
 530              		.loc 1 123 34 is_stmt 0 view .LVU88
 531 000a 0822     		movs	r2, #8
 532 000c 0271     		strb	r2, [r0, #4]
 124:USB_DEVICE/Target/usbd_conf.c ****   hpcd_USB_FS.Init.speed = PCD_SPEED_FULL;
 533              		.loc 1 124 3 is_stmt 1 view .LVU89
 534              		.loc 1 124 26 is_stmt 0 view .LVU90
 535 000e 0222     		movs	r2, #2
 536 0010 8271     		strb	r2, [r0, #6]
 125:USB_DEVICE/Target/usbd_conf.c ****   hpcd_USB_FS.Init.phy_itface = PCD_PHY_EMBEDDED;
 537              		.loc 1 125 3 is_stmt 1 view .LVU91
 538              		.loc 1 125 31 is_stmt 0 view .LVU92
 539 0012 0272     		strb	r2, [r0, #8]
 126:USB_DEVICE/Target/usbd_conf.c ****   hpcd_USB_FS.Init.low_power_enable = DISABLE;
 540              		.loc 1 126 3 is_stmt 1 view .LVU93
 541              		.loc 1 126 37 is_stmt 0 view .LVU94
 542 0014 0022     		movs	r2, #0
 543 0016 8272     		strb	r2, [r0, #10]
 127:USB_DEVICE/Target/usbd_conf.c ****   hpcd_USB_FS.Init.lpm_enable = DISABLE;
 544              		.loc 1 127 3 is_stmt 1 view .LVU95
 545              		.loc 1 127 31 is_stmt 0 view .LVU96
 546 0018 C272     		strb	r2, [r0, #11]
 128:USB_DEVICE/Target/usbd_conf.c ****   hpcd_USB_FS.Init.battery_charging_enable = DISABLE;
 547              		.loc 1 128 3 is_stmt 1 view .LVU97
 548              		.loc 1 128 44 is_stmt 0 view .LVU98
 549 001a 0273     		strb	r2, [r0, #12]
 129:USB_DEVICE/Target/usbd_conf.c **** 
 130:USB_DEVICE/Target/usbd_conf.c ****   hpcd_USB_FS.pData = pdev;
 550              		.loc 1 130 3 is_stmt 1 view .LVU99
 551              		.loc 1 130 21 is_stmt 0 view .LVU100
 552 001c C0F8D432 		str	r3, [r0, #724]
 131:USB_DEVICE/Target/usbd_conf.c ****   pdev->pData = &hpcd_USB_FS;
 553              		.loc 1 131 3 is_stmt 1 view .LVU101
 554              		.loc 1 131 15 is_stmt 0 view .LVU102
 555 0020 C3F8C802 		str	r0, [r3, #712]
 132:USB_DEVICE/Target/usbd_conf.c **** 
 133:USB_DEVICE/Target/usbd_conf.c ****   if (HAL_PCD_Init(&hpcd_USB_FS) != HAL_OK)
 556              		.loc 1 133 3 is_stmt 1 view .LVU103
 557              		.loc 1 133 7 is_stmt 0 view .LVU104
 558 0024 FFF7FEFF 		bl	HAL_PCD_Init
 559              	.LVL45:
 560              		.loc 1 133 6 discriminator 1 view .LVU105
 561 0028 A8B9     		cbnz	r0, .L40
 562 002a 0546     		mov	r5, r0
 134:USB_DEVICE/Target/usbd_conf.c ****   {
 135:USB_DEVICE/Target/usbd_conf.c ****     return USBD_FAIL;
 136:USB_DEVICE/Target/usbd_conf.c ****   }
 137:USB_DEVICE/Target/usbd_conf.c **** 
 138:USB_DEVICE/Target/usbd_conf.c ****   /*
 139:USB_DEVICE/Target/usbd_conf.c ****    * PMA(パケットメモリ, 512byte)割り当て
 140:USB_DEVICE/Target/usbd_conf.c ****    *   EP0 OUT (0x00) :  8byte @0x18
 141:USB_DEVICE/Target/usbd_conf.c ****    *   EP0 IN  (0x80) :  8byte @0x40
 142:USB_DEVICE/Target/usbd_conf.c ****    *   AUDIO OUT ISO(0x01) : AUDIO_OUT_PACKET byte @0x68
 143:USB_DEVICE/Target/usbd_conf.c ****    *     (16kHz,16bit,stereo => 64byte/ms。512byte中にじゅうぶん収まる)
 144:USB_DEVICE/Target/usbd_conf.c ****    */
 145:USB_DEVICE/Target/usbd_conf.c ****   HAL_PCDEx_PMAConfig(&hpcd_USB_FS, 0x00, PCD_SNG_BUF, 0x18);
ARM GAS  /tmp/cchwzK5p.s 			page 13


 563              		.loc 1 145 3 is_stmt 1 view .LVU106
 564 002c 0B4C     		ldr	r4, .L42
 565 002e 1823     		movs	r3, #24
 566 0030 0022     		movs	r2, #0
 567 0032 1146     		mov	r1, r2
 568 0034 2046     		mov	r0, r4
 569 0036 FFF7FEFF 		bl	HAL_PCDEx_PMAConfig
 570              	.LVL46:
 146:USB_DEVICE/Target/usbd_conf.c ****   HAL_PCDEx_PMAConfig(&hpcd_USB_FS, 0x80, PCD_SNG_BUF, 0x40);
 571              		.loc 1 146 3 view .LVU107
 572 003a 4023     		movs	r3, #64
 573 003c 0022     		movs	r2, #0
 574 003e 8021     		movs	r1, #128
 575 0040 2046     		mov	r0, r4
 576 0042 FFF7FEFF 		bl	HAL_PCDEx_PMAConfig
 577              	.LVL47:
 147:USB_DEVICE/Target/usbd_conf.c ****   HAL_PCDEx_PMAConfig(&hpcd_USB_FS, AUDIO_OUT_EP, PCD_SNG_BUF, 0x68);
 578              		.loc 1 147 3 view .LVU108
 579 0046 6823     		movs	r3, #104
 580 0048 0022     		movs	r2, #0
 581 004a 0121     		movs	r1, #1
 582 004c 2046     		mov	r0, r4
 583 004e FFF7FEFF 		bl	HAL_PCDEx_PMAConfig
 584              	.LVL48:
 148:USB_DEVICE/Target/usbd_conf.c **** 
 149:USB_DEVICE/Target/usbd_conf.c ****   return USBD_OK;
 585              		.loc 1 149 3 view .LVU109
 586              	.L39:
 150:USB_DEVICE/Target/usbd_conf.c **** }
 587              		.loc 1 150 1 is_stmt 0 view .LVU110
 588 0052 2846     		mov	r0, r5
 589 0054 38BD     		pop	{r3, r4, r5, pc}
 590              	.L40:
 135:USB_DEVICE/Target/usbd_conf.c ****   }
 591              		.loc 1 135 12 view .LVU111
 592 0056 0325     		movs	r5, #3
 593 0058 FBE7     		b	.L39
 594              	.L43:
 595 005a 00BF     		.align	2
 596              	.L42:
 597 005c 00000000 		.word	hpcd_USB_FS
 598 0060 005C0040 		.word	1073765376
 599              		.cfi_endproc
 600              	.LFE79:
 602              		.section	.text.USBD_LL_DeInit,"ax",%progbits
 603              		.align	1
 604              		.global	USBD_LL_DeInit
 605              		.syntax unified
 606              		.thumb
 607              		.thumb_func
 609              	USBD_LL_DeInit:
 610              	.LVL49:
 611              	.LFB80:
 151:USB_DEVICE/Target/usbd_conf.c **** 
 152:USB_DEVICE/Target/usbd_conf.c **** USBD_StatusTypeDef USBD_LL_DeInit(USBD_HandleTypeDef *pdev)
 153:USB_DEVICE/Target/usbd_conf.c **** {
 612              		.loc 1 153 1 is_stmt 1 view -0
ARM GAS  /tmp/cchwzK5p.s 			page 14


 613              		.cfi_startproc
 614              		@ args = 0, pretend = 0, frame = 0
 615              		@ frame_needed = 0, uses_anonymous_args = 0
 616              		.loc 1 153 1 is_stmt 0 view .LVU113
 617 0000 08B5     		push	{r3, lr}
 618              	.LCFI16:
 619              		.cfi_def_cfa_offset 8
 620              		.cfi_offset 3, -8
 621              		.cfi_offset 14, -4
 154:USB_DEVICE/Target/usbd_conf.c ****   HAL_PCD_DeInit((PCD_HandleTypeDef *)pdev->pData);
 622              		.loc 1 154 3 is_stmt 1 view .LVU114
 623 0002 D0F8C802 		ldr	r0, [r0, #712]
 624              	.LVL50:
 625              		.loc 1 154 3 is_stmt 0 view .LVU115
 626 0006 FFF7FEFF 		bl	HAL_PCD_DeInit
 627              	.LVL51:
 155:USB_DEVICE/Target/usbd_conf.c ****   return USBD_OK;
 628              		.loc 1 155 3 is_stmt 1 view .LVU116
 156:USB_DEVICE/Target/usbd_conf.c **** }
 629              		.loc 1 156 1 is_stmt 0 view .LVU117
 630 000a 0020     		movs	r0, #0
 631 000c 08BD     		pop	{r3, pc}
 632              		.cfi_endproc
 633              	.LFE80:
 635              		.section	.text.USBD_LL_Start,"ax",%progbits
 636              		.align	1
 637              		.global	USBD_LL_Start
 638              		.syntax unified
 639              		.thumb
 640              		.thumb_func
 642              	USBD_LL_Start:
 643              	.LVL52:
 644              	.LFB81:
 157:USB_DEVICE/Target/usbd_conf.c **** 
 158:USB_DEVICE/Target/usbd_conf.c **** USBD_StatusTypeDef USBD_LL_Start(USBD_HandleTypeDef *pdev)
 159:USB_DEVICE/Target/usbd_conf.c **** {
 645              		.loc 1 159 1 is_stmt 1 view -0
 646              		.cfi_startproc
 647              		@ args = 0, pretend = 0, frame = 0
 648              		@ frame_needed = 0, uses_anonymous_args = 0
 649              		.loc 1 159 1 is_stmt 0 view .LVU119
 650 0000 08B5     		push	{r3, lr}
 651              	.LCFI17:
 652              		.cfi_def_cfa_offset 8
 653              		.cfi_offset 3, -8
 654              		.cfi_offset 14, -4
 160:USB_DEVICE/Target/usbd_conf.c ****   HAL_PCD_Start((PCD_HandleTypeDef *)pdev->pData);
 655              		.loc 1 160 3 is_stmt 1 view .LVU120
 656 0002 D0F8C802 		ldr	r0, [r0, #712]
 657              	.LVL53:
 658              		.loc 1 160 3 is_stmt 0 view .LVU121
 659 0006 FFF7FEFF 		bl	HAL_PCD_Start
 660              	.LVL54:
 161:USB_DEVICE/Target/usbd_conf.c ****   return USBD_OK;
 661              		.loc 1 161 3 is_stmt 1 view .LVU122
 162:USB_DEVICE/Target/usbd_conf.c **** }
 662              		.loc 1 162 1 is_stmt 0 view .LVU123
ARM GAS  /tmp/cchwzK5p.s 			page 15


 663 000a 0020     		movs	r0, #0
 664 000c 08BD     		pop	{r3, pc}
 665              		.cfi_endproc
 666              	.LFE81:
 668              		.section	.text.USBD_LL_Stop,"ax",%progbits
 669              		.align	1
 670              		.global	USBD_LL_Stop
 671              		.syntax unified
 672              		.thumb
 673              		.thumb_func
 675              	USBD_LL_Stop:
 676              	.LVL55:
 677              	.LFB82:
 163:USB_DEVICE/Target/usbd_conf.c **** 
 164:USB_DEVICE/Target/usbd_conf.c **** USBD_StatusTypeDef USBD_LL_Stop(USBD_HandleTypeDef *pdev)
 165:USB_DEVICE/Target/usbd_conf.c **** {
 678              		.loc 1 165 1 is_stmt 1 view -0
 679              		.cfi_startproc
 680              		@ args = 0, pretend = 0, frame = 0
 681              		@ frame_needed = 0, uses_anonymous_args = 0
 682              		.loc 1 165 1 is_stmt 0 view .LVU125
 683 0000 08B5     		push	{r3, lr}
 684              	.LCFI18:
 685              		.cfi_def_cfa_offset 8
 686              		.cfi_offset 3, -8
 687              		.cfi_offset 14, -4
 166:USB_DEVICE/Target/usbd_conf.c ****   HAL_PCD_Stop((PCD_HandleTypeDef *)pdev->pData);
 688              		.loc 1 166 3 is_stmt 1 view .LVU126
 689 0002 D0F8C802 		ldr	r0, [r0, #712]
 690              	.LVL56:
 691              		.loc 1 166 3 is_stmt 0 view .LVU127
 692 0006 FFF7FEFF 		bl	HAL_PCD_Stop
 693              	.LVL57:
 167:USB_DEVICE/Target/usbd_conf.c ****   return USBD_OK;
 694              		.loc 1 167 3 is_stmt 1 view .LVU128
 168:USB_DEVICE/Target/usbd_conf.c **** }
 695              		.loc 1 168 1 is_stmt 0 view .LVU129
 696 000a 0020     		movs	r0, #0
 697 000c 08BD     		pop	{r3, pc}
 698              		.cfi_endproc
 699              	.LFE82:
 701              		.section	.text.USBD_LL_OpenEP,"ax",%progbits
 702              		.align	1
 703              		.global	USBD_LL_OpenEP
 704              		.syntax unified
 705              		.thumb
 706              		.thumb_func
 708              	USBD_LL_OpenEP:
 709              	.LVL58:
 710              	.LFB83:
 169:USB_DEVICE/Target/usbd_conf.c **** 
 170:USB_DEVICE/Target/usbd_conf.c **** USBD_StatusTypeDef USBD_LL_OpenEP(USBD_HandleTypeDef *pdev, uint8_t ep_addr,
 171:USB_DEVICE/Target/usbd_conf.c ****                                    uint8_t ep_type, uint16_t ep_mps)
 172:USB_DEVICE/Target/usbd_conf.c **** {
 711              		.loc 1 172 1 is_stmt 1 view -0
 712              		.cfi_startproc
 713              		@ args = 0, pretend = 0, frame = 0
ARM GAS  /tmp/cchwzK5p.s 			page 16


 714              		@ frame_needed = 0, uses_anonymous_args = 0
 715              		.loc 1 172 1 is_stmt 0 view .LVU131
 716 0000 08B5     		push	{r3, lr}
 717              	.LCFI19:
 718              		.cfi_def_cfa_offset 8
 719              		.cfi_offset 3, -8
 720              		.cfi_offset 14, -4
 721 0002 9446     		mov	ip, r2
 722 0004 1A46     		mov	r2, r3
 723              	.LVL59:
 173:USB_DEVICE/Target/usbd_conf.c ****   HAL_PCD_EP_Open((PCD_HandleTypeDef *)pdev->pData, ep_addr, ep_mps, ep_type);
 724              		.loc 1 173 3 is_stmt 1 view .LVU132
 725 0006 6346     		mov	r3, ip
 726              	.LVL60:
 727              		.loc 1 173 3 is_stmt 0 view .LVU133
 728 0008 D0F8C802 		ldr	r0, [r0, #712]
 729              	.LVL61:
 730              		.loc 1 173 3 view .LVU134
 731 000c FFF7FEFF 		bl	HAL_PCD_EP_Open
 732              	.LVL62:
 174:USB_DEVICE/Target/usbd_conf.c ****   return USBD_OK;
 733              		.loc 1 174 3 is_stmt 1 view .LVU135
 175:USB_DEVICE/Target/usbd_conf.c **** }
 734              		.loc 1 175 1 is_stmt 0 view .LVU136
 735 0010 0020     		movs	r0, #0
 736 0012 08BD     		pop	{r3, pc}
 737              		.cfi_endproc
 738              	.LFE83:
 740              		.section	.text.USBD_LL_CloseEP,"ax",%progbits
 741              		.align	1
 742              		.global	USBD_LL_CloseEP
 743              		.syntax unified
 744              		.thumb
 745              		.thumb_func
 747              	USBD_LL_CloseEP:
 748              	.LVL63:
 749              	.LFB84:
 176:USB_DEVICE/Target/usbd_conf.c **** 
 177:USB_DEVICE/Target/usbd_conf.c **** USBD_StatusTypeDef USBD_LL_CloseEP(USBD_HandleTypeDef *pdev, uint8_t ep_addr)
 178:USB_DEVICE/Target/usbd_conf.c **** {
 750              		.loc 1 178 1 is_stmt 1 view -0
 751              		.cfi_startproc
 752              		@ args = 0, pretend = 0, frame = 0
 753              		@ frame_needed = 0, uses_anonymous_args = 0
 754              		.loc 1 178 1 is_stmt 0 view .LVU138
 755 0000 08B5     		push	{r3, lr}
 756              	.LCFI20:
 757              		.cfi_def_cfa_offset 8
 758              		.cfi_offset 3, -8
 759              		.cfi_offset 14, -4
 179:USB_DEVICE/Target/usbd_conf.c ****   HAL_PCD_EP_Close((PCD_HandleTypeDef *)pdev->pData, ep_addr);
 760              		.loc 1 179 3 is_stmt 1 view .LVU139
 761 0002 D0F8C802 		ldr	r0, [r0, #712]
 762              	.LVL64:
 763              		.loc 1 179 3 is_stmt 0 view .LVU140
 764 0006 FFF7FEFF 		bl	HAL_PCD_EP_Close
 765              	.LVL65:
ARM GAS  /tmp/cchwzK5p.s 			page 17


 180:USB_DEVICE/Target/usbd_conf.c ****   return USBD_OK;
 766              		.loc 1 180 3 is_stmt 1 view .LVU141
 181:USB_DEVICE/Target/usbd_conf.c **** }
 767              		.loc 1 181 1 is_stmt 0 view .LVU142
 768 000a 0020     		movs	r0, #0
 769 000c 08BD     		pop	{r3, pc}
 770              		.cfi_endproc
 771              	.LFE84:
 773              		.section	.text.USBD_LL_FlushEP,"ax",%progbits
 774              		.align	1
 775              		.global	USBD_LL_FlushEP
 776              		.syntax unified
 777              		.thumb
 778              		.thumb_func
 780              	USBD_LL_FlushEP:
 781              	.LVL66:
 782              	.LFB85:
 182:USB_DEVICE/Target/usbd_conf.c **** 
 183:USB_DEVICE/Target/usbd_conf.c **** USBD_StatusTypeDef USBD_LL_FlushEP(USBD_HandleTypeDef *pdev, uint8_t ep_addr)
 184:USB_DEVICE/Target/usbd_conf.c **** {
 783              		.loc 1 184 1 is_stmt 1 view -0
 784              		.cfi_startproc
 785              		@ args = 0, pretend = 0, frame = 0
 786              		@ frame_needed = 0, uses_anonymous_args = 0
 787              		.loc 1 184 1 is_stmt 0 view .LVU144
 788 0000 08B5     		push	{r3, lr}
 789              	.LCFI21:
 790              		.cfi_def_cfa_offset 8
 791              		.cfi_offset 3, -8
 792              		.cfi_offset 14, -4
 185:USB_DEVICE/Target/usbd_conf.c ****   HAL_PCD_EP_Flush((PCD_HandleTypeDef *)pdev->pData, ep_addr);
 793              		.loc 1 185 3 is_stmt 1 view .LVU145
 794 0002 D0F8C802 		ldr	r0, [r0, #712]
 795              	.LVL67:
 796              		.loc 1 185 3 is_stmt 0 view .LVU146
 797 0006 FFF7FEFF 		bl	HAL_PCD_EP_Flush
 798              	.LVL68:
 186:USB_DEVICE/Target/usbd_conf.c ****   return USBD_OK;
 799              		.loc 1 186 3 is_stmt 1 view .LVU147
 187:USB_DEVICE/Target/usbd_conf.c **** }
 800              		.loc 1 187 1 is_stmt 0 view .LVU148
 801 000a 0020     		movs	r0, #0
 802 000c 08BD     		pop	{r3, pc}
 803              		.cfi_endproc
 804              	.LFE85:
 806              		.section	.text.USBD_LL_StallEP,"ax",%progbits
 807              		.align	1
 808              		.global	USBD_LL_StallEP
 809              		.syntax unified
 810              		.thumb
 811              		.thumb_func
 813              	USBD_LL_StallEP:
 814              	.LVL69:
 815              	.LFB86:
 188:USB_DEVICE/Target/usbd_conf.c **** 
 189:USB_DEVICE/Target/usbd_conf.c **** USBD_StatusTypeDef USBD_LL_StallEP(USBD_HandleTypeDef *pdev, uint8_t ep_addr)
 190:USB_DEVICE/Target/usbd_conf.c **** {
ARM GAS  /tmp/cchwzK5p.s 			page 18


 816              		.loc 1 190 1 is_stmt 1 view -0
 817              		.cfi_startproc
 818              		@ args = 0, pretend = 0, frame = 0
 819              		@ frame_needed = 0, uses_anonymous_args = 0
 820              		.loc 1 190 1 is_stmt 0 view .LVU150
 821 0000 08B5     		push	{r3, lr}
 822              	.LCFI22:
 823              		.cfi_def_cfa_offset 8
 824              		.cfi_offset 3, -8
 825              		.cfi_offset 14, -4
 191:USB_DEVICE/Target/usbd_conf.c ****   HAL_PCD_EP_SetStall((PCD_HandleTypeDef *)pdev->pData, ep_addr);
 826              		.loc 1 191 3 is_stmt 1 view .LVU151
 827 0002 D0F8C802 		ldr	r0, [r0, #712]
 828              	.LVL70:
 829              		.loc 1 191 3 is_stmt 0 view .LVU152
 830 0006 FFF7FEFF 		bl	HAL_PCD_EP_SetStall
 831              	.LVL71:
 192:USB_DEVICE/Target/usbd_conf.c ****   return USBD_OK;
 832              		.loc 1 192 3 is_stmt 1 view .LVU153
 193:USB_DEVICE/Target/usbd_conf.c **** }
 833              		.loc 1 193 1 is_stmt 0 view .LVU154
 834 000a 0020     		movs	r0, #0
 835 000c 08BD     		pop	{r3, pc}
 836              		.cfi_endproc
 837              	.LFE86:
 839              		.section	.text.USBD_LL_ClearStallEP,"ax",%progbits
 840              		.align	1
 841              		.global	USBD_LL_ClearStallEP
 842              		.syntax unified
 843              		.thumb
 844              		.thumb_func
 846              	USBD_LL_ClearStallEP:
 847              	.LVL72:
 848              	.LFB87:
 194:USB_DEVICE/Target/usbd_conf.c **** 
 195:USB_DEVICE/Target/usbd_conf.c **** USBD_StatusTypeDef USBD_LL_ClearStallEP(USBD_HandleTypeDef *pdev, uint8_t ep_addr)
 196:USB_DEVICE/Target/usbd_conf.c **** {
 849              		.loc 1 196 1 is_stmt 1 view -0
 850              		.cfi_startproc
 851              		@ args = 0, pretend = 0, frame = 0
 852              		@ frame_needed = 0, uses_anonymous_args = 0
 853              		.loc 1 196 1 is_stmt 0 view .LVU156
 854 0000 08B5     		push	{r3, lr}
 855              	.LCFI23:
 856              		.cfi_def_cfa_offset 8
 857              		.cfi_offset 3, -8
 858              		.cfi_offset 14, -4
 197:USB_DEVICE/Target/usbd_conf.c ****   HAL_PCD_EP_ClrStall((PCD_HandleTypeDef *)pdev->pData, ep_addr);
 859              		.loc 1 197 3 is_stmt 1 view .LVU157
 860 0002 D0F8C802 		ldr	r0, [r0, #712]
 861              	.LVL73:
 862              		.loc 1 197 3 is_stmt 0 view .LVU158
 863 0006 FFF7FEFF 		bl	HAL_PCD_EP_ClrStall
 864              	.LVL74:
 198:USB_DEVICE/Target/usbd_conf.c ****   return USBD_OK;
 865              		.loc 1 198 3 is_stmt 1 view .LVU159
 199:USB_DEVICE/Target/usbd_conf.c **** }
ARM GAS  /tmp/cchwzK5p.s 			page 19


 866              		.loc 1 199 1 is_stmt 0 view .LVU160
 867 000a 0020     		movs	r0, #0
 868 000c 08BD     		pop	{r3, pc}
 869              		.cfi_endproc
 870              	.LFE87:
 872              		.section	.text.USBD_LL_IsStallEP,"ax",%progbits
 873              		.align	1
 874              		.global	USBD_LL_IsStallEP
 875              		.syntax unified
 876              		.thumb
 877              		.thumb_func
 879              	USBD_LL_IsStallEP:
 880              	.LVL75:
 881              	.LFB88:
 200:USB_DEVICE/Target/usbd_conf.c **** 
 201:USB_DEVICE/Target/usbd_conf.c **** uint8_t USBD_LL_IsStallEP(USBD_HandleTypeDef *pdev, uint8_t ep_addr)
 202:USB_DEVICE/Target/usbd_conf.c **** {
 882              		.loc 1 202 1 is_stmt 1 view -0
 883              		.cfi_startproc
 884              		@ args = 0, pretend = 0, frame = 0
 885              		@ frame_needed = 0, uses_anonymous_args = 0
 886              		@ link register save eliminated.
 203:USB_DEVICE/Target/usbd_conf.c ****   PCD_HandleTypeDef *hpcd = (PCD_HandleTypeDef *)pdev->pData;
 887              		.loc 1 203 3 view .LVU162
 888              		.loc 1 203 22 is_stmt 0 view .LVU163
 889 0000 D0F8C832 		ldr	r3, [r0, #712]
 890              	.LVL76:
 204:USB_DEVICE/Target/usbd_conf.c **** 
 205:USB_DEVICE/Target/usbd_conf.c ****   if ((ep_addr & 0x80U) == 0x80U)
 891              		.loc 1 205 3 is_stmt 1 view .LVU164
 892              		.loc 1 205 6 is_stmt 0 view .LVU165
 893 0004 11F0800F 		tst	r1, #128
 894 0008 08D1     		bne	.L63
 206:USB_DEVICE/Target/usbd_conf.c ****   {
 207:USB_DEVICE/Target/usbd_conf.c ****     return hpcd->IN_ep[ep_addr & 0x7FU].is_stall;
 208:USB_DEVICE/Target/usbd_conf.c ****   }
 209:USB_DEVICE/Target/usbd_conf.c ****   return hpcd->OUT_ep[ep_addr & 0x7FU].is_stall;
 895              		.loc 1 209 3 is_stmt 1 view .LVU166
 896              		.loc 1 209 31 is_stmt 0 view .LVU167
 897 000a 01F07F01 		and	r1, r1, #127
 898              	.LVL77:
 899              		.loc 1 209 39 view .LVU168
 900 000e 01EB8101 		add	r1, r1, r1, lsl #2
 901 0012 03EBC103 		add	r3, r3, r1, lsl #3
 902              	.LVL78:
 903              		.loc 1 209 39 view .LVU169
 904 0016 93F85201 		ldrb	r0, [r3, #338]	@ zero_extendqisi2
 905              	.LVL79:
 210:USB_DEVICE/Target/usbd_conf.c **** }
 906              		.loc 1 210 1 view .LVU170
 907 001a 7047     		bx	lr
 908              	.LVL80:
 909              	.L63:
 207:USB_DEVICE/Target/usbd_conf.c ****   }
 910              		.loc 1 207 5 is_stmt 1 view .LVU171
 207:USB_DEVICE/Target/usbd_conf.c ****   }
 911              		.loc 1 207 32 is_stmt 0 view .LVU172
ARM GAS  /tmp/cchwzK5p.s 			page 20


 912 001c 01F07F01 		and	r1, r1, #127
 913              	.LVL81:
 207:USB_DEVICE/Target/usbd_conf.c ****   }
 914              		.loc 1 207 40 view .LVU173
 915 0020 01EB8101 		add	r1, r1, r1, lsl #2
 916 0024 03EBC103 		add	r3, r3, r1, lsl #3
 917              	.LVL82:
 207:USB_DEVICE/Target/usbd_conf.c ****   }
 918              		.loc 1 207 40 view .LVU174
 919 0028 987C     		ldrb	r0, [r3, #18]	@ zero_extendqisi2
 920              	.LVL83:
 207:USB_DEVICE/Target/usbd_conf.c ****   }
 921              		.loc 1 207 40 view .LVU175
 922 002a 7047     		bx	lr
 923              		.cfi_endproc
 924              	.LFE88:
 926              		.section	.text.USBD_LL_SetUSBAddress,"ax",%progbits
 927              		.align	1
 928              		.global	USBD_LL_SetUSBAddress
 929              		.syntax unified
 930              		.thumb
 931              		.thumb_func
 933              	USBD_LL_SetUSBAddress:
 934              	.LVL84:
 935              	.LFB89:
 211:USB_DEVICE/Target/usbd_conf.c **** 
 212:USB_DEVICE/Target/usbd_conf.c **** USBD_StatusTypeDef USBD_LL_SetUSBAddress(USBD_HandleTypeDef *pdev, uint8_t dev_addr)
 213:USB_DEVICE/Target/usbd_conf.c **** {
 936              		.loc 1 213 1 is_stmt 1 view -0
 937              		.cfi_startproc
 938              		@ args = 0, pretend = 0, frame = 0
 939              		@ frame_needed = 0, uses_anonymous_args = 0
 940              		.loc 1 213 1 is_stmt 0 view .LVU177
 941 0000 08B5     		push	{r3, lr}
 942              	.LCFI24:
 943              		.cfi_def_cfa_offset 8
 944              		.cfi_offset 3, -8
 945              		.cfi_offset 14, -4
 214:USB_DEVICE/Target/usbd_conf.c ****   HAL_PCD_SetAddress((PCD_HandleTypeDef *)pdev->pData, dev_addr);
 946              		.loc 1 214 3 is_stmt 1 view .LVU178
 947 0002 D0F8C802 		ldr	r0, [r0, #712]
 948              	.LVL85:
 949              		.loc 1 214 3 is_stmt 0 view .LVU179
 950 0006 FFF7FEFF 		bl	HAL_PCD_SetAddress
 951              	.LVL86:
 215:USB_DEVICE/Target/usbd_conf.c ****   return USBD_OK;
 952              		.loc 1 215 3 is_stmt 1 view .LVU180
 216:USB_DEVICE/Target/usbd_conf.c **** }
 953              		.loc 1 216 1 is_stmt 0 view .LVU181
 954 000a 0020     		movs	r0, #0
 955 000c 08BD     		pop	{r3, pc}
 956              		.cfi_endproc
 957              	.LFE89:
 959              		.section	.text.USBD_LL_Transmit,"ax",%progbits
 960              		.align	1
 961              		.global	USBD_LL_Transmit
 962              		.syntax unified
ARM GAS  /tmp/cchwzK5p.s 			page 21


 963              		.thumb
 964              		.thumb_func
 966              	USBD_LL_Transmit:
 967              	.LVL87:
 968              	.LFB90:
 217:USB_DEVICE/Target/usbd_conf.c **** 
 218:USB_DEVICE/Target/usbd_conf.c **** USBD_StatusTypeDef USBD_LL_Transmit(USBD_HandleTypeDef *pdev, uint8_t ep_addr,
 219:USB_DEVICE/Target/usbd_conf.c ****                                      uint8_t *pbuf, uint32_t size)
 220:USB_DEVICE/Target/usbd_conf.c **** {
 969              		.loc 1 220 1 is_stmt 1 view -0
 970              		.cfi_startproc
 971              		@ args = 0, pretend = 0, frame = 0
 972              		@ frame_needed = 0, uses_anonymous_args = 0
 973              		.loc 1 220 1 is_stmt 0 view .LVU183
 974 0000 08B5     		push	{r3, lr}
 975              	.LCFI25:
 976              		.cfi_def_cfa_offset 8
 977              		.cfi_offset 3, -8
 978              		.cfi_offset 14, -4
 221:USB_DEVICE/Target/usbd_conf.c ****   HAL_PCD_EP_Transmit((PCD_HandleTypeDef *)pdev->pData, ep_addr, pbuf, size);
 979              		.loc 1 221 3 is_stmt 1 view .LVU184
 980 0002 D0F8C802 		ldr	r0, [r0, #712]
 981              	.LVL88:
 982              		.loc 1 221 3 is_stmt 0 view .LVU185
 983 0006 FFF7FEFF 		bl	HAL_PCD_EP_Transmit
 984              	.LVL89:
 222:USB_DEVICE/Target/usbd_conf.c ****   return USBD_OK;
 985              		.loc 1 222 3 is_stmt 1 view .LVU186
 223:USB_DEVICE/Target/usbd_conf.c **** }
 986              		.loc 1 223 1 is_stmt 0 view .LVU187
 987 000a 0020     		movs	r0, #0
 988 000c 08BD     		pop	{r3, pc}
 989              		.cfi_endproc
 990              	.LFE90:
 992              		.section	.text.USBD_LL_PrepareReceive,"ax",%progbits
 993              		.align	1
 994              		.global	USBD_LL_PrepareReceive
 995              		.syntax unified
 996              		.thumb
 997              		.thumb_func
 999              	USBD_LL_PrepareReceive:
 1000              	.LVL90:
 1001              	.LFB91:
 224:USB_DEVICE/Target/usbd_conf.c **** 
 225:USB_DEVICE/Target/usbd_conf.c **** USBD_StatusTypeDef USBD_LL_PrepareReceive(USBD_HandleTypeDef *pdev, uint8_t ep_addr,
 226:USB_DEVICE/Target/usbd_conf.c ****                                            uint8_t *pbuf, uint32_t size)
 227:USB_DEVICE/Target/usbd_conf.c **** {
 1002              		.loc 1 227 1 is_stmt 1 view -0
 1003              		.cfi_startproc
 1004              		@ args = 0, pretend = 0, frame = 0
 1005              		@ frame_needed = 0, uses_anonymous_args = 0
 1006              		.loc 1 227 1 is_stmt 0 view .LVU189
 1007 0000 08B5     		push	{r3, lr}
 1008              	.LCFI26:
 1009              		.cfi_def_cfa_offset 8
 1010              		.cfi_offset 3, -8
 1011              		.cfi_offset 14, -4
ARM GAS  /tmp/cchwzK5p.s 			page 22


 228:USB_DEVICE/Target/usbd_conf.c ****   HAL_PCD_EP_Receive((PCD_HandleTypeDef *)pdev->pData, ep_addr, pbuf, size);
 1012              		.loc 1 228 3 is_stmt 1 view .LVU190
 1013 0002 D0F8C802 		ldr	r0, [r0, #712]
 1014              	.LVL91:
 1015              		.loc 1 228 3 is_stmt 0 view .LVU191
 1016 0006 FFF7FEFF 		bl	HAL_PCD_EP_Receive
 1017              	.LVL92:
 229:USB_DEVICE/Target/usbd_conf.c ****   return USBD_OK;
 1018              		.loc 1 229 3 is_stmt 1 view .LVU192
 230:USB_DEVICE/Target/usbd_conf.c **** }
 1019              		.loc 1 230 1 is_stmt 0 view .LVU193
 1020 000a 0020     		movs	r0, #0
 1021 000c 08BD     		pop	{r3, pc}
 1022              		.cfi_endproc
 1023              	.LFE91:
 1025              		.section	.text.USBD_LL_GetRxDataSize,"ax",%progbits
 1026              		.align	1
 1027              		.global	USBD_LL_GetRxDataSize
 1028              		.syntax unified
 1029              		.thumb
 1030              		.thumb_func
 1032              	USBD_LL_GetRxDataSize:
 1033              	.LVL93:
 1034              	.LFB92:
 231:USB_DEVICE/Target/usbd_conf.c **** 
 232:USB_DEVICE/Target/usbd_conf.c **** uint32_t USBD_LL_GetRxDataSize(USBD_HandleTypeDef *pdev, uint8_t ep_addr)
 233:USB_DEVICE/Target/usbd_conf.c **** {
 1035              		.loc 1 233 1 is_stmt 1 view -0
 1036              		.cfi_startproc
 1037              		@ args = 0, pretend = 0, frame = 0
 1038              		@ frame_needed = 0, uses_anonymous_args = 0
 1039              		.loc 1 233 1 is_stmt 0 view .LVU195
 1040 0000 08B5     		push	{r3, lr}
 1041              	.LCFI27:
 1042              		.cfi_def_cfa_offset 8
 1043              		.cfi_offset 3, -8
 1044              		.cfi_offset 14, -4
 234:USB_DEVICE/Target/usbd_conf.c ****   return HAL_PCD_EP_GetRxCount((PCD_HandleTypeDef *)pdev->pData, ep_addr);
 1045              		.loc 1 234 3 is_stmt 1 view .LVU196
 1046              		.loc 1 234 10 is_stmt 0 view .LVU197
 1047 0002 D0F8C802 		ldr	r0, [r0, #712]
 1048              	.LVL94:
 1049              		.loc 1 234 10 view .LVU198
 1050 0006 FFF7FEFF 		bl	HAL_PCD_EP_GetRxCount
 1051              	.LVL95:
 235:USB_DEVICE/Target/usbd_conf.c **** }
 1052              		.loc 1 235 1 view .LVU199
 1053 000a 08BD     		pop	{r3, pc}
 1054              		.cfi_endproc
 1055              	.LFE92:
 1057              		.section	.text.USBD_LL_Delay,"ax",%progbits
 1058              		.align	1
 1059              		.global	USBD_LL_Delay
 1060              		.syntax unified
 1061              		.thumb
 1062              		.thumb_func
 1064              	USBD_LL_Delay:
ARM GAS  /tmp/cchwzK5p.s 			page 23


 1065              	.LVL96:
 1066              	.LFB93:
 236:USB_DEVICE/Target/usbd_conf.c **** 
 237:USB_DEVICE/Target/usbd_conf.c **** void USBD_LL_Delay(uint32_t Delay)
 238:USB_DEVICE/Target/usbd_conf.c **** {
 1067              		.loc 1 238 1 is_stmt 1 view -0
 1068              		.cfi_startproc
 1069              		@ args = 0, pretend = 0, frame = 0
 1070              		@ frame_needed = 0, uses_anonymous_args = 0
 1071              		.loc 1 238 1 is_stmt 0 view .LVU201
 1072 0000 08B5     		push	{r3, lr}
 1073              	.LCFI28:
 1074              		.cfi_def_cfa_offset 8
 1075              		.cfi_offset 3, -8
 1076              		.cfi_offset 14, -4
 239:USB_DEVICE/Target/usbd_conf.c ****   HAL_Delay(Delay);
 1077              		.loc 1 239 3 is_stmt 1 view .LVU202
 1078 0002 FFF7FEFF 		bl	HAL_Delay
 1079              	.LVL97:
 240:USB_DEVICE/Target/usbd_conf.c **** }
 1080              		.loc 1 240 1 is_stmt 0 view .LVU203
 1081 0006 08BD     		pop	{r3, pc}
 1082              		.cfi_endproc
 1083              	.LFE93:
 1085              		.section	.text.USBD_static_malloc,"ax",%progbits
 1086              		.align	1
 1087              		.global	USBD_static_malloc
 1088              		.syntax unified
 1089              		.thumb
 1090              		.thumb_func
 1092              	USBD_static_malloc:
 1093              	.LVL98:
 1094              	.LFB94:
 241:USB_DEVICE/Target/usbd_conf.c **** 
 242:USB_DEVICE/Target/usbd_conf.c **** /**
 243:USB_DEVICE/Target/usbd_conf.c ****   * @brief  静的メモリ確保(malloc代替)。USBD_AUDIO_HandleTypeDef 1個分を確保でき�
 244:USB_DEVICE/Target/usbd_conf.c ****   *         サイズの静的バッファを1つだけ用意する(単一クラス構成のため)
 245:USB_DEVICE/Target/usbd_conf.c ****   */
 246:USB_DEVICE/Target/usbd_conf.c **** void *USBD_static_malloc(uint32_t size)
 247:USB_DEVICE/Target/usbd_conf.c **** {
 1095              		.loc 1 247 1 is_stmt 1 view -0
 1096              		.cfi_startproc
 1097              		@ args = 0, pretend = 0, frame = 0
 1098              		@ frame_needed = 0, uses_anonymous_args = 0
 1099              		@ link register save eliminated.
 248:USB_DEVICE/Target/usbd_conf.c ****   (void)size;
 1100              		.loc 1 248 3 view .LVU205
 249:USB_DEVICE/Target/usbd_conf.c ****   static uint32_t mem[(sizeof(USBD_AUDIO_HandleTypeDef) / 4U) + 1U];
 1101              		.loc 1 249 3 view .LVU206
 250:USB_DEVICE/Target/usbd_conf.c ****   return mem;
 1102              		.loc 1 250 3 view .LVU207
 251:USB_DEVICE/Target/usbd_conf.c **** }
 1103              		.loc 1 251 1 is_stmt 0 view .LVU208
 1104 0000 0048     		ldr	r0, .L75
 1105              	.LVL99:
 1106              		.loc 1 251 1 view .LVU209
 1107 0002 7047     		bx	lr
ARM GAS  /tmp/cchwzK5p.s 			page 24


 1108              	.L76:
 1109              		.align	2
 1110              	.L75:
 1111 0004 00000000 		.word	mem.0
 1112              		.cfi_endproc
 1113              	.LFE94:
 1115              		.section	.text.USBD_static_free,"ax",%progbits
 1116              		.align	1
 1117              		.global	USBD_static_free
 1118              		.syntax unified
 1119              		.thumb
 1120              		.thumb_func
 1122              	USBD_static_free:
 1123              	.LVL100:
 1124              	.LFB95:
 252:USB_DEVICE/Target/usbd_conf.c **** 
 253:USB_DEVICE/Target/usbd_conf.c **** void USBD_static_free(void *p)
 254:USB_DEVICE/Target/usbd_conf.c **** {
 1125              		.loc 1 254 1 is_stmt 1 view -0
 1126              		.cfi_startproc
 1127              		@ args = 0, pretend = 0, frame = 0
 1128              		@ frame_needed = 0, uses_anonymous_args = 0
 1129              		@ link register save eliminated.
 255:USB_DEVICE/Target/usbd_conf.c ****   (void)p;
 1130              		.loc 1 255 3 view .LVU211
 256:USB_DEVICE/Target/usbd_conf.c **** }
 1131              		.loc 1 256 1 is_stmt 0 view .LVU212
 1132 0000 7047     		bx	lr
 1133              		.cfi_endproc
 1134              	.LFE95:
 1136              		.section	.bss.mem.0,"aw",%nobits
 1137              		.align	2
 1140              	mem.0:
 1141 0000 00000000 		.space	2644
 1141      00000000 
 1141      00000000 
 1141      00000000 
 1141      00000000 
 1142              		.global	hpcd_USB_FS
 1143              		.section	.bss.hpcd_USB_FS,"aw",%nobits
 1144              		.align	2
 1147              	hpcd_USB_FS:
 1148 0000 00000000 		.space	728
 1148      00000000 
 1148      00000000 
 1148      00000000 
 1148      00000000 
 1149              		.text
 1150              	.Letext0:
 1151              		.file 2 "Drivers/CMSIS/Device/ST/STM32F1xx/Include/stm32f103xb.h"
 1152              		.file 3 "/usr/lib/gcc/arm-none-eabi/13.2.1/include/stdint.h"
 1153              		.file 4 "Drivers/CMSIS/Device/ST/STM32F1xx/Include/stm32f1xx.h"
 1154              		.file 5 "Drivers/STM32F1xx_HAL_Driver/Inc/stm32f1xx_hal_def.h"
 1155              		.file 6 "Drivers/STM32F1xx_HAL_Driver/Inc/stm32f1xx_ll_usb.h"
 1156              		.file 7 "Drivers/STM32F1xx_HAL_Driver/Inc/stm32f1xx_hal_pcd.h"
 1157              		.file 8 "Middlewares/ST/STM32_USB_Device_Library/Core/Inc/usbd_def.h"
 1158              		.file 9 "Drivers/STM32F1xx_HAL_Driver/Inc/stm32f1xx_hal_pcd_ex.h"
ARM GAS  /tmp/cchwzK5p.s 			page 25


 1159              		.file 10 "Middlewares/ST/STM32_USB_Device_Library/Core/Inc/usbd_core.h"
 1160              		.file 11 "Drivers/STM32F1xx_HAL_Driver/Inc/stm32f1xx_hal.h"
 1161              		.file 12 "Drivers/STM32F1xx_HAL_Driver/Inc/stm32f1xx_hal_cortex.h"
ARM GAS  /tmp/cchwzK5p.s 			page 26


DEFINED SYMBOLS
                            *ABS*:00000000 usbd_conf.c
     /tmp/cchwzK5p.s:19     .text.HAL_PCD_MspInit:00000000 $t
     /tmp/cchwzK5p.s:25     .text.HAL_PCD_MspInit:00000000 HAL_PCD_MspInit
     /tmp/cchwzK5p.s:86     .text.HAL_PCD_MspInit:0000003c $d
     /tmp/cchwzK5p.s:91     .text.HAL_PCD_MspDeInit:00000000 $t
     /tmp/cchwzK5p.s:97     .text.HAL_PCD_MspDeInit:00000000 HAL_PCD_MspDeInit
     /tmp/cchwzK5p.s:139    .text.HAL_PCD_MspDeInit:00000020 $d
     /tmp/cchwzK5p.s:145    .text.HAL_PCD_SetupStageCallback:00000000 $t
     /tmp/cchwzK5p.s:151    .text.HAL_PCD_SetupStageCallback:00000000 HAL_PCD_SetupStageCallback
     /tmp/cchwzK5p.s:177    .text.HAL_PCD_DataOutStageCallback:00000000 $t
     /tmp/cchwzK5p.s:183    .text.HAL_PCD_DataOutStageCallback:00000000 HAL_PCD_DataOutStageCallback
     /tmp/cchwzK5p.s:211    .text.HAL_PCD_DataInStageCallback:00000000 $t
     /tmp/cchwzK5p.s:217    .text.HAL_PCD_DataInStageCallback:00000000 HAL_PCD_DataInStageCallback
     /tmp/cchwzK5p.s:245    .text.HAL_PCD_SOFCallback:00000000 $t
     /tmp/cchwzK5p.s:251    .text.HAL_PCD_SOFCallback:00000000 HAL_PCD_SOFCallback
     /tmp/cchwzK5p.s:276    .text.HAL_PCD_ResetCallback:00000000 $t
     /tmp/cchwzK5p.s:282    .text.HAL_PCD_ResetCallback:00000000 HAL_PCD_ResetCallback
     /tmp/cchwzK5p.s:314    .text.HAL_PCD_SuspendCallback:00000000 $t
     /tmp/cchwzK5p.s:320    .text.HAL_PCD_SuspendCallback:00000000 HAL_PCD_SuspendCallback
     /tmp/cchwzK5p.s:345    .text.HAL_PCD_ResumeCallback:00000000 $t
     /tmp/cchwzK5p.s:351    .text.HAL_PCD_ResumeCallback:00000000 HAL_PCD_ResumeCallback
     /tmp/cchwzK5p.s:376    .text.HAL_PCD_ISOOUTIncompleteCallback:00000000 $t
     /tmp/cchwzK5p.s:382    .text.HAL_PCD_ISOOUTIncompleteCallback:00000000 HAL_PCD_ISOOUTIncompleteCallback
     /tmp/cchwzK5p.s:407    .text.HAL_PCD_ISOINIncompleteCallback:00000000 $t
     /tmp/cchwzK5p.s:413    .text.HAL_PCD_ISOINIncompleteCallback:00000000 HAL_PCD_ISOINIncompleteCallback
     /tmp/cchwzK5p.s:438    .text.HAL_PCD_ConnectCallback:00000000 $t
     /tmp/cchwzK5p.s:444    .text.HAL_PCD_ConnectCallback:00000000 HAL_PCD_ConnectCallback
     /tmp/cchwzK5p.s:469    .text.HAL_PCD_DisconnectCallback:00000000 $t
     /tmp/cchwzK5p.s:475    .text.HAL_PCD_DisconnectCallback:00000000 HAL_PCD_DisconnectCallback
     /tmp/cchwzK5p.s:500    .text.USBD_LL_Init:00000000 $t
     /tmp/cchwzK5p.s:506    .text.USBD_LL_Init:00000000 USBD_LL_Init
     /tmp/cchwzK5p.s:597    .text.USBD_LL_Init:0000005c $d
     /tmp/cchwzK5p.s:1147   .bss.hpcd_USB_FS:00000000 hpcd_USB_FS
     /tmp/cchwzK5p.s:603    .text.USBD_LL_DeInit:00000000 $t
     /tmp/cchwzK5p.s:609    .text.USBD_LL_DeInit:00000000 USBD_LL_DeInit
     /tmp/cchwzK5p.s:636    .text.USBD_LL_Start:00000000 $t
     /tmp/cchwzK5p.s:642    .text.USBD_LL_Start:00000000 USBD_LL_Start
     /tmp/cchwzK5p.s:669    .text.USBD_LL_Stop:00000000 $t
     /tmp/cchwzK5p.s:675    .text.USBD_LL_Stop:00000000 USBD_LL_Stop
     /tmp/cchwzK5p.s:702    .text.USBD_LL_OpenEP:00000000 $t
     /tmp/cchwzK5p.s:708    .text.USBD_LL_OpenEP:00000000 USBD_LL_OpenEP
     /tmp/cchwzK5p.s:741    .text.USBD_LL_CloseEP:00000000 $t
     /tmp/cchwzK5p.s:747    .text.USBD_LL_CloseEP:00000000 USBD_LL_CloseEP
     /tmp/cchwzK5p.s:774    .text.USBD_LL_FlushEP:00000000 $t
     /tmp/cchwzK5p.s:780    .text.USBD_LL_FlushEP:00000000 USBD_LL_FlushEP
     /tmp/cchwzK5p.s:807    .text.USBD_LL_StallEP:00000000 $t
     /tmp/cchwzK5p.s:813    .text.USBD_LL_StallEP:00000000 USBD_LL_StallEP
     /tmp/cchwzK5p.s:840    .text.USBD_LL_ClearStallEP:00000000 $t
     /tmp/cchwzK5p.s:846    .text.USBD_LL_ClearStallEP:00000000 USBD_LL_ClearStallEP
     /tmp/cchwzK5p.s:873    .text.USBD_LL_IsStallEP:00000000 $t
     /tmp/cchwzK5p.s:879    .text.USBD_LL_IsStallEP:00000000 USBD_LL_IsStallEP
     /tmp/cchwzK5p.s:927    .text.USBD_LL_SetUSBAddress:00000000 $t
     /tmp/cchwzK5p.s:933    .text.USBD_LL_SetUSBAddress:00000000 USBD_LL_SetUSBAddress
     /tmp/cchwzK5p.s:960    .text.USBD_LL_Transmit:00000000 $t
     /tmp/cchwzK5p.s:966    .text.USBD_LL_Transmit:00000000 USBD_LL_Transmit
     /tmp/cchwzK5p.s:993    .text.USBD_LL_PrepareReceive:00000000 $t
ARM GAS  /tmp/cchwzK5p.s 			page 27


     /tmp/cchwzK5p.s:999    .text.USBD_LL_PrepareReceive:00000000 USBD_LL_PrepareReceive
     /tmp/cchwzK5p.s:1026   .text.USBD_LL_GetRxDataSize:00000000 $t
     /tmp/cchwzK5p.s:1032   .text.USBD_LL_GetRxDataSize:00000000 USBD_LL_GetRxDataSize
     /tmp/cchwzK5p.s:1058   .text.USBD_LL_Delay:00000000 $t
     /tmp/cchwzK5p.s:1064   .text.USBD_LL_Delay:00000000 USBD_LL_Delay
     /tmp/cchwzK5p.s:1086   .text.USBD_static_malloc:00000000 $t
     /tmp/cchwzK5p.s:1092   .text.USBD_static_malloc:00000000 USBD_static_malloc
     /tmp/cchwzK5p.s:1111   .text.USBD_static_malloc:00000004 $d
     /tmp/cchwzK5p.s:1140   .bss.mem.0:00000000 mem.0
     /tmp/cchwzK5p.s:1116   .text.USBD_static_free:00000000 $t
     /tmp/cchwzK5p.s:1122   .text.USBD_static_free:00000000 USBD_static_free
     /tmp/cchwzK5p.s:1137   .bss.mem.0:00000000 $d
     /tmp/cchwzK5p.s:1144   .bss.hpcd_USB_FS:00000000 $d

UNDEFINED SYMBOLS
HAL_NVIC_SetPriority
HAL_NVIC_EnableIRQ
HAL_NVIC_DisableIRQ
USBD_LL_SetupStage
USBD_LL_DataOutStage
USBD_LL_DataInStage
USBD_LL_SOF
USBD_LL_SetSpeed
USBD_LL_Reset
USBD_LL_Suspend
USBD_LL_Resume
USBD_LL_IsoOUTIncomplete
USBD_LL_IsoINIncomplete
USBD_LL_DevConnected
USBD_LL_DevDisconnected
HAL_PCD_Init
HAL_PCDEx_PMAConfig
HAL_PCD_DeInit
HAL_PCD_Start
HAL_PCD_Stop
HAL_PCD_EP_Open
HAL_PCD_EP_Close
HAL_PCD_EP_Flush
HAL_PCD_EP_SetStall
HAL_PCD_EP_ClrStall
HAL_PCD_SetAddress
HAL_PCD_EP_Transmit
HAL_PCD_EP_Receive
HAL_PCD_EP_GetRxCount
HAL_Delay
