ARM GAS  /tmp/ccyjOcDE.s 			page 1


   1              		.cpu cortex-m3
   2              		.arch armv7-m
   3              		.fpu softvfp
   4              		.eabi_attribute 20, 1
   5              		.eabi_attribute 21, 1
   6              		.eabi_attribute 23, 3
   7              		.eabi_attribute 24, 1
   8              		.eabi_attribute 25, 1
   9              		.eabi_attribute 26, 1
  10              		.eabi_attribute 30, 1
  11              		.eabi_attribute 34, 1
  12              		.eabi_attribute 18, 4
  13              		.file	"stm32f1xx_it.c"
  14              		.text
  15              	.Ltext0:
  16              		.cfi_sections	.debug_frame
  17              		.file 1 "Core/Src/stm32f1xx_it.c"
  18              		.section	.text.NMI_Handler,"ax",%progbits
  19              		.align	1
  20              		.global	NMI_Handler
  21              		.syntax unified
  22              		.thumb
  23              		.thumb_func
  25              	NMI_Handler:
  26              	.LFB65:
   1:Core/Src/stm32f1xx_it.c **** /* USER CODE BEGIN Header */
   2:Core/Src/stm32f1xx_it.c **** /**
   3:Core/Src/stm32f1xx_it.c ****   ******************************************************************************
   4:Core/Src/stm32f1xx_it.c ****   * @file    stm32f1xx_it.c
   5:Core/Src/stm32f1xx_it.c ****   * @brief   Interrupt Service Routines.
   6:Core/Src/stm32f1xx_it.c ****   ******************************************************************************
   7:Core/Src/stm32f1xx_it.c ****   */
   8:Core/Src/stm32f1xx_it.c **** /* USER CODE END Header */
   9:Core/Src/stm32f1xx_it.c **** 
  10:Core/Src/stm32f1xx_it.c **** #include "main.h"
  11:Core/Src/stm32f1xx_it.c **** #include "adc.h"
  12:Core/Src/stm32f1xx_it.c **** #include "tim.h"
  13:Core/Src/stm32f1xx_it.c **** #include "stm32f1xx_it.h"
  14:Core/Src/stm32f1xx_it.c **** 
  15:Core/Src/stm32f1xx_it.c **** /* USB PCDハンドル (USB_DEVICE/Target/usbd_conf.c で定義) */
  16:Core/Src/stm32f1xx_it.c **** extern PCD_HandleTypeDef hpcd_USB_FS;
  17:Core/Src/stm32f1xx_it.c **** 
  18:Core/Src/stm32f1xx_it.c **** /******************************************************************************/
  19:Core/Src/stm32f1xx_it.c **** /*           Cortex-M3 Processor Interruption and Exception Handlers         */
  20:Core/Src/stm32f1xx_it.c **** /******************************************************************************/
  21:Core/Src/stm32f1xx_it.c **** 
  22:Core/Src/stm32f1xx_it.c **** void NMI_Handler(void)
  23:Core/Src/stm32f1xx_it.c **** {
  27              		.loc 1 23 1 view -0
  28              		.cfi_startproc
  29              		@ Volatile: function does not return.
  30              		@ args = 0, pretend = 0, frame = 0
  31              		@ frame_needed = 0, uses_anonymous_args = 0
  32              		@ link register save eliminated.
  33              	.L2:
  24:Core/Src/stm32f1xx_it.c ****   while (1) { }
  34              		.loc 1 24 3 view .LVU1
ARM GAS  /tmp/ccyjOcDE.s 			page 2


  35              		.loc 1 24 15 view .LVU2
  36              		.loc 1 24 9 view .LVU3
  37 0000 FEE7     		b	.L2
  38              		.cfi_endproc
  39              	.LFE65:
  41              		.section	.text.HardFault_Handler,"ax",%progbits
  42              		.align	1
  43              		.global	HardFault_Handler
  44              		.syntax unified
  45              		.thumb
  46              		.thumb_func
  48              	HardFault_Handler:
  49              	.LFB66:
  25:Core/Src/stm32f1xx_it.c **** }
  26:Core/Src/stm32f1xx_it.c **** 
  27:Core/Src/stm32f1xx_it.c **** void HardFault_Handler(void)
  28:Core/Src/stm32f1xx_it.c **** {
  50              		.loc 1 28 1 view -0
  51              		.cfi_startproc
  52              		@ Volatile: function does not return.
  53              		@ args = 0, pretend = 0, frame = 0
  54              		@ frame_needed = 0, uses_anonymous_args = 0
  55              		@ link register save eliminated.
  56              	.L4:
  29:Core/Src/stm32f1xx_it.c ****   while (1) { }
  57              		.loc 1 29 3 view .LVU5
  58              		.loc 1 29 15 view .LVU6
  59              		.loc 1 29 9 view .LVU7
  60 0000 FEE7     		b	.L4
  61              		.cfi_endproc
  62              	.LFE66:
  64              		.section	.text.MemManage_Handler,"ax",%progbits
  65              		.align	1
  66              		.global	MemManage_Handler
  67              		.syntax unified
  68              		.thumb
  69              		.thumb_func
  71              	MemManage_Handler:
  72              	.LFB67:
  30:Core/Src/stm32f1xx_it.c **** }
  31:Core/Src/stm32f1xx_it.c **** 
  32:Core/Src/stm32f1xx_it.c **** void MemManage_Handler(void)
  33:Core/Src/stm32f1xx_it.c **** {
  73              		.loc 1 33 1 view -0
  74              		.cfi_startproc
  75              		@ Volatile: function does not return.
  76              		@ args = 0, pretend = 0, frame = 0
  77              		@ frame_needed = 0, uses_anonymous_args = 0
  78              		@ link register save eliminated.
  79              	.L6:
  34:Core/Src/stm32f1xx_it.c ****   while (1) { }
  80              		.loc 1 34 3 view .LVU9
  81              		.loc 1 34 15 view .LVU10
  82              		.loc 1 34 9 view .LVU11
  83 0000 FEE7     		b	.L6
  84              		.cfi_endproc
  85              	.LFE67:
ARM GAS  /tmp/ccyjOcDE.s 			page 3


  87              		.section	.text.BusFault_Handler,"ax",%progbits
  88              		.align	1
  89              		.global	BusFault_Handler
  90              		.syntax unified
  91              		.thumb
  92              		.thumb_func
  94              	BusFault_Handler:
  95              	.LFB68:
  35:Core/Src/stm32f1xx_it.c **** }
  36:Core/Src/stm32f1xx_it.c **** 
  37:Core/Src/stm32f1xx_it.c **** void BusFault_Handler(void)
  38:Core/Src/stm32f1xx_it.c **** {
  96              		.loc 1 38 1 view -0
  97              		.cfi_startproc
  98              		@ Volatile: function does not return.
  99              		@ args = 0, pretend = 0, frame = 0
 100              		@ frame_needed = 0, uses_anonymous_args = 0
 101              		@ link register save eliminated.
 102              	.L8:
  39:Core/Src/stm32f1xx_it.c ****   while (1) { }
 103              		.loc 1 39 3 view .LVU13
 104              		.loc 1 39 15 view .LVU14
 105              		.loc 1 39 9 view .LVU15
 106 0000 FEE7     		b	.L8
 107              		.cfi_endproc
 108              	.LFE68:
 110              		.section	.text.UsageFault_Handler,"ax",%progbits
 111              		.align	1
 112              		.global	UsageFault_Handler
 113              		.syntax unified
 114              		.thumb
 115              		.thumb_func
 117              	UsageFault_Handler:
 118              	.LFB69:
  40:Core/Src/stm32f1xx_it.c **** }
  41:Core/Src/stm32f1xx_it.c **** 
  42:Core/Src/stm32f1xx_it.c **** void UsageFault_Handler(void)
  43:Core/Src/stm32f1xx_it.c **** {
 119              		.loc 1 43 1 view -0
 120              		.cfi_startproc
 121              		@ Volatile: function does not return.
 122              		@ args = 0, pretend = 0, frame = 0
 123              		@ frame_needed = 0, uses_anonymous_args = 0
 124              		@ link register save eliminated.
 125              	.L10:
  44:Core/Src/stm32f1xx_it.c ****   while (1) { }
 126              		.loc 1 44 3 view .LVU17
 127              		.loc 1 44 15 view .LVU18
 128              		.loc 1 44 9 view .LVU19
 129 0000 FEE7     		b	.L10
 130              		.cfi_endproc
 131              	.LFE69:
 133              		.section	.text.SVC_Handler,"ax",%progbits
 134              		.align	1
 135              		.global	SVC_Handler
 136              		.syntax unified
 137              		.thumb
ARM GAS  /tmp/ccyjOcDE.s 			page 4


 138              		.thumb_func
 140              	SVC_Handler:
 141              	.LFB70:
  45:Core/Src/stm32f1xx_it.c **** }
  46:Core/Src/stm32f1xx_it.c **** 
  47:Core/Src/stm32f1xx_it.c **** void SVC_Handler(void)
  48:Core/Src/stm32f1xx_it.c **** {
 142              		.loc 1 48 1 view -0
 143              		.cfi_startproc
 144              		@ args = 0, pretend = 0, frame = 0
 145              		@ frame_needed = 0, uses_anonymous_args = 0
 146              		@ link register save eliminated.
  49:Core/Src/stm32f1xx_it.c **** }
 147              		.loc 1 49 1 view .LVU21
 148 0000 7047     		bx	lr
 149              		.cfi_endproc
 150              	.LFE70:
 152              		.section	.text.DebugMon_Handler,"ax",%progbits
 153              		.align	1
 154              		.global	DebugMon_Handler
 155              		.syntax unified
 156              		.thumb
 157              		.thumb_func
 159              	DebugMon_Handler:
 160              	.LFB71:
  50:Core/Src/stm32f1xx_it.c **** 
  51:Core/Src/stm32f1xx_it.c **** void DebugMon_Handler(void)
  52:Core/Src/stm32f1xx_it.c **** {
 161              		.loc 1 52 1 view -0
 162              		.cfi_startproc
 163              		@ args = 0, pretend = 0, frame = 0
 164              		@ frame_needed = 0, uses_anonymous_args = 0
 165              		@ link register save eliminated.
  53:Core/Src/stm32f1xx_it.c **** }
 166              		.loc 1 53 1 view .LVU23
 167 0000 7047     		bx	lr
 168              		.cfi_endproc
 169              	.LFE71:
 171              		.section	.text.PendSV_Handler,"ax",%progbits
 172              		.align	1
 173              		.global	PendSV_Handler
 174              		.syntax unified
 175              		.thumb
 176              		.thumb_func
 178              	PendSV_Handler:
 179              	.LFB72:
  54:Core/Src/stm32f1xx_it.c **** 
  55:Core/Src/stm32f1xx_it.c **** void PendSV_Handler(void)
  56:Core/Src/stm32f1xx_it.c **** {
 180              		.loc 1 56 1 view -0
 181              		.cfi_startproc
 182              		@ args = 0, pretend = 0, frame = 0
 183              		@ frame_needed = 0, uses_anonymous_args = 0
 184              		@ link register save eliminated.
  57:Core/Src/stm32f1xx_it.c **** }
 185              		.loc 1 57 1 view .LVU25
 186 0000 7047     		bx	lr
ARM GAS  /tmp/ccyjOcDE.s 			page 5


 187              		.cfi_endproc
 188              	.LFE72:
 190              		.section	.text.SysTick_Handler,"ax",%progbits
 191              		.align	1
 192              		.global	SysTick_Handler
 193              		.syntax unified
 194              		.thumb
 195              		.thumb_func
 197              	SysTick_Handler:
 198              	.LFB73:
  58:Core/Src/stm32f1xx_it.c **** 
  59:Core/Src/stm32f1xx_it.c **** void SysTick_Handler(void)
  60:Core/Src/stm32f1xx_it.c **** {
 199              		.loc 1 60 1 view -0
 200              		.cfi_startproc
 201              		@ args = 0, pretend = 0, frame = 0
 202              		@ frame_needed = 0, uses_anonymous_args = 0
 203 0000 08B5     		push	{r3, lr}
 204              	.LCFI0:
 205              		.cfi_def_cfa_offset 8
 206              		.cfi_offset 3, -8
 207              		.cfi_offset 14, -4
  61:Core/Src/stm32f1xx_it.c ****   HAL_IncTick();
 208              		.loc 1 61 3 view .LVU27
 209 0002 FFF7FEFF 		bl	HAL_IncTick
 210              	.LVL0:
  62:Core/Src/stm32f1xx_it.c **** }
 211              		.loc 1 62 1 is_stmt 0 view .LVU28
 212 0006 08BD     		pop	{r3, pc}
 213              		.cfi_endproc
 214              	.LFE73:
 216              		.section	.text.DMA1_Channel1_IRQHandler,"ax",%progbits
 217              		.align	1
 218              		.global	DMA1_Channel1_IRQHandler
 219              		.syntax unified
 220              		.thumb
 221              		.thumb_func
 223              	DMA1_Channel1_IRQHandler:
 224              	.LFB74:
  63:Core/Src/stm32f1xx_it.c **** 
  64:Core/Src/stm32f1xx_it.c **** /******************************************************************************/
  65:Core/Src/stm32f1xx_it.c **** /* STM32F1xx Peripheral Interrupt Handlers                                  */
  66:Core/Src/stm32f1xx_it.c **** /* このセクションに追加した割り込みハンドラは、CubeMXが自動生成する   
  67:Core/Src/stm32f1xx_it.c **** /* 対応するIRQ関数名(startup_stm32f103xb.s のベクタテーブル)と一致させること
  68:Core/Src/stm32f1xx_it.c **** /******************************************************************************/
  69:Core/Src/stm32f1xx_it.c **** 
  70:Core/Src/stm32f1xx_it.c **** /**
  71:Core/Src/stm32f1xx_it.c ****   * @brief DMA1 Channel1 割り込みハンドラ (ADC1用DMA転送完了)
  72:Core/Src/stm32f1xx_it.c ****   * @retval None
  73:Core/Src/stm32f1xx_it.c ****   */
  74:Core/Src/stm32f1xx_it.c **** void DMA1_Channel1_IRQHandler(void)
  75:Core/Src/stm32f1xx_it.c **** {
 225              		.loc 1 75 1 is_stmt 1 view -0
 226              		.cfi_startproc
 227              		@ args = 0, pretend = 0, frame = 0
 228              		@ frame_needed = 0, uses_anonymous_args = 0
 229 0000 08B5     		push	{r3, lr}
ARM GAS  /tmp/ccyjOcDE.s 			page 6


 230              	.LCFI1:
 231              		.cfi_def_cfa_offset 8
 232              		.cfi_offset 3, -8
 233              		.cfi_offset 14, -4
  76:Core/Src/stm32f1xx_it.c ****   HAL_DMA_IRQHandler(&hdma_adc1);
 234              		.loc 1 76 3 view .LVU30
 235 0002 0248     		ldr	r0, .L18
 236 0004 FFF7FEFF 		bl	HAL_DMA_IRQHandler
 237              	.LVL1:
  77:Core/Src/stm32f1xx_it.c **** }
 238              		.loc 1 77 1 is_stmt 0 view .LVU31
 239 0008 08BD     		pop	{r3, pc}
 240              	.L19:
 241 000a 00BF     		.align	2
 242              	.L18:
 243 000c 00000000 		.word	hdma_adc1
 244              		.cfi_endproc
 245              	.LFE74:
 247              		.section	.text.TIM4_IRQHandler,"ax",%progbits
 248              		.align	1
 249              		.global	TIM4_IRQHandler
 250              		.syntax unified
 251              		.thumb
 252              		.thumb_func
 254              	TIM4_IRQHandler:
 255              	.LFB75:
  78:Core/Src/stm32f1xx_it.c **** 
  79:Core/Src/stm32f1xx_it.c **** /**
  80:Core/Src/stm32f1xx_it.c ****   * @brief TIM4 割り込みハンドラ (USBオーディオ サンプルレートタイマー)
  81:Core/Src/stm32f1xx_it.c ****   * @retval None
  82:Core/Src/stm32f1xx_it.c ****   */
  83:Core/Src/stm32f1xx_it.c **** void TIM4_IRQHandler(void)
  84:Core/Src/stm32f1xx_it.c **** {
 256              		.loc 1 84 1 is_stmt 1 view -0
 257              		.cfi_startproc
 258              		@ args = 0, pretend = 0, frame = 0
 259              		@ frame_needed = 0, uses_anonymous_args = 0
 260 0000 08B5     		push	{r3, lr}
 261              	.LCFI2:
 262              		.cfi_def_cfa_offset 8
 263              		.cfi_offset 3, -8
 264              		.cfi_offset 14, -4
  85:Core/Src/stm32f1xx_it.c ****   HAL_TIM_IRQHandler(&htim4);
 265              		.loc 1 85 3 view .LVU33
 266 0002 0248     		ldr	r0, .L22
 267 0004 FFF7FEFF 		bl	HAL_TIM_IRQHandler
 268              	.LVL2:
  86:Core/Src/stm32f1xx_it.c **** }
 269              		.loc 1 86 1 is_stmt 0 view .LVU34
 270 0008 08BD     		pop	{r3, pc}
 271              	.L23:
 272 000a 00BF     		.align	2
 273              	.L22:
 274 000c 00000000 		.word	htim4
 275              		.cfi_endproc
 276              	.LFE75:
 278              		.section	.text.USB_LP_CAN1_RX0_IRQHandler,"ax",%progbits
ARM GAS  /tmp/ccyjOcDE.s 			page 7


 279              		.align	1
 280              		.global	USB_LP_CAN1_RX0_IRQHandler
 281              		.syntax unified
 282              		.thumb
 283              		.thumb_func
 285              	USB_LP_CAN1_RX0_IRQHandler:
 286              	.LFB76:
  87:Core/Src/stm32f1xx_it.c **** 
  88:Core/Src/stm32f1xx_it.c **** /**
  89:Core/Src/stm32f1xx_it.c ****   * @brief USB低優先度割り込みハンドラ (CAN1_RX0と共有ベクタ)
  90:Core/Src/stm32f1xx_it.c ****   *        STM32F103C8T6はCAN1を搭載しているためこのベクタ名になる。
  91:Core/Src/stm32f1xx_it.c ****   * @retval None
  92:Core/Src/stm32f1xx_it.c ****   */
  93:Core/Src/stm32f1xx_it.c **** void USB_LP_CAN1_RX0_IRQHandler(void)
  94:Core/Src/stm32f1xx_it.c **** {
 287              		.loc 1 94 1 is_stmt 1 view -0
 288              		.cfi_startproc
 289              		@ args = 0, pretend = 0, frame = 0
 290              		@ frame_needed = 0, uses_anonymous_args = 0
 291 0000 08B5     		push	{r3, lr}
 292              	.LCFI3:
 293              		.cfi_def_cfa_offset 8
 294              		.cfi_offset 3, -8
 295              		.cfi_offset 14, -4
  95:Core/Src/stm32f1xx_it.c ****   HAL_PCD_IRQHandler(&hpcd_USB_FS);
 296              		.loc 1 95 3 view .LVU36
 297 0002 0248     		ldr	r0, .L26
 298 0004 FFF7FEFF 		bl	HAL_PCD_IRQHandler
 299              	.LVL3:
  96:Core/Src/stm32f1xx_it.c **** }
 300              		.loc 1 96 1 is_stmt 0 view .LVU37
 301 0008 08BD     		pop	{r3, pc}
 302              	.L27:
 303 000a 00BF     		.align	2
 304              	.L26:
 305 000c 00000000 		.word	hpcd_USB_FS
 306              		.cfi_endproc
 307              	.LFE76:
 309              		.text
 310              	.Letext0:
 311              		.file 2 "/usr/lib/gcc/arm-none-eabi/13.2.1/include/stdint.h"
 312              		.file 3 "Drivers/CMSIS/Device/ST/STM32F1xx/Include/stm32f103xb.h"
 313              		.file 4 "Drivers/STM32F1xx_HAL_Driver/Inc/stm32f1xx_hal_def.h"
 314              		.file 5 "Drivers/STM32F1xx_HAL_Driver/Inc/stm32f1xx_hal_dma.h"
 315              		.file 6 "Drivers/STM32F1xx_HAL_Driver/Inc/stm32f1xx_hal_tim.h"
 316              		.file 7 "Drivers/STM32F1xx_HAL_Driver/Inc/stm32f1xx_ll_usb.h"
 317              		.file 8 "Drivers/STM32F1xx_HAL_Driver/Inc/stm32f1xx_hal_pcd.h"
 318              		.file 9 "Core/Inc/adc.h"
 319              		.file 10 "Core/Inc/tim.h"
 320              		.file 11 "Drivers/STM32F1xx_HAL_Driver/Inc/stm32f1xx_hal.h"
ARM GAS  /tmp/ccyjOcDE.s 			page 8


DEFINED SYMBOLS
                            *ABS*:00000000 stm32f1xx_it.c
     /tmp/ccyjOcDE.s:19     .text.NMI_Handler:00000000 $t
     /tmp/ccyjOcDE.s:25     .text.NMI_Handler:00000000 NMI_Handler
     /tmp/ccyjOcDE.s:42     .text.HardFault_Handler:00000000 $t
     /tmp/ccyjOcDE.s:48     .text.HardFault_Handler:00000000 HardFault_Handler
     /tmp/ccyjOcDE.s:65     .text.MemManage_Handler:00000000 $t
     /tmp/ccyjOcDE.s:71     .text.MemManage_Handler:00000000 MemManage_Handler
     /tmp/ccyjOcDE.s:88     .text.BusFault_Handler:00000000 $t
     /tmp/ccyjOcDE.s:94     .text.BusFault_Handler:00000000 BusFault_Handler
     /tmp/ccyjOcDE.s:111    .text.UsageFault_Handler:00000000 $t
     /tmp/ccyjOcDE.s:117    .text.UsageFault_Handler:00000000 UsageFault_Handler
     /tmp/ccyjOcDE.s:134    .text.SVC_Handler:00000000 $t
     /tmp/ccyjOcDE.s:140    .text.SVC_Handler:00000000 SVC_Handler
     /tmp/ccyjOcDE.s:153    .text.DebugMon_Handler:00000000 $t
     /tmp/ccyjOcDE.s:159    .text.DebugMon_Handler:00000000 DebugMon_Handler
     /tmp/ccyjOcDE.s:172    .text.PendSV_Handler:00000000 $t
     /tmp/ccyjOcDE.s:178    .text.PendSV_Handler:00000000 PendSV_Handler
     /tmp/ccyjOcDE.s:191    .text.SysTick_Handler:00000000 $t
     /tmp/ccyjOcDE.s:197    .text.SysTick_Handler:00000000 SysTick_Handler
     /tmp/ccyjOcDE.s:217    .text.DMA1_Channel1_IRQHandler:00000000 $t
     /tmp/ccyjOcDE.s:223    .text.DMA1_Channel1_IRQHandler:00000000 DMA1_Channel1_IRQHandler
     /tmp/ccyjOcDE.s:243    .text.DMA1_Channel1_IRQHandler:0000000c $d
     /tmp/ccyjOcDE.s:248    .text.TIM4_IRQHandler:00000000 $t
     /tmp/ccyjOcDE.s:254    .text.TIM4_IRQHandler:00000000 TIM4_IRQHandler
     /tmp/ccyjOcDE.s:274    .text.TIM4_IRQHandler:0000000c $d
     /tmp/ccyjOcDE.s:279    .text.USB_LP_CAN1_RX0_IRQHandler:00000000 $t
     /tmp/ccyjOcDE.s:285    .text.USB_LP_CAN1_RX0_IRQHandler:00000000 USB_LP_CAN1_RX0_IRQHandler
     /tmp/ccyjOcDE.s:305    .text.USB_LP_CAN1_RX0_IRQHandler:0000000c $d

UNDEFINED SYMBOLS
HAL_IncTick
HAL_DMA_IRQHandler
hdma_adc1
HAL_TIM_IRQHandler
htim4
HAL_PCD_IRQHandler
hpcd_USB_FS
