ARM GAS  /tmp/ccvADxDw.s 			page 1


   1              		.cpu cortex-m3
   2              		.arch armv7-m
   3              		.fpu softvfp
   4              		.eabi_attribute 20, 1
   5              		.eabi_attribute 21, 1
   6              		.eabi_attribute 23, 3
   7              		.eabi_attribute 24, 1
   8              		.eabi_attribute 25, 1
   9              		.eabi_attribute 26, 1
  10              		.eabi_attribute 30, 1
  11              		.eabi_attribute 34, 1
  12              		.eabi_attribute 18, 4
  13              		.file	"main.c"
  14              		.text
  15              	.Ltext0:
  16              		.cfi_sections	.debug_frame
  17              		.file 1 "Core/Src/main.c"
  18              		.section	.text.TIM1_UpdatePWMFromADC,"ax",%progbits
  19              		.align	1
  20              		.syntax unified
  21              		.thumb
  22              		.thumb_func
  24              	TIM1_UpdatePWMFromADC:
  25              	.LVL0:
  26              	.LFB71:
   1:Core/Src/main.c **** /* USER CODE BEGIN Header */
   2:Core/Src/main.c **** /**
   3:Core/Src/main.c ****   ******************************************************************************
   4:Core/Src/main.c ****   * @file           : main.c
   5:Core/Src/main.c ****   * @brief          : Main program body
   6:Core/Src/main.c ****   *
   7:Core/Src/main.c ****   * STM32F103C8T6 USB Audio -> Stereo BTL Class-D DAC (CubeMX HAL, Cベアメタル)
   8:Core/Src/main.c ****   *
   9:Core/Src/main.c ****   *   TIM1  : 120kHz 相補PWM (CH1/CH1N, CH2/CH2N), DeadTime = 7
  10:Core/Src/main.c ****   *   TIM3  : 120kHz Update -> TRGO -> ADC1 外部トリガー
  11:Core/Src/main.c ****   *   TIM4  : USBオーディオ サンプルレート(16kHz)割り込みタイマー
  12:Core/Src/main.c ****   *   ADC1  : CH8(PB0=LEFT), CH9(PB1=RIGHT) -> DMA1 Channel1 循環転送
  13:Core/Src/main.c ****   *           (USBオーディオ再生中はCCR書き込みを一時停止、非再生時は有効
  14:Core/Src/main.c ****   *   USART2: 115200bps (PA2=TX, PA3=RX)
  15:Core/Src/main.c ****   *   USB   : USB Audio Class 1.0 (16bit/16kHz/stereo) スピーカーとしてPCに認識
  16:Core/Src/main.c ****   ******************************************************************************
  17:Core/Src/main.c ****   */
  18:Core/Src/main.c **** /* USER CODE END Header */
  19:Core/Src/main.c **** 
  20:Core/Src/main.c **** #include "main.h"
  21:Core/Src/main.c **** #include "adc.h"
  22:Core/Src/main.c **** #include "dma.h"
  23:Core/Src/main.c **** #include "tim.h"
  24:Core/Src/main.c **** #include "usart.h"
  25:Core/Src/main.c **** #include "gpio.h"
  26:Core/Src/main.c **** #include "usb_device.h"
  27:Core/Src/main.c **** #include "usbd_audio_if.h"
  28:Core/Src/main.c **** #include <stdio.h>
  29:Core/Src/main.c **** #include <string.h>
  30:Core/Src/main.c **** 
  31:Core/Src/main.c **** /* Private function prototypes -----------------------------------------------*/
  32:Core/Src/main.c **** void SystemClock_Config(void);
ARM GAS  /tmp/ccvADxDw.s 			page 2


  33:Core/Src/main.c **** static void TIM1_UpdatePWMFromADC(uint16_t left, uint16_t right);
  34:Core/Src/main.c **** static void UART2_Print(const char *s);
  35:Core/Src/main.c **** static void UART2_PrintPCM8Debug(void);
  36:Core/Src/main.c **** 
  37:Core/Src/main.c **** /**
  38:Core/Src/main.c ****   * @brief  The application entry point.
  39:Core/Src/main.c ****   * @retval int
  40:Core/Src/main.c ****   */
  41:Core/Src/main.c **** int main(void)
  42:Core/Src/main.c **** {
  43:Core/Src/main.c ****   /* MCU Configuration--------------------------------------------------------*/
  44:Core/Src/main.c ****   HAL_Init();
  45:Core/Src/main.c **** 
  46:Core/Src/main.c ****   /* Configure the system clock : HSE 8MHz -> PLLx9 -> 72MHz */
  47:Core/Src/main.c ****   SystemClock_Config();
  48:Core/Src/main.c **** 
  49:Core/Src/main.c ****   /* Initialize all configured peripherals */
  50:Core/Src/main.c ****   MX_GPIO_Init();
  51:Core/Src/main.c ****   MX_DMA_Init();
  52:Core/Src/main.c ****   MX_ADC1_Init();
  53:Core/Src/main.c ****   MX_TIM1_Init();
  54:Core/Src/main.c ****   MX_TIM3_Init();
  55:Core/Src/main.c ****   MX_TIM4_Init();     /* USBオーディオ サンプルレート(16kHz)タイマー */
  56:Core/Src/main.c ****   MX_USART2_UART_Init();
  57:Core/Src/main.c **** 
  58:Core/Src/main.c ****   /* USER CODE BEGIN 2 */
  59:Core/Src/main.c **** 
  60:Core/Src/main.c ****   /* ADC1 キャリブレーション (F1では起動直後に必須) */
  61:Core/Src/main.c ****   if (HAL_ADCEx_Calibration_Start(&hadc1) != HAL_OK)
  62:Core/Src/main.c ****   {
  63:Core/Src/main.c ****     Error_Handler();
  64:Core/Src/main.c ****   }
  65:Core/Src/main.c **** 
  66:Core/Src/main.c ****   /* TIM1 相補PWM開始 (CH1/CH1N=LEFT, CH2/CH2N=RIGHT) */
  67:Core/Src/main.c ****   if (HAL_TIM_PWM_Start(&htim1, TIM_CHANNEL_1) != HAL_OK)
  68:Core/Src/main.c ****   {
  69:Core/Src/main.c ****     Error_Handler();
  70:Core/Src/main.c ****   }
  71:Core/Src/main.c ****   if (HAL_TIMEx_PWMN_Start(&htim1, TIM_CHANNEL_1) != HAL_OK)
  72:Core/Src/main.c ****   {
  73:Core/Src/main.c ****     Error_Handler();
  74:Core/Src/main.c ****   }
  75:Core/Src/main.c ****   if (HAL_TIM_PWM_Start(&htim1, TIM_CHANNEL_2) != HAL_OK)
  76:Core/Src/main.c ****   {
  77:Core/Src/main.c ****     Error_Handler();
  78:Core/Src/main.c ****   }
  79:Core/Src/main.c ****   if (HAL_TIMEx_PWMN_Start(&htim1, TIM_CHANNEL_2) != HAL_OK)
  80:Core/Src/main.c ****   {
  81:Core/Src/main.c ****     Error_Handler();
  82:Core/Src/main.c ****   }
  83:Core/Src/main.c **** 
  84:Core/Src/main.c ****   /* ADC1 + DMA開始 (TIM3 TRGOトリガー待ち) */
  85:Core/Src/main.c ****   if (HAL_ADC_Start_DMA(&hadc1, (uint32_t *)adc_buf, ADC_BUF_SIZE) != HAL_OK)
  86:Core/Src/main.c ****   {
  87:Core/Src/main.c ****     Error_Handler();
  88:Core/Src/main.c ****   }
  89:Core/Src/main.c **** 
ARM GAS  /tmp/ccvADxDw.s 			page 3


  90:Core/Src/main.c ****   /* TIM3開始 (Update -> TRGO -> ADC1トリガー) */
  91:Core/Src/main.c ****   if (HAL_TIM_Base_Start(&htim3) != HAL_OK)
  92:Core/Src/main.c ****   {
  93:Core/Src/main.c ****     Error_Handler();
  94:Core/Src/main.c ****   }
  95:Core/Src/main.c **** 
  96:Core/Src/main.c ****   /* USART2 起動メッセージ */
  97:Core/Src/main.c ****   UART2_Print("STM32 USB Audio DAC v1 (bare-metal HAL) START\r\n");
  98:Core/Src/main.c **** 
  99:Core/Src/main.c ****   /* USB Audio Class デバイス初期化 (16bit / 16kHz / stereo) */
 100:Core/Src/main.c ****   MX_USB_DEVICE_Init();
 101:Core/Src/main.c ****   UART2_Print("USB Audio Class device started\r\n");
 102:Core/Src/main.c **** 
 103:Core/Src/main.c ****   /* USER CODE END 2 */
 104:Core/Src/main.c **** 
 105:Core/Src/main.c ****   /* Infinite loop */
 106:Core/Src/main.c ****   /* USER CODE BEGIN WHILE */
 107:Core/Src/main.c ****   uint32_t led_last_tick = HAL_GetTick();
 108:Core/Src/main.c ****   while (1)
 109:Core/Src/main.c ****   {
 110:Core/Src/main.c ****     UART2_PrintPCM8Debug();
 111:Core/Src/main.c **** 
 112:Core/Src/main.c ****     if ((HAL_GetTick() - led_last_tick) >= 500U)
 113:Core/Src/main.c ****     {
 114:Core/Src/main.c ****       led_last_tick = HAL_GetTick();
 115:Core/Src/main.c ****       HAL_GPIO_TogglePin(LED_GPIO_Port, LED_Pin);
 116:Core/Src/main.c **** 
 117:Core/Src/main.c ****       if (g_usb_audio_playing)
 118:Core/Src/main.c ****       {
 119:Core/Src/main.c ****         UART2_Print("[status] USB audio playing -> PWM\r\n");
 120:Core/Src/main.c ****       }
 121:Core/Src/main.c ****       else
 122:Core/Src/main.c ****       {
 123:Core/Src/main.c ****         UART2_Print("[status] ADC analog input -> PWM\r\n");
 124:Core/Src/main.c ****       }
 125:Core/Src/main.c ****     }
 126:Core/Src/main.c ****   }
 127:Core/Src/main.c ****   /* USER CODE END WHILE */
 128:Core/Src/main.c **** }
 129:Core/Src/main.c **** 
 130:Core/Src/main.c **** /* USER CODE BEGIN 4 */
 131:Core/Src/main.c **** 
 132:Core/Src/main.c **** /**
 133:Core/Src/main.c ****   * @brief ADC 変換完了コールバック
 134:Core/Src/main.c ****   *
 135:Core/Src/main.c ****   *   DMA1_Channel1_IRQHandler()
 136:Core/Src/main.c ****   *       -> HAL_DMA_IRQHandler()
 137:Core/Src/main.c ****   *       -> HAL_ADC_ConvCpltCallback()
 138:Core/Src/main.c ****   *
 139:Core/Src/main.c ****   * USBオーディオ再生中(g_usb_audio_playing==1)は、TIM1のCCRを
 140:Core/Src/main.c ****   * usbd_audio_if.c 側(TIM4割り込み)が書き込んでいるため、ここでの
 141:Core/Src/main.c ****   * 上書きをスキップして衝突を避ける。
 142:Core/Src/main.c ****   * @retval None
 143:Core/Src/main.c ****   */
 144:Core/Src/main.c **** void HAL_ADC_ConvCpltCallback(ADC_HandleTypeDef *hadc)
 145:Core/Src/main.c **** {
 146:Core/Src/main.c ****   if (hadc->Instance != ADC1)
ARM GAS  /tmp/ccvADxDw.s 			page 4


 147:Core/Src/main.c ****   {
 148:Core/Src/main.c ****     return;
 149:Core/Src/main.c ****   }
 150:Core/Src/main.c **** 
 151:Core/Src/main.c ****   if (g_usb_audio_playing)
 152:Core/Src/main.c ****   {
 153:Core/Src/main.c ****     /* USBオーディオがCCRを制御中なのでADC側は何もしない */
 154:Core/Src/main.c ****     return;
 155:Core/Src/main.c ****   }
 156:Core/Src/main.c **** 
 157:Core/Src/main.c ****   /* adc_buf[0]=LEFT(PB0/CH8), adc_buf[1]=RIGHT(PB1/CH9) */
 158:Core/Src/main.c ****   TIM1_UpdatePWMFromADC(adc_buf[0], adc_buf[1]);
 159:Core/Src/main.c **** }
 160:Core/Src/main.c **** 
 161:Core/Src/main.c **** /**
 162:Core/Src/main.c ****   * @brief ADC(0..4095) -> PWM CCR(PWM_CCR_MIN..PWM_CCR_MAX) 変換して反映
 163:Core/Src/main.c ****   * @retval None
 164:Core/Src/main.c ****   */
 165:Core/Src/main.c **** static void TIM1_UpdatePWMFromADC(uint16_t left, uint16_t right)
 166:Core/Src/main.c **** {
  27              		.loc 1 166 1 view -0
  28              		.cfi_startproc
  29              		@ args = 0, pretend = 0, frame = 0
  30              		@ frame_needed = 0, uses_anonymous_args = 0
  31              		.loc 1 166 1 is_stmt 0 view .LVU1
  32 0000 00B5     		push	{lr}
  33              	.LCFI0:
  34              		.cfi_def_cfa_offset 4
  35              		.cfi_offset 14, -4
 167:Core/Src/main.c ****   uint32_t ccr1 = PWM_CCR_MIN + ((uint32_t)left  * (PWM_CCR_MAX - PWM_CCR_MIN)) / 4095U;
  36              		.loc 1 167 3 is_stmt 1 view .LVU2
  37              		.loc 1 167 50 is_stmt 0 view .LVU3
  38 0002 4FF4077C 		mov	ip, #540
  39 0006 0CFB00F0 		mul	r0, ip, r0
  40              	.LVL1:
  41              		.loc 1 167 81 view .LVU4
  42 000a 0B4B     		ldr	r3, .L3
  43 000c A3FB00E2 		umull	lr, r2, r3, r0
  44 0010 801A     		subs	r0, r0, r2
  45 0012 02EB5002 		add	r2, r2, r0, lsr #1
  46 0016 D20A     		lsrs	r2, r2, #11
  47              		.loc 1 167 12 view .LVU5
  48 0018 1E32     		adds	r2, r2, #30
  49              	.LVL2:
 168:Core/Src/main.c ****   uint32_t ccr2 = PWM_CCR_MIN + ((uint32_t)right * (PWM_CCR_MAX - PWM_CCR_MIN)) / 4095U;
  50              		.loc 1 168 3 is_stmt 1 view .LVU6
  51              		.loc 1 168 50 is_stmt 0 view .LVU7
  52 001a 0CFB01F1 		mul	r1, ip, r1
  53              	.LVL3:
  54              		.loc 1 168 81 view .LVU8
  55 001e A3FB0103 		umull	r0, r3, r3, r1
  56 0022 C91A     		subs	r1, r1, r3
  57 0024 03EB5103 		add	r3, r3, r1, lsr #1
  58 0028 DB0A     		lsrs	r3, r3, #11
  59              		.loc 1 168 12 view .LVU9
  60 002a 1E33     		adds	r3, r3, #30
  61              	.LVL4:
ARM GAS  /tmp/ccvADxDw.s 			page 5


 169:Core/Src/main.c **** 
 170:Core/Src/main.c ****   __HAL_TIM_SET_COMPARE(&htim1, TIM_CHANNEL_1, ccr1);
  62              		.loc 1 170 3 is_stmt 1 view .LVU10
  63 002c 0349     		ldr	r1, .L3+4
  64 002e 0968     		ldr	r1, [r1]
  65 0030 4A63     		str	r2, [r1, #52]
 171:Core/Src/main.c ****   __HAL_TIM_SET_COMPARE(&htim1, TIM_CHANNEL_2, ccr2);
  66              		.loc 1 171 3 view .LVU11
  67 0032 8B63     		str	r3, [r1, #56]
 172:Core/Src/main.c **** }
  68              		.loc 1 172 1 is_stmt 0 view .LVU12
  69 0034 5DF804FB 		ldr	pc, [sp], #4
  70              	.L4:
  71              		.align	2
  72              	.L3:
  73 0038 01011000 		.word	1048833
  74 003c 00000000 		.word	htim1
  75              		.cfi_endproc
  76              	.LFE71:
  78              		.section	.rodata.UART2_PrintPCM8Debug.str1.4,"aMS",%progbits,1
  79              		.align	2
  80              	.LC0:
  81 0000 50434D38 		.ascii	"PCM8 L=%d R=%d\\r\\n\000"
  81      204C3D25 
  81      6420523D 
  81      25645C72 
  81      5C6E00
  82              		.section	.text.UART2_PrintPCM8Debug,"ax",%progbits
  83              		.align	1
  84              		.syntax unified
  85              		.thumb
  86              		.thumb_func
  88              	UART2_PrintPCM8Debug:
  89              	.LFB73:
 173:Core/Src/main.c **** 
 174:Core/Src/main.c **** /**
 175:Core/Src/main.c ****   * @brief USART2 文字列送信ヘルパ
 176:Core/Src/main.c ****   * @retval None
 177:Core/Src/main.c ****   */
 178:Core/Src/main.c **** static void UART2_Print(const char *s)
 179:Core/Src/main.c **** {
 180:Core/Src/main.c ****   HAL_UART_Transmit(&huart2, (uint8_t *)s, (uint16_t)strlen(s), HAL_MAX_DELAY);
 181:Core/Src/main.c **** }
 182:Core/Src/main.c **** 
 183:Core/Src/main.c **** /**
 184:Core/Src/main.c ****  * @brief 8サンプル平均済みPCMをmainコンテキストから出力する。
 185:Core/Src/main.c ****  *        割込み内でUART待ちを行わないため、16kHzのPWM更新を阻害しない。
 186:Core/Src/main.c ****  */
 187:Core/Src/main.c **** static void UART2_PrintPCM8Debug(void)
 188:Core/Src/main.c **** {
  90              		.loc 1 188 1 is_stmt 1 view -0
  91              		.cfi_startproc
  92              		@ args = 0, pretend = 0, frame = 48
  93              		@ frame_needed = 0, uses_anonymous_args = 0
  94 0000 00B5     		push	{lr}
  95              	.LCFI1:
  96              		.cfi_def_cfa_offset 4
ARM GAS  /tmp/ccvADxDw.s 			page 6


  97              		.cfi_offset 14, -4
  98 0002 8FB0     		sub	sp, sp, #60
  99              	.LCFI2:
 100              		.cfi_def_cfa_offset 64
 189:Core/Src/main.c ****   int16_t left;
 101              		.loc 1 189 3 view .LVU14
 190:Core/Src/main.c ****   int16_t right;
 102              		.loc 1 190 3 view .LVU15
 191:Core/Src/main.c ****   char line[40];
 103              		.loc 1 191 3 view .LVU16
 192:Core/Src/main.c **** 
 193:Core/Src/main.c ****   if (AUDIO_DebugPop(&left, &right) != 0U)
 104              		.loc 1 193 3 view .LVU17
 105              		.loc 1 193 7 is_stmt 0 view .LVU18
 106 0004 0DA9     		add	r1, sp, #52
 107 0006 0DF13600 		add	r0, sp, #54
 108 000a FFF7FEFF 		bl	AUDIO_DebugPop
 109              	.LVL5:
 110              		.loc 1 193 6 discriminator 1 view .LVU19
 111 000e 10B9     		cbnz	r0, .L8
 112              	.L5:
 194:Core/Src/main.c ****   {
 195:Core/Src/main.c ****     int len = snprintf(line, sizeof(line), "PCM8 L=%d R=%d\\r\\n", (int)left, (int)right);
 196:Core/Src/main.c ****     if (len > 0)
 197:Core/Src/main.c ****     {
 198:Core/Src/main.c ****       HAL_UART_Transmit(&huart2, (uint8_t *)line, (uint16_t)len, HAL_MAX_DELAY);
 199:Core/Src/main.c ****     }
 200:Core/Src/main.c ****   }
 201:Core/Src/main.c **** }
 113              		.loc 1 201 1 view .LVU20
 114 0010 0FB0     		add	sp, sp, #60
 115              	.LCFI3:
 116              		.cfi_remember_state
 117              		.cfi_def_cfa_offset 4
 118              		@ sp needed
 119 0012 5DF804FB 		ldr	pc, [sp], #4
 120              	.L8:
 121              	.LCFI4:
 122              		.cfi_restore_state
 123              	.LBB4:
 195:Core/Src/main.c ****     if (len > 0)
 124              		.loc 1 195 5 is_stmt 1 view .LVU21
 195:Core/Src/main.c ****     if (len > 0)
 125              		.loc 1 195 15 is_stmt 0 view .LVU22
 126 0016 BDF93430 		ldrsh	r3, [sp, #52]
 127 001a 0093     		str	r3, [sp]
 128 001c BDF93630 		ldrsh	r3, [sp, #54]
 129 0020 074A     		ldr	r2, .L9
 130 0022 2821     		movs	r1, #40
 131 0024 03A8     		add	r0, sp, #12
 132 0026 FFF7FEFF 		bl	snprintf
 133              	.LVL6:
 196:Core/Src/main.c ****     {
 134              		.loc 1 196 5 is_stmt 1 view .LVU23
 196:Core/Src/main.c ****     {
 135              		.loc 1 196 8 is_stmt 0 view .LVU24
 136 002a 0028     		cmp	r0, #0
ARM GAS  /tmp/ccvADxDw.s 			page 7


 196:Core/Src/main.c ****     {
 137              		.loc 1 196 8 view .LVU25
 138 002c F0DD     		ble	.L5
 198:Core/Src/main.c ****     }
 139              		.loc 1 198 7 is_stmt 1 view .LVU26
 140 002e 4FF0FF33 		mov	r3, #-1
 141 0032 82B2     		uxth	r2, r0
 142 0034 03A9     		add	r1, sp, #12
 143 0036 0348     		ldr	r0, .L9+4
 144              	.LVL7:
 198:Core/Src/main.c ****     }
 145              		.loc 1 198 7 is_stmt 0 view .LVU27
 146 0038 FFF7FEFF 		bl	HAL_UART_Transmit
 147              	.LVL8:
 148              	.LBE4:
 149              		.loc 1 201 1 view .LVU28
 150 003c E8E7     		b	.L5
 151              	.L10:
 152 003e 00BF     		.align	2
 153              	.L9:
 154 0040 00000000 		.word	.LC0
 155 0044 00000000 		.word	huart2
 156              		.cfi_endproc
 157              	.LFE73:
 159              		.section	.text.UART2_Print,"ax",%progbits
 160              		.align	1
 161              		.syntax unified
 162              		.thumb
 163              		.thumb_func
 165              	UART2_Print:
 166              	.LVL9:
 167              	.LFB72:
 179:Core/Src/main.c ****   HAL_UART_Transmit(&huart2, (uint8_t *)s, (uint16_t)strlen(s), HAL_MAX_DELAY);
 168              		.loc 1 179 1 is_stmt 1 view -0
 169              		.cfi_startproc
 170              		@ args = 0, pretend = 0, frame = 0
 171              		@ frame_needed = 0, uses_anonymous_args = 0
 179:Core/Src/main.c ****   HAL_UART_Transmit(&huart2, (uint8_t *)s, (uint16_t)strlen(s), HAL_MAX_DELAY);
 172              		.loc 1 179 1 is_stmt 0 view .LVU30
 173 0000 10B5     		push	{r4, lr}
 174              	.LCFI5:
 175              		.cfi_def_cfa_offset 8
 176              		.cfi_offset 4, -8
 177              		.cfi_offset 14, -4
 178 0002 0446     		mov	r4, r0
 180:Core/Src/main.c **** }
 179              		.loc 1 180 3 is_stmt 1 view .LVU31
 180:Core/Src/main.c **** }
 180              		.loc 1 180 54 is_stmt 0 view .LVU32
 181 0004 FFF7FEFF 		bl	strlen
 182              	.LVL10:
 180:Core/Src/main.c **** }
 183              		.loc 1 180 3 discriminator 1 view .LVU33
 184 0008 4FF0FF33 		mov	r3, #-1
 185 000c 82B2     		uxth	r2, r0
 186 000e 2146     		mov	r1, r4
 187 0010 0148     		ldr	r0, .L13
ARM GAS  /tmp/ccvADxDw.s 			page 8


 188 0012 FFF7FEFF 		bl	HAL_UART_Transmit
 189              	.LVL11:
 181:Core/Src/main.c **** 
 190              		.loc 1 181 1 view .LVU34
 191 0016 10BD     		pop	{r4, pc}
 192              	.LVL12:
 193              	.L14:
 181:Core/Src/main.c **** 
 194              		.loc 1 181 1 view .LVU35
 195              		.align	2
 196              	.L13:
 197 0018 00000000 		.word	huart2
 198              		.cfi_endproc
 199              	.LFE72:
 201              		.section	.text.HAL_ADC_ConvCpltCallback,"ax",%progbits
 202              		.align	1
 203              		.global	HAL_ADC_ConvCpltCallback
 204              		.syntax unified
 205              		.thumb
 206              		.thumb_func
 208              	HAL_ADC_ConvCpltCallback:
 209              	.LVL13:
 210              	.LFB70:
 145:Core/Src/main.c ****   if (hadc->Instance != ADC1)
 211              		.loc 1 145 1 is_stmt 1 view -0
 212              		.cfi_startproc
 213              		@ args = 0, pretend = 0, frame = 0
 214              		@ frame_needed = 0, uses_anonymous_args = 0
 145:Core/Src/main.c ****   if (hadc->Instance != ADC1)
 215              		.loc 1 145 1 is_stmt 0 view .LVU37
 216 0000 08B5     		push	{r3, lr}
 217              	.LCFI6:
 218              		.cfi_def_cfa_offset 8
 219              		.cfi_offset 3, -8
 220              		.cfi_offset 14, -4
 146:Core/Src/main.c ****   {
 221              		.loc 1 146 3 is_stmt 1 view .LVU38
 146:Core/Src/main.c ****   {
 222              		.loc 1 146 11 is_stmt 0 view .LVU39
 223 0002 0268     		ldr	r2, [r0]
 146:Core/Src/main.c ****   {
 224              		.loc 1 146 6 view .LVU40
 225 0004 074B     		ldr	r3, .L19
 226 0006 9A42     		cmp	r2, r3
 227 0008 00D0     		beq	.L18
 228              	.LVL14:
 229              	.L15:
 159:Core/Src/main.c **** 
 230              		.loc 1 159 1 view .LVU41
 231 000a 08BD     		pop	{r3, pc}
 232              	.LVL15:
 233              	.L18:
 151:Core/Src/main.c ****   {
 234              		.loc 1 151 3 is_stmt 1 view .LVU42
 151:Core/Src/main.c ****   {
 235              		.loc 1 151 7 is_stmt 0 view .LVU43
 236 000c 064B     		ldr	r3, .L19+4
ARM GAS  /tmp/ccvADxDw.s 			page 9


 237 000e 1B78     		ldrb	r3, [r3]	@ zero_extendqisi2
 151:Core/Src/main.c ****   {
 238              		.loc 1 151 6 view .LVU44
 239 0010 002B     		cmp	r3, #0
 240 0012 FAD1     		bne	.L15
 158:Core/Src/main.c **** }
 241              		.loc 1 158 3 is_stmt 1 view .LVU45
 158:Core/Src/main.c **** }
 242              		.loc 1 158 32 is_stmt 0 view .LVU46
 243 0014 054B     		ldr	r3, .L19+8
 244 0016 1888     		ldrh	r0, [r3]
 245              	.LVL16:
 158:Core/Src/main.c **** }
 246              		.loc 1 158 44 view .LVU47
 247 0018 5988     		ldrh	r1, [r3, #2]
 158:Core/Src/main.c **** }
 248              		.loc 1 158 3 view .LVU48
 249 001a 89B2     		uxth	r1, r1
 250 001c 80B2     		uxth	r0, r0
 251 001e FFF7FEFF 		bl	TIM1_UpdatePWMFromADC
 252              	.LVL17:
 253 0022 F2E7     		b	.L15
 254              	.L20:
 255              		.align	2
 256              	.L19:
 257 0024 00240140 		.word	1073816576
 258 0028 00000000 		.word	g_usb_audio_playing
 259 002c 00000000 		.word	adc_buf
 260              		.cfi_endproc
 261              	.LFE70:
 263              		.section	.text.Error_Handler,"ax",%progbits
 264              		.align	1
 265              		.global	Error_Handler
 266              		.syntax unified
 267              		.thumb
 268              		.thumb_func
 270              	Error_Handler:
 271              	.LFB75:
 202:Core/Src/main.c **** 
 203:Core/Src/main.c **** /* USER CODE END 4 */
 204:Core/Src/main.c **** 
 205:Core/Src/main.c **** /**
 206:Core/Src/main.c ****   * @brief System Clock Configuration
 207:Core/Src/main.c ****   *        HSE(8MHz) -> PLLx9 -> SYSCLK=72MHz
 208:Core/Src/main.c ****   *        AHB=72MHz, APB1=36MHz(TIM3clk=72MHz), APB2=72MHz(TIM1clk=72MHz)
 209:Core/Src/main.c ****   *        ADCクロック = APB2/6 = 12MHz (adc.c の MspInit側で設定)
 210:Core/Src/main.c ****   * @retval None
 211:Core/Src/main.c ****   */
 212:Core/Src/main.c **** void SystemClock_Config(void)
 213:Core/Src/main.c **** {
 214:Core/Src/main.c ****   RCC_OscInitTypeDef RCC_OscInitStruct = {0};
 215:Core/Src/main.c ****   RCC_ClkInitTypeDef RCC_ClkInitStruct = {0};
 216:Core/Src/main.c ****   RCC_PeriphCLKInitTypeDef PeriphClkInit = {0};
 217:Core/Src/main.c **** 
 218:Core/Src/main.c ****   /** Initializes the RCC Oscillators according to the specified parameters
 219:Core/Src/main.c ****   * in the RCC_OscInitTypeDef structure.
 220:Core/Src/main.c ****   */
ARM GAS  /tmp/ccvADxDw.s 			page 10


 221:Core/Src/main.c ****   RCC_OscInitStruct.OscillatorType = RCC_OSCILLATORTYPE_HSE;
 222:Core/Src/main.c ****   RCC_OscInitStruct.HSEState       = RCC_HSE_ON;
 223:Core/Src/main.c ****   RCC_OscInitStruct.HSEPredivValue = RCC_HSE_PREDIV_DIV1;
 224:Core/Src/main.c ****   RCC_OscInitStruct.HSIState       = RCC_HSI_ON;
 225:Core/Src/main.c ****   RCC_OscInitStruct.PLL.PLLState   = RCC_PLL_ON;
 226:Core/Src/main.c ****   RCC_OscInitStruct.PLL.PLLSource  = RCC_PLLSOURCE_HSE;
 227:Core/Src/main.c ****   RCC_OscInitStruct.PLL.PLLMUL     = RCC_PLL_MUL9;
 228:Core/Src/main.c ****   if (HAL_RCC_OscConfig(&RCC_OscInitStruct) != HAL_OK)
 229:Core/Src/main.c ****   {
 230:Core/Src/main.c ****     Error_Handler();
 231:Core/Src/main.c ****   }
 232:Core/Src/main.c **** 
 233:Core/Src/main.c ****   /** Initializes the CPU, AHB and APB buses clocks
 234:Core/Src/main.c ****   */
 235:Core/Src/main.c ****   RCC_ClkInitStruct.ClockType = RCC_CLOCKTYPE_HCLK | RCC_CLOCKTYPE_SYSCLK
 236:Core/Src/main.c ****                               | RCC_CLOCKTYPE_PCLK1 | RCC_CLOCKTYPE_PCLK2;
 237:Core/Src/main.c ****   RCC_ClkInitStruct.SYSCLKSource   = RCC_SYSCLKSOURCE_PLLCLK;
 238:Core/Src/main.c ****   RCC_ClkInitStruct.AHBCLKDivider  = RCC_SYSCLK_DIV1;
 239:Core/Src/main.c ****   RCC_ClkInitStruct.APB1CLKDivider = RCC_HCLK_DIV2;  /* APB1=36MHz, TIM3clk=x2=72MHz */
 240:Core/Src/main.c ****   RCC_ClkInitStruct.APB2CLKDivider = RCC_HCLK_DIV1;  /* APB2=72MHz */
 241:Core/Src/main.c **** 
 242:Core/Src/main.c ****   if (HAL_RCC_ClockConfig(&RCC_ClkInitStruct, FLASH_LATENCY_2) != HAL_OK)
 243:Core/Src/main.c ****   {
 244:Core/Src/main.c ****     Error_Handler();
 245:Core/Src/main.c ****   }
 246:Core/Src/main.c **** 
 247:Core/Src/main.c ****   /* USB FSには48MHzが必要。SYSCLK=72MHzのPLLを1.5分周して供給する。 */
 248:Core/Src/main.c ****   PeriphClkInit.PeriphClockSelection = RCC_PERIPHCLK_USB;
 249:Core/Src/main.c ****   PeriphClkInit.UsbClockSelection    = RCC_USBCLKSOURCE_PLL_DIV1_5;
 250:Core/Src/main.c ****   if (HAL_RCCEx_PeriphCLKConfig(&PeriphClkInit) != HAL_OK)
 251:Core/Src/main.c ****   {
 252:Core/Src/main.c ****     Error_Handler();
 253:Core/Src/main.c ****   }
 254:Core/Src/main.c **** }
 255:Core/Src/main.c **** 
 256:Core/Src/main.c **** /**
 257:Core/Src/main.c ****   * @brief  This function is executed in case of error occurrence.
 258:Core/Src/main.c ****   * @retval None
 259:Core/Src/main.c ****   */
 260:Core/Src/main.c **** void Error_Handler(void)
 261:Core/Src/main.c **** {
 272              		.loc 1 261 1 is_stmt 1 view -0
 273              		.cfi_startproc
 274              		@ Volatile: function does not return.
 275              		@ args = 0, pretend = 0, frame = 0
 276              		@ frame_needed = 0, uses_anonymous_args = 0
 277              		@ link register save eliminated.
 262:Core/Src/main.c ****   __disable_irq();
 278              		.loc 1 262 3 view .LVU50
 279              	.LBB5:
 280              	.LBI5:
 281              		.file 2 "Drivers/CMSIS/Include/cmsis_gcc.h"
   1:Drivers/CMSIS/Include/cmsis_gcc.h **** /**************************************************************************//**
   2:Drivers/CMSIS/Include/cmsis_gcc.h ****  * @file     cmsis_gcc.h
   3:Drivers/CMSIS/Include/cmsis_gcc.h ****  * @brief    CMSIS compiler GCC header file
   4:Drivers/CMSIS/Include/cmsis_gcc.h ****  * @version  V5.0.4
   5:Drivers/CMSIS/Include/cmsis_gcc.h ****  * @date     09. April 2018
ARM GAS  /tmp/ccvADxDw.s 			page 11


   6:Drivers/CMSIS/Include/cmsis_gcc.h ****  ******************************************************************************/
   7:Drivers/CMSIS/Include/cmsis_gcc.h **** /*
   8:Drivers/CMSIS/Include/cmsis_gcc.h ****  * Copyright (c) 2009-2018 Arm Limited. All rights reserved.
   9:Drivers/CMSIS/Include/cmsis_gcc.h ****  *
  10:Drivers/CMSIS/Include/cmsis_gcc.h ****  * SPDX-License-Identifier: Apache-2.0
  11:Drivers/CMSIS/Include/cmsis_gcc.h ****  *
  12:Drivers/CMSIS/Include/cmsis_gcc.h ****  * Licensed under the Apache License, Version 2.0 (the License); you may
  13:Drivers/CMSIS/Include/cmsis_gcc.h ****  * not use this file except in compliance with the License.
  14:Drivers/CMSIS/Include/cmsis_gcc.h ****  * You may obtain a copy of the License at
  15:Drivers/CMSIS/Include/cmsis_gcc.h ****  *
  16:Drivers/CMSIS/Include/cmsis_gcc.h ****  * www.apache.org/licenses/LICENSE-2.0
  17:Drivers/CMSIS/Include/cmsis_gcc.h ****  *
  18:Drivers/CMSIS/Include/cmsis_gcc.h ****  * Unless required by applicable law or agreed to in writing, software
  19:Drivers/CMSIS/Include/cmsis_gcc.h ****  * distributed under the License is distributed on an AS IS BASIS, WITHOUT
  20:Drivers/CMSIS/Include/cmsis_gcc.h ****  * WARRANTIES OR CONDITIONS OF ANY KIND, either express or implied.
  21:Drivers/CMSIS/Include/cmsis_gcc.h ****  * See the License for the specific language governing permissions and
  22:Drivers/CMSIS/Include/cmsis_gcc.h ****  * limitations under the License.
  23:Drivers/CMSIS/Include/cmsis_gcc.h ****  */
  24:Drivers/CMSIS/Include/cmsis_gcc.h **** 
  25:Drivers/CMSIS/Include/cmsis_gcc.h **** #ifndef __CMSIS_GCC_H
  26:Drivers/CMSIS/Include/cmsis_gcc.h **** #define __CMSIS_GCC_H
  27:Drivers/CMSIS/Include/cmsis_gcc.h **** 
  28:Drivers/CMSIS/Include/cmsis_gcc.h **** /* ignore some GCC warnings */
  29:Drivers/CMSIS/Include/cmsis_gcc.h **** #pragma GCC diagnostic push
  30:Drivers/CMSIS/Include/cmsis_gcc.h **** #pragma GCC diagnostic ignored "-Wsign-conversion"
  31:Drivers/CMSIS/Include/cmsis_gcc.h **** #pragma GCC diagnostic ignored "-Wconversion"
  32:Drivers/CMSIS/Include/cmsis_gcc.h **** #pragma GCC diagnostic ignored "-Wunused-parameter"
  33:Drivers/CMSIS/Include/cmsis_gcc.h **** 
  34:Drivers/CMSIS/Include/cmsis_gcc.h **** /* Fallback for __has_builtin */
  35:Drivers/CMSIS/Include/cmsis_gcc.h **** #ifndef __has_builtin
  36:Drivers/CMSIS/Include/cmsis_gcc.h ****   #define __has_builtin(x) (0)
  37:Drivers/CMSIS/Include/cmsis_gcc.h **** #endif
  38:Drivers/CMSIS/Include/cmsis_gcc.h **** 
  39:Drivers/CMSIS/Include/cmsis_gcc.h **** /* CMSIS compiler specific defines */
  40:Drivers/CMSIS/Include/cmsis_gcc.h **** #ifndef   __ASM
  41:Drivers/CMSIS/Include/cmsis_gcc.h ****   #define __ASM                                  __asm
  42:Drivers/CMSIS/Include/cmsis_gcc.h **** #endif
  43:Drivers/CMSIS/Include/cmsis_gcc.h **** #ifndef   __INLINE
  44:Drivers/CMSIS/Include/cmsis_gcc.h ****   #define __INLINE                               inline
  45:Drivers/CMSIS/Include/cmsis_gcc.h **** #endif
  46:Drivers/CMSIS/Include/cmsis_gcc.h **** #ifndef   __STATIC_INLINE
  47:Drivers/CMSIS/Include/cmsis_gcc.h ****   #define __STATIC_INLINE                        static inline
  48:Drivers/CMSIS/Include/cmsis_gcc.h **** #endif
  49:Drivers/CMSIS/Include/cmsis_gcc.h **** #ifndef   __STATIC_FORCEINLINE                 
  50:Drivers/CMSIS/Include/cmsis_gcc.h ****   #define __STATIC_FORCEINLINE                   __attribute__((always_inline)) static inline
  51:Drivers/CMSIS/Include/cmsis_gcc.h **** #endif                                           
  52:Drivers/CMSIS/Include/cmsis_gcc.h **** #ifndef   __NO_RETURN
  53:Drivers/CMSIS/Include/cmsis_gcc.h ****   #define __NO_RETURN                            __attribute__((__noreturn__))
  54:Drivers/CMSIS/Include/cmsis_gcc.h **** #endif
  55:Drivers/CMSIS/Include/cmsis_gcc.h **** #ifndef   __USED
  56:Drivers/CMSIS/Include/cmsis_gcc.h ****   #define __USED                                 __attribute__((used))
  57:Drivers/CMSIS/Include/cmsis_gcc.h **** #endif
  58:Drivers/CMSIS/Include/cmsis_gcc.h **** #ifndef   __WEAK
  59:Drivers/CMSIS/Include/cmsis_gcc.h ****   #define __WEAK                                 __attribute__((weak))
  60:Drivers/CMSIS/Include/cmsis_gcc.h **** #endif
  61:Drivers/CMSIS/Include/cmsis_gcc.h **** #ifndef   __PACKED
  62:Drivers/CMSIS/Include/cmsis_gcc.h ****   #define __PACKED                               __attribute__((packed, aligned(1)))
ARM GAS  /tmp/ccvADxDw.s 			page 12


  63:Drivers/CMSIS/Include/cmsis_gcc.h **** #endif
  64:Drivers/CMSIS/Include/cmsis_gcc.h **** #ifndef   __PACKED_STRUCT
  65:Drivers/CMSIS/Include/cmsis_gcc.h ****   #define __PACKED_STRUCT                        struct __attribute__((packed, aligned(1)))
  66:Drivers/CMSIS/Include/cmsis_gcc.h **** #endif
  67:Drivers/CMSIS/Include/cmsis_gcc.h **** #ifndef   __PACKED_UNION
  68:Drivers/CMSIS/Include/cmsis_gcc.h ****   #define __PACKED_UNION                         union __attribute__((packed, aligned(1)))
  69:Drivers/CMSIS/Include/cmsis_gcc.h **** #endif
  70:Drivers/CMSIS/Include/cmsis_gcc.h **** #ifndef   __UNALIGNED_UINT32        /* deprecated */
  71:Drivers/CMSIS/Include/cmsis_gcc.h ****   #pragma GCC diagnostic push
  72:Drivers/CMSIS/Include/cmsis_gcc.h ****   #pragma GCC diagnostic ignored "-Wpacked"
  73:Drivers/CMSIS/Include/cmsis_gcc.h ****   #pragma GCC diagnostic ignored "-Wattributes"
  74:Drivers/CMSIS/Include/cmsis_gcc.h ****   struct __attribute__((packed)) T_UINT32 { uint32_t v; };
  75:Drivers/CMSIS/Include/cmsis_gcc.h ****   #pragma GCC diagnostic pop
  76:Drivers/CMSIS/Include/cmsis_gcc.h ****   #define __UNALIGNED_UINT32(x)                  (((struct T_UINT32 *)(x))->v)
  77:Drivers/CMSIS/Include/cmsis_gcc.h **** #endif
  78:Drivers/CMSIS/Include/cmsis_gcc.h **** #ifndef   __UNALIGNED_UINT16_WRITE
  79:Drivers/CMSIS/Include/cmsis_gcc.h ****   #pragma GCC diagnostic push
  80:Drivers/CMSIS/Include/cmsis_gcc.h ****   #pragma GCC diagnostic ignored "-Wpacked"
  81:Drivers/CMSIS/Include/cmsis_gcc.h ****   #pragma GCC diagnostic ignored "-Wattributes"
  82:Drivers/CMSIS/Include/cmsis_gcc.h ****   __PACKED_STRUCT T_UINT16_WRITE { uint16_t v; };
  83:Drivers/CMSIS/Include/cmsis_gcc.h ****   #pragma GCC diagnostic pop
  84:Drivers/CMSIS/Include/cmsis_gcc.h ****   #define __UNALIGNED_UINT16_WRITE(addr, val)    (void)((((struct T_UINT16_WRITE *)(void *)(addr))-
  85:Drivers/CMSIS/Include/cmsis_gcc.h **** #endif
  86:Drivers/CMSIS/Include/cmsis_gcc.h **** #ifndef   __UNALIGNED_UINT16_READ
  87:Drivers/CMSIS/Include/cmsis_gcc.h ****   #pragma GCC diagnostic push
  88:Drivers/CMSIS/Include/cmsis_gcc.h ****   #pragma GCC diagnostic ignored "-Wpacked"
  89:Drivers/CMSIS/Include/cmsis_gcc.h ****   #pragma GCC diagnostic ignored "-Wattributes"
  90:Drivers/CMSIS/Include/cmsis_gcc.h ****   __PACKED_STRUCT T_UINT16_READ { uint16_t v; };
  91:Drivers/CMSIS/Include/cmsis_gcc.h ****   #pragma GCC diagnostic pop
  92:Drivers/CMSIS/Include/cmsis_gcc.h ****   #define __UNALIGNED_UINT16_READ(addr)          (((const struct T_UINT16_READ *)(const void *)(add
  93:Drivers/CMSIS/Include/cmsis_gcc.h **** #endif
  94:Drivers/CMSIS/Include/cmsis_gcc.h **** #ifndef   __UNALIGNED_UINT32_WRITE
  95:Drivers/CMSIS/Include/cmsis_gcc.h ****   #pragma GCC diagnostic push
  96:Drivers/CMSIS/Include/cmsis_gcc.h ****   #pragma GCC diagnostic ignored "-Wpacked"
  97:Drivers/CMSIS/Include/cmsis_gcc.h ****   #pragma GCC diagnostic ignored "-Wattributes"
  98:Drivers/CMSIS/Include/cmsis_gcc.h ****   __PACKED_STRUCT T_UINT32_WRITE { uint32_t v; };
  99:Drivers/CMSIS/Include/cmsis_gcc.h ****   #pragma GCC diagnostic pop
 100:Drivers/CMSIS/Include/cmsis_gcc.h ****   #define __UNALIGNED_UINT32_WRITE(addr, val)    (void)((((struct T_UINT32_WRITE *)(void *)(addr))-
 101:Drivers/CMSIS/Include/cmsis_gcc.h **** #endif
 102:Drivers/CMSIS/Include/cmsis_gcc.h **** #ifndef   __UNALIGNED_UINT32_READ
 103:Drivers/CMSIS/Include/cmsis_gcc.h ****   #pragma GCC diagnostic push
 104:Drivers/CMSIS/Include/cmsis_gcc.h ****   #pragma GCC diagnostic ignored "-Wpacked"
 105:Drivers/CMSIS/Include/cmsis_gcc.h ****   #pragma GCC diagnostic ignored "-Wattributes"
 106:Drivers/CMSIS/Include/cmsis_gcc.h ****   __PACKED_STRUCT T_UINT32_READ { uint32_t v; };
 107:Drivers/CMSIS/Include/cmsis_gcc.h ****   #pragma GCC diagnostic pop
 108:Drivers/CMSIS/Include/cmsis_gcc.h ****   #define __UNALIGNED_UINT32_READ(addr)          (((const struct T_UINT32_READ *)(const void *)(add
 109:Drivers/CMSIS/Include/cmsis_gcc.h **** #endif
 110:Drivers/CMSIS/Include/cmsis_gcc.h **** #ifndef   __ALIGNED
 111:Drivers/CMSIS/Include/cmsis_gcc.h ****   #define __ALIGNED(x)                           __attribute__((aligned(x)))
 112:Drivers/CMSIS/Include/cmsis_gcc.h **** #endif
 113:Drivers/CMSIS/Include/cmsis_gcc.h **** #ifndef   __RESTRICT
 114:Drivers/CMSIS/Include/cmsis_gcc.h ****   #define __RESTRICT                             __restrict
 115:Drivers/CMSIS/Include/cmsis_gcc.h **** #endif
 116:Drivers/CMSIS/Include/cmsis_gcc.h **** 
 117:Drivers/CMSIS/Include/cmsis_gcc.h **** 
 118:Drivers/CMSIS/Include/cmsis_gcc.h **** /* ###########################  Core Function Access  ########################### */
 119:Drivers/CMSIS/Include/cmsis_gcc.h **** /** \ingroup  CMSIS_Core_FunctionInterface
ARM GAS  /tmp/ccvADxDw.s 			page 13


 120:Drivers/CMSIS/Include/cmsis_gcc.h ****     \defgroup CMSIS_Core_RegAccFunctions CMSIS Core Register Access Functions
 121:Drivers/CMSIS/Include/cmsis_gcc.h ****   @{
 122:Drivers/CMSIS/Include/cmsis_gcc.h ****  */
 123:Drivers/CMSIS/Include/cmsis_gcc.h **** 
 124:Drivers/CMSIS/Include/cmsis_gcc.h **** /**
 125:Drivers/CMSIS/Include/cmsis_gcc.h ****   \brief   Enable IRQ Interrupts
 126:Drivers/CMSIS/Include/cmsis_gcc.h ****   \details Enables IRQ interrupts by clearing the I-bit in the CPSR.
 127:Drivers/CMSIS/Include/cmsis_gcc.h ****            Can only be executed in Privileged modes.
 128:Drivers/CMSIS/Include/cmsis_gcc.h ****  */
 129:Drivers/CMSIS/Include/cmsis_gcc.h **** __STATIC_FORCEINLINE void __enable_irq(void)
 130:Drivers/CMSIS/Include/cmsis_gcc.h **** {
 131:Drivers/CMSIS/Include/cmsis_gcc.h ****   __ASM volatile ("cpsie i" : : : "memory");
 132:Drivers/CMSIS/Include/cmsis_gcc.h **** }
 133:Drivers/CMSIS/Include/cmsis_gcc.h **** 
 134:Drivers/CMSIS/Include/cmsis_gcc.h **** 
 135:Drivers/CMSIS/Include/cmsis_gcc.h **** /**
 136:Drivers/CMSIS/Include/cmsis_gcc.h ****   \brief   Disable IRQ Interrupts
 137:Drivers/CMSIS/Include/cmsis_gcc.h ****   \details Disables IRQ interrupts by setting the I-bit in the CPSR.
 138:Drivers/CMSIS/Include/cmsis_gcc.h ****            Can only be executed in Privileged modes.
 139:Drivers/CMSIS/Include/cmsis_gcc.h ****  */
 140:Drivers/CMSIS/Include/cmsis_gcc.h **** __STATIC_FORCEINLINE void __disable_irq(void)
 282              		.loc 2 140 27 view .LVU51
 283              	.LBB6:
 141:Drivers/CMSIS/Include/cmsis_gcc.h **** {
 142:Drivers/CMSIS/Include/cmsis_gcc.h ****   __ASM volatile ("cpsid i" : : : "memory");
 284              		.loc 2 142 3 view .LVU52
 285              		.syntax unified
 286              	@ 142 "Drivers/CMSIS/Include/cmsis_gcc.h" 1
 287 0000 72B6     		cpsid i
 288              	@ 0 "" 2
 289              		.thumb
 290              		.syntax unified
 291              	.L22:
 292              	.LBE6:
 293              	.LBE5:
 263:Core/Src/main.c ****   while (1)
 294              		.loc 1 263 3 view .LVU53
 264:Core/Src/main.c ****   {
 265:Core/Src/main.c ****   }
 295              		.loc 1 265 3 view .LVU54
 263:Core/Src/main.c ****   while (1)
 296              		.loc 1 263 9 view .LVU55
 297 0002 FEE7     		b	.L22
 298              		.cfi_endproc
 299              	.LFE75:
 301              		.section	.text.SystemClock_Config,"ax",%progbits
 302              		.align	1
 303              		.global	SystemClock_Config
 304              		.syntax unified
 305              		.thumb
 306              		.thumb_func
 308              	SystemClock_Config:
 309              	.LFB74:
 213:Core/Src/main.c ****   RCC_OscInitTypeDef RCC_OscInitStruct = {0};
 310              		.loc 1 213 1 view -0
 311              		.cfi_startproc
 312              		@ args = 0, pretend = 0, frame = 80
ARM GAS  /tmp/ccvADxDw.s 			page 14


 313              		@ frame_needed = 0, uses_anonymous_args = 0
 314 0000 00B5     		push	{lr}
 315              	.LCFI7:
 316              		.cfi_def_cfa_offset 4
 317              		.cfi_offset 14, -4
 318 0002 95B0     		sub	sp, sp, #84
 319              	.LCFI8:
 320              		.cfi_def_cfa_offset 88
 214:Core/Src/main.c ****   RCC_ClkInitTypeDef RCC_ClkInitStruct = {0};
 321              		.loc 1 214 3 view .LVU57
 214:Core/Src/main.c ****   RCC_ClkInitTypeDef RCC_ClkInitStruct = {0};
 322              		.loc 1 214 22 is_stmt 0 view .LVU58
 323 0004 2822     		movs	r2, #40
 324 0006 0021     		movs	r1, #0
 325 0008 0DEB0200 		add	r0, sp, r2
 326 000c FFF7FEFF 		bl	memset
 327              	.LVL18:
 215:Core/Src/main.c ****   RCC_PeriphCLKInitTypeDef PeriphClkInit = {0};
 328              		.loc 1 215 3 is_stmt 1 view .LVU59
 215:Core/Src/main.c ****   RCC_PeriphCLKInitTypeDef PeriphClkInit = {0};
 329              		.loc 1 215 22 is_stmt 0 view .LVU60
 330 0010 0023     		movs	r3, #0
 331 0012 0593     		str	r3, [sp, #20]
 332 0014 0693     		str	r3, [sp, #24]
 333 0016 0793     		str	r3, [sp, #28]
 334 0018 0893     		str	r3, [sp, #32]
 335 001a 0993     		str	r3, [sp, #36]
 216:Core/Src/main.c **** 
 336              		.loc 1 216 3 is_stmt 1 view .LVU61
 216:Core/Src/main.c **** 
 337              		.loc 1 216 28 is_stmt 0 view .LVU62
 338 001c 0193     		str	r3, [sp, #4]
 339 001e 0293     		str	r3, [sp, #8]
 340 0020 0393     		str	r3, [sp, #12]
 341 0022 0493     		str	r3, [sp, #16]
 221:Core/Src/main.c ****   RCC_OscInitStruct.HSEState       = RCC_HSE_ON;
 342              		.loc 1 221 3 is_stmt 1 view .LVU63
 221:Core/Src/main.c ****   RCC_OscInitStruct.HSEState       = RCC_HSE_ON;
 343              		.loc 1 221 36 is_stmt 0 view .LVU64
 344 0024 0122     		movs	r2, #1
 345 0026 0A92     		str	r2, [sp, #40]
 222:Core/Src/main.c ****   RCC_OscInitStruct.HSEPredivValue = RCC_HSE_PREDIV_DIV1;
 346              		.loc 1 222 3 is_stmt 1 view .LVU65
 222:Core/Src/main.c ****   RCC_OscInitStruct.HSEPredivValue = RCC_HSE_PREDIV_DIV1;
 347              		.loc 1 222 36 is_stmt 0 view .LVU66
 348 0028 4FF48033 		mov	r3, #65536
 349 002c 0B93     		str	r3, [sp, #44]
 223:Core/Src/main.c ****   RCC_OscInitStruct.HSIState       = RCC_HSI_ON;
 350              		.loc 1 223 3 is_stmt 1 view .LVU67
 224:Core/Src/main.c ****   RCC_OscInitStruct.PLL.PLLState   = RCC_PLL_ON;
 351              		.loc 1 224 3 view .LVU68
 224:Core/Src/main.c ****   RCC_OscInitStruct.PLL.PLLState   = RCC_PLL_ON;
 352              		.loc 1 224 36 is_stmt 0 view .LVU69
 353 002e 0E92     		str	r2, [sp, #56]
 225:Core/Src/main.c ****   RCC_OscInitStruct.PLL.PLLSource  = RCC_PLLSOURCE_HSE;
 354              		.loc 1 225 3 is_stmt 1 view .LVU70
 225:Core/Src/main.c ****   RCC_OscInitStruct.PLL.PLLSource  = RCC_PLLSOURCE_HSE;
ARM GAS  /tmp/ccvADxDw.s 			page 15


 355              		.loc 1 225 36 is_stmt 0 view .LVU71
 356 0030 0222     		movs	r2, #2
 357 0032 1192     		str	r2, [sp, #68]
 226:Core/Src/main.c ****   RCC_OscInitStruct.PLL.PLLMUL     = RCC_PLL_MUL9;
 358              		.loc 1 226 3 is_stmt 1 view .LVU72
 226:Core/Src/main.c ****   RCC_OscInitStruct.PLL.PLLMUL     = RCC_PLL_MUL9;
 359              		.loc 1 226 36 is_stmt 0 view .LVU73
 360 0034 1293     		str	r3, [sp, #72]
 227:Core/Src/main.c ****   if (HAL_RCC_OscConfig(&RCC_OscInitStruct) != HAL_OK)
 361              		.loc 1 227 3 is_stmt 1 view .LVU74
 227:Core/Src/main.c ****   if (HAL_RCC_OscConfig(&RCC_OscInitStruct) != HAL_OK)
 362              		.loc 1 227 36 is_stmt 0 view .LVU75
 363 0036 4FF4E013 		mov	r3, #1835008
 364 003a 1393     		str	r3, [sp, #76]
 228:Core/Src/main.c ****   {
 365              		.loc 1 228 3 is_stmt 1 view .LVU76
 228:Core/Src/main.c ****   {
 366              		.loc 1 228 7 is_stmt 0 view .LVU77
 367 003c 0AA8     		add	r0, sp, #40
 368 003e FFF7FEFF 		bl	HAL_RCC_OscConfig
 369              	.LVL19:
 228:Core/Src/main.c ****   {
 370              		.loc 1 228 6 discriminator 1 view .LVU78
 371 0042 C0B9     		cbnz	r0, .L28
 235:Core/Src/main.c ****                               | RCC_CLOCKTYPE_PCLK1 | RCC_CLOCKTYPE_PCLK2;
 372              		.loc 1 235 3 is_stmt 1 view .LVU79
 235:Core/Src/main.c ****                               | RCC_CLOCKTYPE_PCLK1 | RCC_CLOCKTYPE_PCLK2;
 373              		.loc 1 235 31 is_stmt 0 view .LVU80
 374 0044 0F23     		movs	r3, #15
 375 0046 0593     		str	r3, [sp, #20]
 237:Core/Src/main.c ****   RCC_ClkInitStruct.AHBCLKDivider  = RCC_SYSCLK_DIV1;
 376              		.loc 1 237 3 is_stmt 1 view .LVU81
 237:Core/Src/main.c ****   RCC_ClkInitStruct.AHBCLKDivider  = RCC_SYSCLK_DIV1;
 377              		.loc 1 237 36 is_stmt 0 view .LVU82
 378 0048 0221     		movs	r1, #2
 379 004a 0691     		str	r1, [sp, #24]
 238:Core/Src/main.c ****   RCC_ClkInitStruct.APB1CLKDivider = RCC_HCLK_DIV2;  /* APB1=36MHz, TIM3clk=x2=72MHz */
 380              		.loc 1 238 3 is_stmt 1 view .LVU83
 238:Core/Src/main.c ****   RCC_ClkInitStruct.APB1CLKDivider = RCC_HCLK_DIV2;  /* APB1=36MHz, TIM3clk=x2=72MHz */
 381              		.loc 1 238 36 is_stmt 0 view .LVU84
 382 004c 0023     		movs	r3, #0
 383 004e 0793     		str	r3, [sp, #28]
 239:Core/Src/main.c ****   RCC_ClkInitStruct.APB2CLKDivider = RCC_HCLK_DIV1;  /* APB2=72MHz */
 384              		.loc 1 239 3 is_stmt 1 view .LVU85
 239:Core/Src/main.c ****   RCC_ClkInitStruct.APB2CLKDivider = RCC_HCLK_DIV1;  /* APB2=72MHz */
 385              		.loc 1 239 36 is_stmt 0 view .LVU86
 386 0050 4FF48062 		mov	r2, #1024
 387 0054 0892     		str	r2, [sp, #32]
 240:Core/Src/main.c **** 
 388              		.loc 1 240 3 is_stmt 1 view .LVU87
 240:Core/Src/main.c **** 
 389              		.loc 1 240 36 is_stmt 0 view .LVU88
 390 0056 0993     		str	r3, [sp, #36]
 242:Core/Src/main.c ****   {
 391              		.loc 1 242 3 is_stmt 1 view .LVU89
 242:Core/Src/main.c ****   {
 392              		.loc 1 242 7 is_stmt 0 view .LVU90
ARM GAS  /tmp/ccvADxDw.s 			page 16


 393 0058 05A8     		add	r0, sp, #20
 394 005a FFF7FEFF 		bl	HAL_RCC_ClockConfig
 395              	.LVL20:
 242:Core/Src/main.c ****   {
 396              		.loc 1 242 6 discriminator 1 view .LVU91
 397 005e 60B9     		cbnz	r0, .L29
 248:Core/Src/main.c ****   PeriphClkInit.UsbClockSelection    = RCC_USBCLKSOURCE_PLL_DIV1_5;
 398              		.loc 1 248 3 is_stmt 1 view .LVU92
 248:Core/Src/main.c ****   PeriphClkInit.UsbClockSelection    = RCC_USBCLKSOURCE_PLL_DIV1_5;
 399              		.loc 1 248 38 is_stmt 0 view .LVU93
 400 0060 1023     		movs	r3, #16
 401 0062 0193     		str	r3, [sp, #4]
 249:Core/Src/main.c ****   if (HAL_RCCEx_PeriphCLKConfig(&PeriphClkInit) != HAL_OK)
 402              		.loc 1 249 3 is_stmt 1 view .LVU94
 249:Core/Src/main.c ****   if (HAL_RCCEx_PeriphCLKConfig(&PeriphClkInit) != HAL_OK)
 403              		.loc 1 249 38 is_stmt 0 view .LVU95
 404 0064 0023     		movs	r3, #0
 405 0066 0493     		str	r3, [sp, #16]
 250:Core/Src/main.c ****   {
 406              		.loc 1 250 3 is_stmt 1 view .LVU96
 250:Core/Src/main.c ****   {
 407              		.loc 1 250 7 is_stmt 0 view .LVU97
 408 0068 01A8     		add	r0, sp, #4
 409 006a FFF7FEFF 		bl	HAL_RCCEx_PeriphCLKConfig
 410              	.LVL21:
 250:Core/Src/main.c ****   {
 411              		.loc 1 250 6 discriminator 1 view .LVU98
 412 006e 30B9     		cbnz	r0, .L30
 254:Core/Src/main.c **** 
 413              		.loc 1 254 1 view .LVU99
 414 0070 15B0     		add	sp, sp, #84
 415              	.LCFI9:
 416              		.cfi_remember_state
 417              		.cfi_def_cfa_offset 4
 418              		@ sp needed
 419 0072 5DF804FB 		ldr	pc, [sp], #4
 420              	.L28:
 421              	.LCFI10:
 422              		.cfi_restore_state
 230:Core/Src/main.c ****   }
 423              		.loc 1 230 5 is_stmt 1 view .LVU100
 424 0076 FFF7FEFF 		bl	Error_Handler
 425              	.LVL22:
 426              	.L29:
 244:Core/Src/main.c ****   }
 427              		.loc 1 244 5 view .LVU101
 428 007a FFF7FEFF 		bl	Error_Handler
 429              	.LVL23:
 430              	.L30:
 252:Core/Src/main.c ****   }
 431              		.loc 1 252 5 view .LVU102
 432 007e FFF7FEFF 		bl	Error_Handler
 433              	.LVL24:
 434              		.cfi_endproc
 435              	.LFE74:
 437              		.section	.rodata.main.str1.4,"aMS",%progbits,1
 438              		.align	2
ARM GAS  /tmp/ccvADxDw.s 			page 17


 439              	.LC1:
 440 0000 53544D33 		.ascii	"STM32 USB Audio DAC v1 (bare-metal HAL) START\015\012"
 440      32205553 
 440      42204175 
 440      64696F20 
 440      44414320 
 441 002f 00       		.ascii	"\000"
 442              		.align	2
 443              	.LC2:
 444 0030 55534220 		.ascii	"USB Audio Class device started\015\012\000"
 444      41756469 
 444      6F20436C 
 444      61737320 
 444      64657669 
 445 0051 000000   		.align	2
 446              	.LC3:
 447 0054 5B737461 		.ascii	"[status] USB audio playing -> PWM\015\012\000"
 447      7475735D 
 447      20555342 
 447      20617564 
 447      696F2070 
 448              		.align	2
 449              	.LC4:
 450 0078 5B737461 		.ascii	"[status] ADC analog input -> PWM\015\012\000"
 450      7475735D 
 450      20414443 
 450      20616E61 
 450      6C6F6720 
 451              		.section	.text.main,"ax",%progbits
 452              		.align	1
 453              		.global	main
 454              		.syntax unified
 455              		.thumb
 456              		.thumb_func
 458              	main:
 459              	.LFB69:
  42:Core/Src/main.c ****   /* MCU Configuration--------------------------------------------------------*/
 460              		.loc 1 42 1 view -0
 461              		.cfi_startproc
 462              		@ args = 0, pretend = 0, frame = 0
 463              		@ frame_needed = 0, uses_anonymous_args = 0
 464 0000 10B5     		push	{r4, lr}
 465              	.LCFI11:
 466              		.cfi_def_cfa_offset 8
 467              		.cfi_offset 4, -8
 468              		.cfi_offset 14, -4
  44:Core/Src/main.c **** 
 469              		.loc 1 44 3 view .LVU104
 470 0002 FFF7FEFF 		bl	HAL_Init
 471              	.LVL25:
  47:Core/Src/main.c **** 
 472              		.loc 1 47 3 view .LVU105
 473 0006 FFF7FEFF 		bl	SystemClock_Config
 474              	.LVL26:
  50:Core/Src/main.c ****   MX_DMA_Init();
 475              		.loc 1 50 3 view .LVU106
 476 000a FFF7FEFF 		bl	MX_GPIO_Init
ARM GAS  /tmp/ccvADxDw.s 			page 18


 477              	.LVL27:
  51:Core/Src/main.c ****   MX_ADC1_Init();
 478              		.loc 1 51 3 view .LVU107
 479 000e FFF7FEFF 		bl	MX_DMA_Init
 480              	.LVL28:
  52:Core/Src/main.c ****   MX_TIM1_Init();
 481              		.loc 1 52 3 view .LVU108
 482 0012 FFF7FEFF 		bl	MX_ADC1_Init
 483              	.LVL29:
  53:Core/Src/main.c ****   MX_TIM3_Init();
 484              		.loc 1 53 3 view .LVU109
 485 0016 FFF7FEFF 		bl	MX_TIM1_Init
 486              	.LVL30:
  54:Core/Src/main.c ****   MX_TIM4_Init();     /* USBオーディオ サンプルレート(16kHz)タイマー */
 487              		.loc 1 54 3 view .LVU110
 488 001a FFF7FEFF 		bl	MX_TIM3_Init
 489              	.LVL31:
  55:Core/Src/main.c ****   MX_USART2_UART_Init();
 490              		.loc 1 55 3 view .LVU111
 491 001e FFF7FEFF 		bl	MX_TIM4_Init
 492              	.LVL32:
  56:Core/Src/main.c **** 
 493              		.loc 1 56 3 view .LVU112
 494 0022 FFF7FEFF 		bl	MX_USART2_UART_Init
 495              	.LVL33:
  61:Core/Src/main.c ****   {
 496              		.loc 1 61 3 view .LVU113
  61:Core/Src/main.c ****   {
 497              		.loc 1 61 7 is_stmt 0 view .LVU114
 498 0026 2B48     		ldr	r0, .L44
 499 0028 FFF7FEFF 		bl	HAL_ADCEx_Calibration_Start
 500              	.LVL34:
  61:Core/Src/main.c ****   {
 501              		.loc 1 61 6 discriminator 1 view .LVU115
 502 002c 08B1     		cbz	r0, .L32
  63:Core/Src/main.c ****   }
 503              		.loc 1 63 5 is_stmt 1 view .LVU116
 504 002e FFF7FEFF 		bl	Error_Handler
 505              	.LVL35:
 506              	.L32:
  67:Core/Src/main.c ****   {
 507              		.loc 1 67 3 view .LVU117
  67:Core/Src/main.c ****   {
 508              		.loc 1 67 7 is_stmt 0 view .LVU118
 509 0032 0021     		movs	r1, #0
 510 0034 2848     		ldr	r0, .L44+4
 511 0036 FFF7FEFF 		bl	HAL_TIM_PWM_Start
 512              	.LVL36:
  67:Core/Src/main.c ****   {
 513              		.loc 1 67 6 discriminator 1 view .LVU119
 514 003a 08B1     		cbz	r0, .L33
  69:Core/Src/main.c ****   }
 515              		.loc 1 69 5 is_stmt 1 view .LVU120
 516 003c FFF7FEFF 		bl	Error_Handler
 517              	.LVL37:
 518              	.L33:
  71:Core/Src/main.c ****   {
ARM GAS  /tmp/ccvADxDw.s 			page 19


 519              		.loc 1 71 3 view .LVU121
  71:Core/Src/main.c ****   {
 520              		.loc 1 71 7 is_stmt 0 view .LVU122
 521 0040 0021     		movs	r1, #0
 522 0042 2548     		ldr	r0, .L44+4
 523 0044 FFF7FEFF 		bl	HAL_TIMEx_PWMN_Start
 524              	.LVL38:
  71:Core/Src/main.c ****   {
 525              		.loc 1 71 6 discriminator 1 view .LVU123
 526 0048 08B1     		cbz	r0, .L34
  73:Core/Src/main.c ****   }
 527              		.loc 1 73 5 is_stmt 1 view .LVU124
 528 004a FFF7FEFF 		bl	Error_Handler
 529              	.LVL39:
 530              	.L34:
  75:Core/Src/main.c ****   {
 531              		.loc 1 75 3 view .LVU125
  75:Core/Src/main.c ****   {
 532              		.loc 1 75 7 is_stmt 0 view .LVU126
 533 004e 0421     		movs	r1, #4
 534 0050 2148     		ldr	r0, .L44+4
 535 0052 FFF7FEFF 		bl	HAL_TIM_PWM_Start
 536              	.LVL40:
  75:Core/Src/main.c ****   {
 537              		.loc 1 75 6 discriminator 1 view .LVU127
 538 0056 08B1     		cbz	r0, .L35
  77:Core/Src/main.c ****   }
 539              		.loc 1 77 5 is_stmt 1 view .LVU128
 540 0058 FFF7FEFF 		bl	Error_Handler
 541              	.LVL41:
 542              	.L35:
  79:Core/Src/main.c ****   {
 543              		.loc 1 79 3 view .LVU129
  79:Core/Src/main.c ****   {
 544              		.loc 1 79 7 is_stmt 0 view .LVU130
 545 005c 0421     		movs	r1, #4
 546 005e 1E48     		ldr	r0, .L44+4
 547 0060 FFF7FEFF 		bl	HAL_TIMEx_PWMN_Start
 548              	.LVL42:
  79:Core/Src/main.c ****   {
 549              		.loc 1 79 6 discriminator 1 view .LVU131
 550 0064 08B1     		cbz	r0, .L36
  81:Core/Src/main.c ****   }
 551              		.loc 1 81 5 is_stmt 1 view .LVU132
 552 0066 FFF7FEFF 		bl	Error_Handler
 553              	.LVL43:
 554              	.L36:
  85:Core/Src/main.c ****   {
 555              		.loc 1 85 3 view .LVU133
  85:Core/Src/main.c ****   {
 556              		.loc 1 85 7 is_stmt 0 view .LVU134
 557 006a 0222     		movs	r2, #2
 558 006c 1B49     		ldr	r1, .L44+8
 559 006e 1948     		ldr	r0, .L44
 560 0070 FFF7FEFF 		bl	HAL_ADC_Start_DMA
 561              	.LVL44:
  85:Core/Src/main.c ****   {
ARM GAS  /tmp/ccvADxDw.s 			page 20


 562              		.loc 1 85 6 discriminator 1 view .LVU135
 563 0074 08B1     		cbz	r0, .L37
  87:Core/Src/main.c ****   }
 564              		.loc 1 87 5 is_stmt 1 view .LVU136
 565 0076 FFF7FEFF 		bl	Error_Handler
 566              	.LVL45:
 567              	.L37:
  91:Core/Src/main.c ****   {
 568              		.loc 1 91 3 view .LVU137
  91:Core/Src/main.c ****   {
 569              		.loc 1 91 7 is_stmt 0 view .LVU138
 570 007a 1948     		ldr	r0, .L44+12
 571 007c FFF7FEFF 		bl	HAL_TIM_Base_Start
 572              	.LVL46:
  91:Core/Src/main.c ****   {
 573              		.loc 1 91 6 discriminator 1 view .LVU139
 574 0080 08B1     		cbz	r0, .L38
  93:Core/Src/main.c ****   }
 575              		.loc 1 93 5 is_stmt 1 view .LVU140
 576 0082 FFF7FEFF 		bl	Error_Handler
 577              	.LVL47:
 578              	.L38:
  97:Core/Src/main.c **** 
 579              		.loc 1 97 3 view .LVU141
 580 0086 1748     		ldr	r0, .L44+16
 581 0088 FFF7FEFF 		bl	UART2_Print
 582              	.LVL48:
 100:Core/Src/main.c ****   UART2_Print("USB Audio Class device started\r\n");
 583              		.loc 1 100 3 view .LVU142
 584 008c FFF7FEFF 		bl	MX_USB_DEVICE_Init
 585              	.LVL49:
 101:Core/Src/main.c **** 
 586              		.loc 1 101 3 view .LVU143
 587 0090 1548     		ldr	r0, .L44+20
 588 0092 FFF7FEFF 		bl	UART2_Print
 589              	.LVL50:
 107:Core/Src/main.c ****   while (1)
 590              		.loc 1 107 3 view .LVU144
 107:Core/Src/main.c ****   while (1)
 591              		.loc 1 107 28 is_stmt 0 view .LVU145
 592 0096 FFF7FEFF 		bl	HAL_GetTick
 593              	.LVL51:
 594 009a 0446     		mov	r4, r0
 595              	.LVL52:
 107:Core/Src/main.c ****   while (1)
 596              		.loc 1 107 28 view .LVU146
 597 009c 02E0     		b	.L40
 598              	.LVL53:
 599              	.L41:
 123:Core/Src/main.c ****       }
 600              		.loc 1 123 9 is_stmt 1 view .LVU147
 601 009e 1348     		ldr	r0, .L44+24
 602 00a0 FFF7FEFF 		bl	UART2_Print
 603              	.LVL54:
 604              	.L40:
 108:Core/Src/main.c ****   {
 605              		.loc 1 108 3 view .LVU148
ARM GAS  /tmp/ccvADxDw.s 			page 21


 110:Core/Src/main.c **** 
 606              		.loc 1 110 5 view .LVU149
 607 00a4 FFF7FEFF 		bl	UART2_PrintPCM8Debug
 608              	.LVL55:
 112:Core/Src/main.c ****     {
 609              		.loc 1 112 5 view .LVU150
 112:Core/Src/main.c ****     {
 610              		.loc 1 112 10 is_stmt 0 view .LVU151
 611 00a8 FFF7FEFF 		bl	HAL_GetTick
 612              	.LVL56:
 112:Core/Src/main.c ****     {
 613              		.loc 1 112 24 discriminator 1 view .LVU152
 614 00ac 001B     		subs	r0, r0, r4
 112:Core/Src/main.c ****     {
 615              		.loc 1 112 8 discriminator 1 view .LVU153
 616 00ae B0F5FA7F 		cmp	r0, #500
 617 00b2 F7D3     		bcc	.L40
 114:Core/Src/main.c ****       HAL_GPIO_TogglePin(LED_GPIO_Port, LED_Pin);
 618              		.loc 1 114 7 is_stmt 1 view .LVU154
 114:Core/Src/main.c ****       HAL_GPIO_TogglePin(LED_GPIO_Port, LED_Pin);
 619              		.loc 1 114 23 is_stmt 0 view .LVU155
 620 00b4 FFF7FEFF 		bl	HAL_GetTick
 621              	.LVL57:
 622 00b8 0446     		mov	r4, r0
 623              	.LVL58:
 115:Core/Src/main.c **** 
 624              		.loc 1 115 7 is_stmt 1 view .LVU156
 625 00ba 4FF40051 		mov	r1, #8192
 626 00be 0C48     		ldr	r0, .L44+28
 627              	.LVL59:
 115:Core/Src/main.c **** 
 628              		.loc 1 115 7 is_stmt 0 view .LVU157
 629 00c0 FFF7FEFF 		bl	HAL_GPIO_TogglePin
 630              	.LVL60:
 117:Core/Src/main.c ****       {
 631              		.loc 1 117 7 is_stmt 1 view .LVU158
 117:Core/Src/main.c ****       {
 632              		.loc 1 117 11 is_stmt 0 view .LVU159
 633 00c4 0B4B     		ldr	r3, .L44+32
 634 00c6 1B78     		ldrb	r3, [r3]	@ zero_extendqisi2
 117:Core/Src/main.c ****       {
 635              		.loc 1 117 10 view .LVU160
 636 00c8 002B     		cmp	r3, #0
 637 00ca E8D0     		beq	.L41
 119:Core/Src/main.c ****       }
 638              		.loc 1 119 9 is_stmt 1 view .LVU161
 639 00cc 0A48     		ldr	r0, .L44+36
 640 00ce FFF7FEFF 		bl	UART2_Print
 641              	.LVL61:
 642 00d2 E7E7     		b	.L40
 643              	.L45:
 644              		.align	2
 645              	.L44:
 646 00d4 00000000 		.word	hadc1
 647 00d8 00000000 		.word	htim1
 648 00dc 00000000 		.word	adc_buf
 649 00e0 00000000 		.word	htim3
ARM GAS  /tmp/ccvADxDw.s 			page 22


 650 00e4 00000000 		.word	.LC1
 651 00e8 30000000 		.word	.LC2
 652 00ec 78000000 		.word	.LC4
 653 00f0 00100140 		.word	1073811456
 654 00f4 00000000 		.word	g_usb_audio_playing
 655 00f8 54000000 		.word	.LC3
 656              		.cfi_endproc
 657              	.LFE69:
 659              		.text
 660              	.Letext0:
 661              		.file 3 "/usr/lib/gcc/arm-none-eabi/13.2.1/include/stdint.h"
 662              		.file 4 "Drivers/CMSIS/Device/ST/STM32F1xx/Include/stm32f103xb.h"
 663              		.file 5 "Drivers/CMSIS/Device/ST/STM32F1xx/Include/stm32f1xx.h"
 664              		.file 6 "/usr/lib/gcc/arm-none-eabi/13.2.1/include/stddef.h"
 665              		.file 7 "Drivers/STM32F1xx_HAL_Driver/Inc/stm32f1xx_hal_def.h"
 666              		.file 8 "Drivers/STM32F1xx_HAL_Driver/Inc/stm32f1xx_hal_rcc.h"
 667              		.file 9 "Drivers/STM32F1xx_HAL_Driver/Inc/stm32f1xx_hal_rcc_ex.h"
 668              		.file 10 "Drivers/STM32F1xx_HAL_Driver/Inc/stm32f1xx_hal_dma.h"
 669              		.file 11 "Drivers/STM32F1xx_HAL_Driver/Inc/stm32f1xx_hal_adc.h"
 670              		.file 12 "Drivers/STM32F1xx_HAL_Driver/Inc/stm32f1xx_hal_tim.h"
 671              		.file 13 "Drivers/STM32F1xx_HAL_Driver/Inc/stm32f1xx_hal_uart.h"
 672              		.file 14 "Core/Inc/adc.h"
 673              		.file 15 "Core/Inc/tim.h"
 674              		.file 16 "Core/Inc/usart.h"
 675              		.file 17 "USB_DEVICE/App/usbd_audio_if.h"
 676              		.file 18 "/usr/include/newlib/string.h"
 677              		.file 19 "/usr/include/newlib/stdio.h"
 678              		.file 20 "Drivers/STM32F1xx_HAL_Driver/Inc/stm32f1xx_hal_tim_ex.h"
 679              		.file 21 "Drivers/STM32F1xx_HAL_Driver/Inc/stm32f1xx_hal_adc_ex.h"
 680              		.file 22 "USB_DEVICE/App/usb_device.h"
 681              		.file 23 "Core/Inc/dma.h"
 682              		.file 24 "Core/Inc/gpio.h"
 683              		.file 25 "Drivers/STM32F1xx_HAL_Driver/Inc/stm32f1xx_hal.h"
 684              		.file 26 "Drivers/STM32F1xx_HAL_Driver/Inc/stm32f1xx_hal_gpio.h"
 685              		.file 27 "<built-in>"
ARM GAS  /tmp/ccvADxDw.s 			page 23


DEFINED SYMBOLS
                            *ABS*:00000000 main.c
     /tmp/ccvADxDw.s:19     .text.TIM1_UpdatePWMFromADC:00000000 $t
     /tmp/ccvADxDw.s:24     .text.TIM1_UpdatePWMFromADC:00000000 TIM1_UpdatePWMFromADC
     /tmp/ccvADxDw.s:73     .text.TIM1_UpdatePWMFromADC:00000038 $d
     /tmp/ccvADxDw.s:79     .rodata.UART2_PrintPCM8Debug.str1.4:00000000 $d
     /tmp/ccvADxDw.s:83     .text.UART2_PrintPCM8Debug:00000000 $t
     /tmp/ccvADxDw.s:88     .text.UART2_PrintPCM8Debug:00000000 UART2_PrintPCM8Debug
     /tmp/ccvADxDw.s:154    .text.UART2_PrintPCM8Debug:00000040 $d
     /tmp/ccvADxDw.s:160    .text.UART2_Print:00000000 $t
     /tmp/ccvADxDw.s:165    .text.UART2_Print:00000000 UART2_Print
     /tmp/ccvADxDw.s:197    .text.UART2_Print:00000018 $d
     /tmp/ccvADxDw.s:202    .text.HAL_ADC_ConvCpltCallback:00000000 $t
     /tmp/ccvADxDw.s:208    .text.HAL_ADC_ConvCpltCallback:00000000 HAL_ADC_ConvCpltCallback
     /tmp/ccvADxDw.s:257    .text.HAL_ADC_ConvCpltCallback:00000024 $d
     /tmp/ccvADxDw.s:264    .text.Error_Handler:00000000 $t
     /tmp/ccvADxDw.s:270    .text.Error_Handler:00000000 Error_Handler
     /tmp/ccvADxDw.s:302    .text.SystemClock_Config:00000000 $t
     /tmp/ccvADxDw.s:308    .text.SystemClock_Config:00000000 SystemClock_Config
     /tmp/ccvADxDw.s:438    .rodata.main.str1.4:00000000 $d
     /tmp/ccvADxDw.s:452    .text.main:00000000 $t
     /tmp/ccvADxDw.s:458    .text.main:00000000 main
     /tmp/ccvADxDw.s:646    .text.main:000000d4 $d

UNDEFINED SYMBOLS
htim1
AUDIO_DebugPop
snprintf
HAL_UART_Transmit
huart2
strlen
g_usb_audio_playing
adc_buf
memset
HAL_RCC_OscConfig
HAL_RCC_ClockConfig
HAL_RCCEx_PeriphCLKConfig
HAL_Init
MX_GPIO_Init
MX_DMA_Init
MX_ADC1_Init
MX_TIM1_Init
MX_TIM3_Init
MX_TIM4_Init
MX_USART2_UART_Init
HAL_ADCEx_Calibration_Start
HAL_TIM_PWM_Start
HAL_TIMEx_PWMN_Start
HAL_ADC_Start_DMA
HAL_TIM_Base_Start
MX_USB_DEVICE_Init
HAL_GetTick
HAL_GPIO_TogglePin
hadc1
htim3
