ARM GAS  /tmp/cc1LyW7G.s 			page 1


   1              		.cpu cortex-m3
   2              		.arch armv7-m
   3              		.fpu softvfp
   4              		.eabi_attribute 20, 1
   5              		.eabi_attribute 21, 1
   6              		.eabi_attribute 23, 3
   7              		.eabi_attribute 24, 1
   8              		.eabi_attribute 25, 1
   9              		.eabi_attribute 26, 1
  10              		.eabi_attribute 30, 1
  11              		.eabi_attribute 34, 1
  12              		.eabi_attribute 18, 4
  13              		.file	"usart.c"
  14              		.text
  15              	.Ltext0:
  16              		.cfi_sections	.debug_frame
  17              		.file 1 "Core/Src/usart.c"
  18              		.section	.text.MX_USART2_UART_Init,"ax",%progbits
  19              		.align	1
  20              		.global	MX_USART2_UART_Init
  21              		.syntax unified
  22              		.thumb
  23              		.thumb_func
  25              	MX_USART2_UART_Init:
  26              	.LFB65:
   1:Core/Src/usart.c **** #include "usart.h"
   2:Core/Src/usart.c **** 
   3:Core/Src/usart.c **** UART_HandleTypeDef huart2;
   4:Core/Src/usart.c **** 
   5:Core/Src/usart.c **** /**
   6:Core/Src/usart.c ****   * @brief USART2 Initialization Function
   7:Core/Src/usart.c ****   *        .ioc設定準拠: VM_ASYNC, 115200bps, 8N1
   8:Core/Src/usart.c ****   * @retval None
   9:Core/Src/usart.c ****   */
  10:Core/Src/usart.c **** void MX_USART2_UART_Init(void)
  11:Core/Src/usart.c **** {
  27              		.loc 1 11 1 view -0
  28              		.cfi_startproc
  29              		@ args = 0, pretend = 0, frame = 0
  30              		@ frame_needed = 0, uses_anonymous_args = 0
  31 0000 08B5     		push	{r3, lr}
  32              	.LCFI0:
  33              		.cfi_def_cfa_offset 8
  34              		.cfi_offset 3, -8
  35              		.cfi_offset 14, -4
  12:Core/Src/usart.c ****   huart2.Instance          = USART2;
  36              		.loc 1 12 3 view .LVU1
  37              		.loc 1 12 28 is_stmt 0 view .LVU2
  38 0002 0A48     		ldr	r0, .L5
  39 0004 0A4B     		ldr	r3, .L5+4
  40 0006 0360     		str	r3, [r0]
  13:Core/Src/usart.c ****   huart2.Init.BaudRate     = 921600;
  41              		.loc 1 13 3 is_stmt 1 view .LVU3
  42              		.loc 1 13 28 is_stmt 0 view .LVU4
  43 0008 4FF46123 		mov	r3, #921600
  44 000c 4360     		str	r3, [r0, #4]
  14:Core/Src/usart.c ****   huart2.Init.WordLength   = UART_WORDLENGTH_8B;
ARM GAS  /tmp/cc1LyW7G.s 			page 2


  45              		.loc 1 14 3 is_stmt 1 view .LVU5
  46              		.loc 1 14 28 is_stmt 0 view .LVU6
  47 000e 0023     		movs	r3, #0
  48 0010 8360     		str	r3, [r0, #8]
  15:Core/Src/usart.c ****   huart2.Init.StopBits     = UART_STOPBITS_1;
  49              		.loc 1 15 3 is_stmt 1 view .LVU7
  50              		.loc 1 15 28 is_stmt 0 view .LVU8
  51 0012 C360     		str	r3, [r0, #12]
  16:Core/Src/usart.c ****   huart2.Init.Parity       = UART_PARITY_NONE;
  52              		.loc 1 16 3 is_stmt 1 view .LVU9
  53              		.loc 1 16 28 is_stmt 0 view .LVU10
  54 0014 0361     		str	r3, [r0, #16]
  17:Core/Src/usart.c ****   huart2.Init.Mode         = UART_MODE_TX_RX;
  55              		.loc 1 17 3 is_stmt 1 view .LVU11
  56              		.loc 1 17 28 is_stmt 0 view .LVU12
  57 0016 0C22     		movs	r2, #12
  58 0018 4261     		str	r2, [r0, #20]
  18:Core/Src/usart.c ****   huart2.Init.HwFlowCtl    = UART_HWCONTROL_NONE;
  59              		.loc 1 18 3 is_stmt 1 view .LVU13
  60              		.loc 1 18 28 is_stmt 0 view .LVU14
  61 001a 8361     		str	r3, [r0, #24]
  19:Core/Src/usart.c ****   huart2.Init.OverSampling = UART_OVERSAMPLING_16;
  62              		.loc 1 19 3 is_stmt 1 view .LVU15
  63              		.loc 1 19 28 is_stmt 0 view .LVU16
  64 001c C361     		str	r3, [r0, #28]
  20:Core/Src/usart.c ****   if (HAL_UART_Init(&huart2) != HAL_OK)
  65              		.loc 1 20 3 is_stmt 1 view .LVU17
  66              		.loc 1 20 7 is_stmt 0 view .LVU18
  67 001e FFF7FEFF 		bl	HAL_UART_Init
  68              	.LVL0:
  69              		.loc 1 20 6 discriminator 1 view .LVU19
  70 0022 00B9     		cbnz	r0, .L4
  71              	.L1:
  21:Core/Src/usart.c ****   {
  22:Core/Src/usart.c ****     Error_Handler();
  23:Core/Src/usart.c ****   }
  24:Core/Src/usart.c **** }
  72              		.loc 1 24 1 view .LVU20
  73 0024 08BD     		pop	{r3, pc}
  74              	.L4:
  22:Core/Src/usart.c ****   }
  75              		.loc 1 22 5 is_stmt 1 view .LVU21
  76 0026 FFF7FEFF 		bl	Error_Handler
  77              	.LVL1:
  78              		.loc 1 24 1 is_stmt 0 view .LVU22
  79 002a FBE7     		b	.L1
  80              	.L6:
  81              		.align	2
  82              	.L5:
  83 002c 00000000 		.word	huart2
  84 0030 00440040 		.word	1073759232
  85              		.cfi_endproc
  86              	.LFE65:
  88              		.section	.text.HAL_UART_MspInit,"ax",%progbits
  89              		.align	1
  90              		.global	HAL_UART_MspInit
  91              		.syntax unified
ARM GAS  /tmp/cc1LyW7G.s 			page 3


  92              		.thumb
  93              		.thumb_func
  95              	HAL_UART_MspInit:
  96              	.LVL2:
  97              	.LFB66:
  25:Core/Src/usart.c **** 
  26:Core/Src/usart.c **** /**
  27:Core/Src/usart.c ****   * @brief UART MSP Initialization
  28:Core/Src/usart.c ****   *        PA2 = TX (AF Push-Pull), PA3 = RX (Floating Input)
  29:Core/Src/usart.c ****   * @retval None
  30:Core/Src/usart.c ****   */
  31:Core/Src/usart.c **** void HAL_UART_MspInit(UART_HandleTypeDef *uartHandle)
  32:Core/Src/usart.c **** {
  98              		.loc 1 32 1 is_stmt 1 view -0
  99              		.cfi_startproc
 100              		@ args = 0, pretend = 0, frame = 24
 101              		@ frame_needed = 0, uses_anonymous_args = 0
 102              		.loc 1 32 1 is_stmt 0 view .LVU24
 103 0000 10B5     		push	{r4, lr}
 104              	.LCFI1:
 105              		.cfi_def_cfa_offset 8
 106              		.cfi_offset 4, -8
 107              		.cfi_offset 14, -4
 108 0002 86B0     		sub	sp, sp, #24
 109              	.LCFI2:
 110              		.cfi_def_cfa_offset 32
  33:Core/Src/usart.c ****   GPIO_InitTypeDef GPIO_InitStruct = {0};
 111              		.loc 1 33 3 is_stmt 1 view .LVU25
 112              		.loc 1 33 20 is_stmt 0 view .LVU26
 113 0004 0023     		movs	r3, #0
 114 0006 0293     		str	r3, [sp, #8]
 115 0008 0393     		str	r3, [sp, #12]
 116 000a 0493     		str	r3, [sp, #16]
 117 000c 0593     		str	r3, [sp, #20]
  34:Core/Src/usart.c **** 
  35:Core/Src/usart.c ****   if (uartHandle->Instance == USART2)
 118              		.loc 1 35 3 is_stmt 1 view .LVU27
 119              		.loc 1 35 17 is_stmt 0 view .LVU28
 120 000e 0268     		ldr	r2, [r0]
 121              		.loc 1 35 6 view .LVU29
 122 0010 164B     		ldr	r3, .L11
 123 0012 9A42     		cmp	r2, r3
 124 0014 01D0     		beq	.L10
 125              	.LVL3:
 126              	.L7:
  36:Core/Src/usart.c ****   {
  37:Core/Src/usart.c ****     __HAL_RCC_USART2_CLK_ENABLE();
  38:Core/Src/usart.c ****     __HAL_RCC_GPIOA_CLK_ENABLE();
  39:Core/Src/usart.c **** 
  40:Core/Src/usart.c ****     /**USART2 GPIO Configuration
  41:Core/Src/usart.c ****     PA2     ------> USART2_TX
  42:Core/Src/usart.c ****     PA3     ------> USART2_RX
  43:Core/Src/usart.c ****     */
  44:Core/Src/usart.c ****     GPIO_InitStruct.Pin   = GPIO_PIN_2;
  45:Core/Src/usart.c ****     GPIO_InitStruct.Mode  = GPIO_MODE_AF_PP;
  46:Core/Src/usart.c ****     GPIO_InitStruct.Speed = GPIO_SPEED_FREQ_HIGH;
  47:Core/Src/usart.c ****     HAL_GPIO_Init(GPIOA, &GPIO_InitStruct);
ARM GAS  /tmp/cc1LyW7G.s 			page 4


  48:Core/Src/usart.c **** 
  49:Core/Src/usart.c ****     GPIO_InitStruct.Pin  = GPIO_PIN_3;
  50:Core/Src/usart.c ****     GPIO_InitStruct.Mode = GPIO_MODE_INPUT;
  51:Core/Src/usart.c ****     GPIO_InitStruct.Pull = GPIO_NOPULL;
  52:Core/Src/usart.c ****     HAL_GPIO_Init(GPIOA, &GPIO_InitStruct);
  53:Core/Src/usart.c ****   }
  54:Core/Src/usart.c **** }
 127              		.loc 1 54 1 view .LVU30
 128 0016 06B0     		add	sp, sp, #24
 129              	.LCFI3:
 130              		.cfi_remember_state
 131              		.cfi_def_cfa_offset 8
 132              		@ sp needed
 133 0018 10BD     		pop	{r4, pc}
 134              	.LVL4:
 135              	.L10:
 136              	.LCFI4:
 137              		.cfi_restore_state
  37:Core/Src/usart.c ****     __HAL_RCC_GPIOA_CLK_ENABLE();
 138              		.loc 1 37 5 is_stmt 1 view .LVU31
 139              	.LBB2:
  37:Core/Src/usart.c ****     __HAL_RCC_GPIOA_CLK_ENABLE();
 140              		.loc 1 37 5 view .LVU32
  37:Core/Src/usart.c ****     __HAL_RCC_GPIOA_CLK_ENABLE();
 141              		.loc 1 37 5 view .LVU33
 142 001a 03F5E633 		add	r3, r3, #117760
 143 001e DA69     		ldr	r2, [r3, #28]
 144 0020 42F40032 		orr	r2, r2, #131072
 145 0024 DA61     		str	r2, [r3, #28]
  37:Core/Src/usart.c ****     __HAL_RCC_GPIOA_CLK_ENABLE();
 146              		.loc 1 37 5 view .LVU34
 147 0026 DA69     		ldr	r2, [r3, #28]
 148 0028 02F40032 		and	r2, r2, #131072
 149 002c 0092     		str	r2, [sp]
  37:Core/Src/usart.c ****     __HAL_RCC_GPIOA_CLK_ENABLE();
 150              		.loc 1 37 5 view .LVU35
 151 002e 009A     		ldr	r2, [sp]
 152              	.LBE2:
  37:Core/Src/usart.c ****     __HAL_RCC_GPIOA_CLK_ENABLE();
 153              		.loc 1 37 5 view .LVU36
  38:Core/Src/usart.c **** 
 154              		.loc 1 38 5 view .LVU37
 155              	.LBB3:
  38:Core/Src/usart.c **** 
 156              		.loc 1 38 5 view .LVU38
  38:Core/Src/usart.c **** 
 157              		.loc 1 38 5 view .LVU39
 158 0030 9A69     		ldr	r2, [r3, #24]
 159 0032 42F00402 		orr	r2, r2, #4
 160 0036 9A61     		str	r2, [r3, #24]
  38:Core/Src/usart.c **** 
 161              		.loc 1 38 5 view .LVU40
 162 0038 9B69     		ldr	r3, [r3, #24]
 163 003a 03F00403 		and	r3, r3, #4
 164 003e 0193     		str	r3, [sp, #4]
  38:Core/Src/usart.c **** 
 165              		.loc 1 38 5 view .LVU41
ARM GAS  /tmp/cc1LyW7G.s 			page 5


 166 0040 019B     		ldr	r3, [sp, #4]
 167              	.LBE3:
  38:Core/Src/usart.c **** 
 168              		.loc 1 38 5 view .LVU42
  44:Core/Src/usart.c ****     GPIO_InitStruct.Mode  = GPIO_MODE_AF_PP;
 169              		.loc 1 44 5 view .LVU43
  44:Core/Src/usart.c ****     GPIO_InitStruct.Mode  = GPIO_MODE_AF_PP;
 170              		.loc 1 44 27 is_stmt 0 view .LVU44
 171 0042 0423     		movs	r3, #4
 172 0044 0293     		str	r3, [sp, #8]
  45:Core/Src/usart.c ****     GPIO_InitStruct.Speed = GPIO_SPEED_FREQ_HIGH;
 173              		.loc 1 45 5 is_stmt 1 view .LVU45
  45:Core/Src/usart.c ****     GPIO_InitStruct.Speed = GPIO_SPEED_FREQ_HIGH;
 174              		.loc 1 45 27 is_stmt 0 view .LVU46
 175 0046 0223     		movs	r3, #2
 176 0048 0393     		str	r3, [sp, #12]
  46:Core/Src/usart.c ****     HAL_GPIO_Init(GPIOA, &GPIO_InitStruct);
 177              		.loc 1 46 5 is_stmt 1 view .LVU47
  46:Core/Src/usart.c ****     HAL_GPIO_Init(GPIOA, &GPIO_InitStruct);
 178              		.loc 1 46 27 is_stmt 0 view .LVU48
 179 004a 0323     		movs	r3, #3
 180 004c 0593     		str	r3, [sp, #20]
  47:Core/Src/usart.c **** 
 181              		.loc 1 47 5 is_stmt 1 view .LVU49
 182 004e 084C     		ldr	r4, .L11+4
 183 0050 02A9     		add	r1, sp, #8
 184 0052 2046     		mov	r0, r4
 185              	.LVL5:
  47:Core/Src/usart.c **** 
 186              		.loc 1 47 5 is_stmt 0 view .LVU50
 187 0054 FFF7FEFF 		bl	HAL_GPIO_Init
 188              	.LVL6:
  49:Core/Src/usart.c ****     GPIO_InitStruct.Mode = GPIO_MODE_INPUT;
 189              		.loc 1 49 5 is_stmt 1 view .LVU51
  49:Core/Src/usart.c ****     GPIO_InitStruct.Mode = GPIO_MODE_INPUT;
 190              		.loc 1 49 26 is_stmt 0 view .LVU52
 191 0058 0823     		movs	r3, #8
 192 005a 0293     		str	r3, [sp, #8]
  50:Core/Src/usart.c ****     GPIO_InitStruct.Pull = GPIO_NOPULL;
 193              		.loc 1 50 5 is_stmt 1 view .LVU53
  50:Core/Src/usart.c ****     GPIO_InitStruct.Pull = GPIO_NOPULL;
 194              		.loc 1 50 26 is_stmt 0 view .LVU54
 195 005c 0023     		movs	r3, #0
 196 005e 0393     		str	r3, [sp, #12]
  51:Core/Src/usart.c ****     HAL_GPIO_Init(GPIOA, &GPIO_InitStruct);
 197              		.loc 1 51 5 is_stmt 1 view .LVU55
  51:Core/Src/usart.c ****     HAL_GPIO_Init(GPIOA, &GPIO_InitStruct);
 198              		.loc 1 51 26 is_stmt 0 view .LVU56
 199 0060 0493     		str	r3, [sp, #16]
  52:Core/Src/usart.c ****   }
 200              		.loc 1 52 5 is_stmt 1 view .LVU57
 201 0062 02A9     		add	r1, sp, #8
 202 0064 2046     		mov	r0, r4
 203 0066 FFF7FEFF 		bl	HAL_GPIO_Init
 204              	.LVL7:
 205              		.loc 1 54 1 is_stmt 0 view .LVU58
 206 006a D4E7     		b	.L7
ARM GAS  /tmp/cc1LyW7G.s 			page 6


 207              	.L12:
 208              		.align	2
 209              	.L11:
 210 006c 00440040 		.word	1073759232
 211 0070 00080140 		.word	1073809408
 212              		.cfi_endproc
 213              	.LFE66:
 215              		.section	.text.HAL_UART_MspDeInit,"ax",%progbits
 216              		.align	1
 217              		.global	HAL_UART_MspDeInit
 218              		.syntax unified
 219              		.thumb
 220              		.thumb_func
 222              	HAL_UART_MspDeInit:
 223              	.LVL8:
 224              	.LFB67:
  55:Core/Src/usart.c **** 
  56:Core/Src/usart.c **** void HAL_UART_MspDeInit(UART_HandleTypeDef *uartHandle)
  57:Core/Src/usart.c **** {
 225              		.loc 1 57 1 is_stmt 1 view -0
 226              		.cfi_startproc
 227              		@ args = 0, pretend = 0, frame = 0
 228              		@ frame_needed = 0, uses_anonymous_args = 0
 229              		.loc 1 57 1 is_stmt 0 view .LVU60
 230 0000 08B5     		push	{r3, lr}
 231              	.LCFI5:
 232              		.cfi_def_cfa_offset 8
 233              		.cfi_offset 3, -8
 234              		.cfi_offset 14, -4
  58:Core/Src/usart.c ****   if (uartHandle->Instance == USART2)
 235              		.loc 1 58 3 is_stmt 1 view .LVU61
 236              		.loc 1 58 17 is_stmt 0 view .LVU62
 237 0002 0268     		ldr	r2, [r0]
 238              		.loc 1 58 6 view .LVU63
 239 0004 064B     		ldr	r3, .L17
 240 0006 9A42     		cmp	r2, r3
 241 0008 00D0     		beq	.L16
 242              	.LVL9:
 243              	.L13:
  59:Core/Src/usart.c ****   {
  60:Core/Src/usart.c ****     __HAL_RCC_USART2_CLK_DISABLE();
  61:Core/Src/usart.c ****     HAL_GPIO_DeInit(GPIOA, GPIO_PIN_2 | GPIO_PIN_3);
  62:Core/Src/usart.c ****   }
  63:Core/Src/usart.c **** }
 244              		.loc 1 63 1 view .LVU64
 245 000a 08BD     		pop	{r3, pc}
 246              	.LVL10:
 247              	.L16:
  60:Core/Src/usart.c ****     HAL_GPIO_DeInit(GPIOA, GPIO_PIN_2 | GPIO_PIN_3);
 248              		.loc 1 60 5 is_stmt 1 view .LVU65
 249 000c 054A     		ldr	r2, .L17+4
 250 000e D369     		ldr	r3, [r2, #28]
 251 0010 23F40033 		bic	r3, r3, #131072
 252 0014 D361     		str	r3, [r2, #28]
  61:Core/Src/usart.c ****   }
 253              		.loc 1 61 5 view .LVU66
 254 0016 0C21     		movs	r1, #12
ARM GAS  /tmp/cc1LyW7G.s 			page 7


 255 0018 0348     		ldr	r0, .L17+8
 256              	.LVL11:
  61:Core/Src/usart.c ****   }
 257              		.loc 1 61 5 is_stmt 0 view .LVU67
 258 001a FFF7FEFF 		bl	HAL_GPIO_DeInit
 259              	.LVL12:
 260              		.loc 1 63 1 view .LVU68
 261 001e F4E7     		b	.L13
 262              	.L18:
 263              		.align	2
 264              	.L17:
 265 0020 00440040 		.word	1073759232
 266 0024 00100240 		.word	1073876992
 267 0028 00080140 		.word	1073809408
 268              		.cfi_endproc
 269              	.LFE67:
 271              		.global	huart2
 272              		.section	.bss.huart2,"aw",%nobits
 273              		.align	2
 276              	huart2:
 277 0000 00000000 		.space	72
 277      00000000 
 277      00000000 
 277      00000000 
 277      00000000 
 278              		.text
 279              	.Letext0:
 280              		.file 2 "/usr/lib/gcc/arm-none-eabi/13.2.1/include/stdint.h"
 281              		.file 3 "Drivers/CMSIS/Device/ST/STM32F1xx/Include/stm32f103xb.h"
 282              		.file 4 "Drivers/STM32F1xx_HAL_Driver/Inc/stm32f1xx_hal_def.h"
 283              		.file 5 "Drivers/STM32F1xx_HAL_Driver/Inc/stm32f1xx_hal_gpio.h"
 284              		.file 6 "Drivers/STM32F1xx_HAL_Driver/Inc/stm32f1xx_hal_dma.h"
 285              		.file 7 "Drivers/STM32F1xx_HAL_Driver/Inc/stm32f1xx_hal_uart.h"
 286              		.file 8 "Core/Inc/usart.h"
 287              		.file 9 "Core/Inc/main.h"
ARM GAS  /tmp/cc1LyW7G.s 			page 8


DEFINED SYMBOLS
                            *ABS*:00000000 usart.c
     /tmp/cc1LyW7G.s:19     .text.MX_USART2_UART_Init:00000000 $t
     /tmp/cc1LyW7G.s:25     .text.MX_USART2_UART_Init:00000000 MX_USART2_UART_Init
     /tmp/cc1LyW7G.s:83     .text.MX_USART2_UART_Init:0000002c $d
     /tmp/cc1LyW7G.s:276    .bss.huart2:00000000 huart2
     /tmp/cc1LyW7G.s:89     .text.HAL_UART_MspInit:00000000 $t
     /tmp/cc1LyW7G.s:95     .text.HAL_UART_MspInit:00000000 HAL_UART_MspInit
     /tmp/cc1LyW7G.s:210    .text.HAL_UART_MspInit:0000006c $d
     /tmp/cc1LyW7G.s:216    .text.HAL_UART_MspDeInit:00000000 $t
     /tmp/cc1LyW7G.s:222    .text.HAL_UART_MspDeInit:00000000 HAL_UART_MspDeInit
     /tmp/cc1LyW7G.s:265    .text.HAL_UART_MspDeInit:00000020 $d
     /tmp/cc1LyW7G.s:273    .bss.huart2:00000000 $d

UNDEFINED SYMBOLS
HAL_UART_Init
Error_Handler
HAL_GPIO_Init
HAL_GPIO_DeInit
