ARM GAS  /tmp/ccWluYAK.s 			page 1


   1              		.cpu cortex-m3
   2              		.arch armv7-m
   3              		.fpu softvfp
   4              		.eabi_attribute 20, 1
   5              		.eabi_attribute 21, 1
   6              		.eabi_attribute 23, 3
   7              		.eabi_attribute 24, 1
   8              		.eabi_attribute 25, 1
   9              		.eabi_attribute 26, 1
  10              		.eabi_attribute 30, 1
  11              		.eabi_attribute 34, 1
  12              		.eabi_attribute 18, 4
  13              		.file	"usb_device.c"
  14              		.text
  15              	.Ltext0:
  16              		.cfi_sections	.debug_frame
  17              		.file 1 "USB_DEVICE/App/usb_device.c"
  18              		.section	.text.MX_USB_DEVICE_Init,"ax",%progbits
  19              		.align	1
  20              		.global	MX_USB_DEVICE_Init
  21              		.syntax unified
  22              		.thumb
  23              		.thumb_func
  25              	MX_USB_DEVICE_Init:
  26              	.LFB66:
   1:USB_DEVICE/App/usb_device.c **** /**
   2:USB_DEVICE/App/usb_device.c ****   ******************************************************************************
   3:USB_DEVICE/App/usb_device.c ****   * @file    usb_device.c
   4:USB_DEVICE/App/usb_device.c ****   * @brief   USB Device Core初期化 (Audioクラス登録)
   5:USB_DEVICE/App/usb_device.c ****   ******************************************************************************
   6:USB_DEVICE/App/usb_device.c ****   */
   7:USB_DEVICE/App/usb_device.c **** 
   8:USB_DEVICE/App/usb_device.c **** #include "usb_device.h"
   9:USB_DEVICE/App/usb_device.c **** #include "usbd_core.h"
  10:USB_DEVICE/App/usb_device.c **** #include "usbd_desc.h"
  11:USB_DEVICE/App/usb_device.c **** #include "usbd_audio.h"
  12:USB_DEVICE/App/usb_device.c **** #include "usbd_audio_if.h"
  13:USB_DEVICE/App/usb_device.c **** #include "main.h"
  14:USB_DEVICE/App/usb_device.c **** 
  15:USB_DEVICE/App/usb_device.c **** 
  16:USB_DEVICE/App/usb_device.c **** USBD_HandleTypeDef hUsbDeviceFS;
  17:USB_DEVICE/App/usb_device.c **** 
  18:USB_DEVICE/App/usb_device.c **** void MX_USB_DEVICE_Init(void)
  19:USB_DEVICE/App/usb_device.c **** {
  27              		.loc 1 19 1 view -0
  28              		.cfi_startproc
  29              		@ args = 0, pretend = 0, frame = 0
  30              		@ frame_needed = 0, uses_anonymous_args = 0
  31 0000 08B5     		push	{r3, lr}
  32              	.LCFI0:
  33              		.cfi_def_cfa_offset 8
  34              		.cfi_offset 3, -8
  35              		.cfi_offset 14, -4
  20:USB_DEVICE/App/usb_device.c ****   if (USBD_Init(&hUsbDeviceFS, &FS_Desc, 0) != USBD_OK)
  36              		.loc 1 20 3 view .LVU1
  37              		.loc 1 20 7 is_stmt 0 view .LVU2
  38 0002 0022     		movs	r2, #0
ARM GAS  /tmp/ccWluYAK.s 			page 2


  39 0004 0F49     		ldr	r1, .L11
  40 0006 1048     		ldr	r0, .L11+4
  41 0008 FFF7FEFF 		bl	USBD_Init
  42              	.LVL0:
  43              		.loc 1 20 6 discriminator 1 view .LVU3
  44 000c 70B9     		cbnz	r0, .L7
  45              	.L2:
  21:USB_DEVICE/App/usb_device.c ****   {
  22:USB_DEVICE/App/usb_device.c ****     Error_Handler();
  23:USB_DEVICE/App/usb_device.c ****   }
  24:USB_DEVICE/App/usb_device.c **** 
  25:USB_DEVICE/App/usb_device.c ****   if (USBD_RegisterClass(&hUsbDeviceFS, USBD_AUDIO_CLASS) != USBD_OK)
  46              		.loc 1 25 3 is_stmt 1 view .LVU4
  47              		.loc 1 25 7 is_stmt 0 view .LVU5
  48 000e 0F49     		ldr	r1, .L11+8
  49 0010 0D48     		ldr	r0, .L11+4
  50 0012 FFF7FEFF 		bl	USBD_RegisterClass
  51              	.LVL1:
  52              		.loc 1 25 6 discriminator 1 view .LVU6
  53 0016 60B9     		cbnz	r0, .L8
  54              	.L3:
  26:USB_DEVICE/App/usb_device.c ****   {
  27:USB_DEVICE/App/usb_device.c ****     Error_Handler();
  28:USB_DEVICE/App/usb_device.c ****   }
  29:USB_DEVICE/App/usb_device.c **** 
  30:USB_DEVICE/App/usb_device.c ****   if (USBD_AUDIO_RegisterInterface(&hUsbDeviceFS, &USBD_AUDIO_fops) != USBD_OK)
  55              		.loc 1 30 3 is_stmt 1 view .LVU7
  56              		.loc 1 30 7 is_stmt 0 view .LVU8
  57 0018 0D49     		ldr	r1, .L11+12
  58 001a 0B48     		ldr	r0, .L11+4
  59 001c FFF7FEFF 		bl	USBD_AUDIO_RegisterInterface
  60              	.LVL2:
  61              		.loc 1 30 6 discriminator 1 view .LVU9
  62 0020 50B9     		cbnz	r0, .L9
  63              	.L4:
  31:USB_DEVICE/App/usb_device.c ****   {
  32:USB_DEVICE/App/usb_device.c ****     Error_Handler();
  33:USB_DEVICE/App/usb_device.c ****   }
  34:USB_DEVICE/App/usb_device.c **** 
  35:USB_DEVICE/App/usb_device.c ****   if (USBD_Start(&hUsbDeviceFS) != USBD_OK)
  64              		.loc 1 35 3 is_stmt 1 view .LVU10
  65              		.loc 1 35 7 is_stmt 0 view .LVU11
  66 0022 0948     		ldr	r0, .L11+4
  67 0024 FFF7FEFF 		bl	USBD_Start
  68              	.LVL3:
  69              		.loc 1 35 6 discriminator 1 view .LVU12
  70 0028 48B9     		cbnz	r0, .L10
  71              	.L1:
  36:USB_DEVICE/App/usb_device.c ****   {
  37:USB_DEVICE/App/usb_device.c ****     Error_Handler();
  38:USB_DEVICE/App/usb_device.c ****   }
  39:USB_DEVICE/App/usb_device.c **** }
  72              		.loc 1 39 1 view .LVU13
  73 002a 08BD     		pop	{r3, pc}
  74              	.L7:
  22:USB_DEVICE/App/usb_device.c ****   }
  75              		.loc 1 22 5 is_stmt 1 view .LVU14
ARM GAS  /tmp/ccWluYAK.s 			page 3


  76 002c FFF7FEFF 		bl	Error_Handler
  77              	.LVL4:
  78 0030 EDE7     		b	.L2
  79              	.L8:
  27:USB_DEVICE/App/usb_device.c ****   }
  80              		.loc 1 27 5 view .LVU15
  81 0032 FFF7FEFF 		bl	Error_Handler
  82              	.LVL5:
  83 0036 EFE7     		b	.L3
  84              	.L9:
  32:USB_DEVICE/App/usb_device.c ****   }
  85              		.loc 1 32 5 view .LVU16
  86 0038 FFF7FEFF 		bl	Error_Handler
  87              	.LVL6:
  88 003c F1E7     		b	.L4
  89              	.L10:
  37:USB_DEVICE/App/usb_device.c ****   }
  90              		.loc 1 37 5 view .LVU17
  91 003e FFF7FEFF 		bl	Error_Handler
  92              	.LVL7:
  93              		.loc 1 39 1 is_stmt 0 view .LVU18
  94 0042 F2E7     		b	.L1
  95              	.L12:
  96              		.align	2
  97              	.L11:
  98 0044 00000000 		.word	FS_Desc
  99 0048 00000000 		.word	hUsbDeviceFS
 100 004c 00000000 		.word	USBD_AUDIO
 101 0050 00000000 		.word	USBD_AUDIO_fops
 102              		.cfi_endproc
 103              	.LFE66:
 105              		.global	hUsbDeviceFS
 106              		.section	.bss.hUsbDeviceFS,"aw",%nobits
 107              		.align	2
 110              	hUsbDeviceFS:
 111 0000 00000000 		.space	732
 111      00000000 
 111      00000000 
 111      00000000 
 111      00000000 
 112              		.text
 113              	.Letext0:
 114              		.file 2 "/usr/lib/gcc/arm-none-eabi/13.2.1/include/stdint.h"
 115              		.file 3 "Middlewares/ST/STM32_USB_Device_Library/Core/Inc/usbd_def.h"
 116              		.file 4 "USB_DEVICE/App/usb_device.h"
 117              		.file 5 "USB_DEVICE/App/usbd_desc.h"
 118              		.file 6 "Middlewares/ST/STM32_USB_Device_Library/Class/AUDIO/Inc/usbd_audio.h"
 119              		.file 7 "USB_DEVICE/App/usbd_audio_if.h"
 120              		.file 8 "Middlewares/ST/STM32_USB_Device_Library/Core/Inc/usbd_core.h"
 121              		.file 9 "Core/Inc/main.h"
ARM GAS  /tmp/ccWluYAK.s 			page 4


DEFINED SYMBOLS
                            *ABS*:00000000 usb_device.c
     /tmp/ccWluYAK.s:19     .text.MX_USB_DEVICE_Init:00000000 $t
     /tmp/ccWluYAK.s:25     .text.MX_USB_DEVICE_Init:00000000 MX_USB_DEVICE_Init
     /tmp/ccWluYAK.s:98     .text.MX_USB_DEVICE_Init:00000044 $d
     /tmp/ccWluYAK.s:110    .bss.hUsbDeviceFS:00000000 hUsbDeviceFS
     /tmp/ccWluYAK.s:107    .bss.hUsbDeviceFS:00000000 $d

UNDEFINED SYMBOLS
USBD_Init
USBD_RegisterClass
USBD_AUDIO_RegisterInterface
USBD_Start
Error_Handler
FS_Desc
USBD_AUDIO
USBD_AUDIO_fops
